Info: Nothing to build for loragw_app
16:31:22 **** Incremental Build of configuration Debug for project loramote_app ****
Info: Internal Builder is used for build
arm-atollic-eabi-gcc -c ../src/task_forward.c -mthumb -mcpu=cortex-m3 -std=gnu11 -DSTM32 -DSTM32F1 -DSTM32F103C8Tx -DDEBUG -DSTM32F10X_MD -DUSE_STDPERIPH_DRIVER -I/home/mose/code/lorap/loramote_app/StdPeriph_Driver/inc -I/home/mose/code/lorap/loramote_app/inc -I/home/mose/code/lorap/loramote_app/CMSIS/device -I/home/mose/code/lorap/loramote_app/CMSIS/core -O0 -ffunction-sections -g3 -fstack-usage -Wall -specs=nano.specs -o src/task_forward.o 
arm-atollic-eabi-gcc -c ../src/drv_sensor.c -mthumb -mcpu=cortex-m3 -std=gnu11 -DSTM32 -DSTM32F1 -DSTM32F103C8Tx -DDEBUG -DSTM32F10X_MD -DUSE_STDPERIPH_DRIVER -I/home/mose/code/lorap/loramote_app/StdPeriph_Driver/inc -I/home/mose/code/lorap/loramote_app/inc -I/home/mose/code/lorap/loramote_app/CMSIS/device -I/home/mose/code/lorap/loramote_app/CMSIS/core -O0 -ffunction-sections -g3 -fstack-usage -Wall -specs=nano.specs -o src/drv_sensor.o 
arm-atollic-eabi-gcc -c ../src/drv_roadled.c -mthumb -mcpu=cortex-m3 -std=gnu11 -DSTM32 -DSTM32F1 -DSTM32F103C8Tx -DDEBUG -DSTM32F10X_MD -DUSE_STDPERIPH_DRIVER -I/home/mose/code/lorap/loramote_app/StdPeriph_Driver/inc -I/home/mose/code/lorap/loramote_app/inc -I/home/mose/code/lorap/loramote_app/CMSIS/device -I/home/mose/code/lorap/loramote_app/CMSIS/core -O0 -ffunction-sections -g3 -fstack-usage -Wall -specs=nano.specs -o src/drv_roadled.o 
arm-atollic-eabi-gcc -o loramote_app.elf CMSIS/core/core_cm3.o StdPeriph_Driver/src/misc.o StdPeriph_Driver/src/stm32f10x_adc.o StdPeriph_Driver/src/stm32f10x_bkp.o StdPeriph_Driver/src/stm32f10x_can.o StdPeriph_Driver/src/stm32f10x_cec.o StdPeriph_Driver/src/stm32f10x_crc.o StdPeriph_Driver/src/stm32f10x_dac.o StdPeriph_Driver/src/stm32f10x_dbgmcu.o StdPeriph_Driver/src/stm32f10x_dma.o StdPeriph_Driver/src/stm32f10x_exti.o StdPeriph_Driver/src/stm32f10x_flash.o StdPeriph_Driver/src/stm32f10x_fsmc.o StdPeriph_Driver/src/stm32f10x_gpio.o StdPeriph_Driver/src/stm32f10x_i2c.o StdPeriph_Driver/src/stm32f10x_iwdg.o StdPeriph_Driver/src/stm32f10x_pwr.o StdPeriph_Driver/src/stm32f10x_rcc.o StdPeriph_Driver/src/stm32f10x_rtc.o StdPeriph_Driver/src/stm32f10x_sdio.o StdPeriph_Driver/src/stm32f10x_spi.o StdPeriph_Driver/src/stm32f10x_tim.o StdPeriph_Driver/src/stm32f10x_usart.o StdPeriph_Driver/src/stm32f10x_wwdg.o src/drv_ds18b20.o src/drv_exti.o src/drv_flash.o src/drv_gpio.o src/drv_itemp.o src/drv_iwdg.o src/drv_roadled.o src/drv_sensor.o src/drv_spi.o src/drv_sx1278.o src/drv_timer.o src/drv_usart.o src/global.o src/main.o src/syscalls.o src/system_stm32f10x.o src/task.o src/task_forward.o src/task_irqcall.o src/task_sensor.o src/tools_lib.o startup/startup_stm32.o -mthumb -mcpu=cortex-m3 -T/home/mose/code/lorap/loramote_app/LinkerScript.ld -specs=nosys.specs -static -Wl,-cref,-u,Reset_Handler -Wl,-Map=loramote_app.map -Wl,--gc-sections -Wl,--defsym=malloc_getpagesize_P=0x80 -Wl,--start-group -lc -lm -Wl,--end-group -specs=nano.specs 
/opt/Atollic_TrueSTUDIO_for_STM32_x86_64_9.1.0/ide/jre/bin/java -jar /opt/Atollic_TrueSTUDIO_for_STM32_x86_64_9.1.0/Tools/arm-atollic-reports.jar sizeinfo list loramote_app.elf 
Generate build reports...
Print size information
   text	   data	    bss	    dec	    hex	filename
  15272	     28	   6332	  21632	   5480	loramote_app.elf
Print size information done
Generate listing file
Output sent to: loramote_app.list
Generate listing file done
Generate build reports done
/opt/Atollic_TrueSTUDIO_for_STM32_x86_64_9.1.0/ARMTools/bin/arm-atollic-eabi-objcopy -O ihex loramote_app.elf loramote_app.hex 
/opt/Atollic_TrueSTUDIO_for_STM32_x86_64_9.1.0/ARMTools/bin/arm-atollic-eabi-objcopy -O binary loramote_app.elf loramote_app.bin 
/opt/Atollic_TrueSTUDIO_for_STM32_x86_64_9.1.0/ARMTools/bin/arm-atollic-eabi-size loramote_app.elf 
   text	   data	    bss	    dec	    hex	filename
  15272	     28	   6332	  21632	   5480	loramote_app.elf
16:32:25 **** Incremental Build of configuration Debug for project loramote_app ****
Info: Internal Builder is used for build
arm-atollic-eabi-gcc -c ../src/task_sensor.c -mthumb -mcpu=cortex-m3 -std=gnu11 -DSTM32 -DSTM32F1 -DSTM32F103C8Tx -DDEBUG -DSTM32F10X_MD -DUSE_STDPERIPH_DRIVER -I/home/mose/code/lorap/loramote_app/StdPeriph_Driver/inc -I/home/mose/code/lorap/loramote_app/inc -I/home/mose/code/lorap/loramote_app/CMSIS/device -I/home/mose/code/lorap/loramote_app/CMSIS/core -O0 -ffunction-sections -g3 -fstack-usage -Wall -specs=nano.specs -o src/task_sensor.o 
arm-atollic-eabi-gcc -o loramote_app.elf CMSIS/core/core_cm3.o StdPeriph_Driver/src/misc.o StdPeriph_Driver/src/stm32f10x_adc.o StdPeriph_Driver/src/stm32f10x_bkp.o StdPeriph_Driver/src/stm32f10x_can.o StdPeriph_Driver/src/stm32f10x_cec.o StdPeriph_Driver/src/stm32f10x_crc.o StdPeriph_Driver/src/stm32f10x_dac.o StdPeriph_Driver/src/stm32f10x_dbgmcu.o StdPeriph_Driver/src/stm32f10x_dma.o StdPeriph_Driver/src/stm32f10x_exti.o StdPeriph_Driver/src/stm32f10x_flash.o StdPeriph_Driver/src/stm32f10x_fsmc.o StdPeriph_Driver/src/stm32f10x_gpio.o StdPeriph_Driver/src/stm32f10x_i2c.o StdPeriph_Driver/src/stm32f10x_iwdg.o StdPeriph_Driver/src/stm32f10x_pwr.o StdPeriph_Driver/src/stm32f10x_rcc.o StdPeriph_Driver/src/stm32f10x_rtc.o StdPeriph_Driver/src/stm32f10x_sdio.o StdPeriph_Driver/src/stm32f10x_spi.o StdPeriph_Driver/src/stm32f10x_tim.o StdPeriph_Driver/src/stm32f10x_usart.o StdPeriph_Driver/src/stm32f10x_wwdg.o src/drv_ds18b20.o src/drv_exti.o src/drv_flash.o src/drv_gpio.o src/drv_itemp.o src/drv_iwdg.o src/drv_roadled.o src/drv_sensor.o src/drv_spi.o src/drv_sx1278.o src/drv_timer.o src/drv_usart.o src/global.o src/main.o src/syscalls.o src/system_stm32f10x.o src/task.o src/task_forward.o src/task_irqcall.o src/task_sensor.o src/tools_lib.o startup/startup_stm32.o -mthumb -mcpu=cortex-m3 -T/home/mose/code/lorap/loramote_app/LinkerScript.ld -specs=nosys.specs -static -Wl,-cref,-u,Reset_Handler -Wl,-Map=loramote_app.map -Wl,--gc-sections -Wl,--defsym=malloc_getpagesize_P=0x80 -Wl,--start-group -lc -lm -Wl,--end-group -specs=nano.specs 
/opt/Atollic_TrueSTUDIO_for_STM32_x86_64_9.1.0/ide/jre/bin/java -jar /opt/Atollic_TrueSTUDIO_for_STM32_x86_64_9.1.0/Tools/arm-atollic-reports.jar sizeinfo list loramote_app.elf 
Generate build reports...
Print size information
   text	   data	    bss	    dec	    hex	filename
  15296	     28	   6332	  21656	   5498	loramote_app.elf
Print size information done
Generate listing file
Output sent to: loramote_app.list
Generate listing file done
Generate build reports done
/opt/Atollic_TrueSTUDIO_for_STM32_x86_64_9.1.0/ARMTools/bin/arm-atollic-eabi-objcopy -O ihex loramote_app.elf loramote_app.hex 
/opt/Atollic_TrueSTUDIO_for_STM32_x86_64_9.1.0/ARMTools/bin/arm-atollic-eabi-objcopy -O binary loramote_app.elf loramote_app.bin 
/opt/Atollic_TrueSTUDIO_for_STM32_x86_64_9.1.0/ARMTools/bin/arm-atollic-eabi-size loramote_app.elf 
   text	   data	    bss	    dec	    hex	filename
  15296	     28	   6332	  21656	   5498	loramote_app.elf
16:33:33 **** Incremental Build of configuration Debug for project loramote_app ****
Info: Internal Builder is used for build
arm-atollic-eabi-gcc -c ../src/main.c -mthumb -mcpu=cortex-m3 -std=gnu11 -DSTM32 -DSTM32F1 -DSTM32F103C8Tx -DDEBUG -DSTM32F10X_MD -DUSE_STDPERIPH_DRIVER -I/home/mose/code/lorap/loramote_app/StdPeriph_Driver/inc -I/home/mose/code/lorap/loramote_app/inc -I/home/mose/code/lorap/loramote_app/CMSIS/device -I/home/mose/code/lorap/loramote_app/CMSIS/core -O0 -ffunction-sections -g3 -fstack-usage -Wall -specs=nano.specs -o src/main.o 
arm-atollic-eabi-gcc -c ../src/task_sensor.c -mthumb -mcpu=cortex-m3 -std=gnu11 -DSTM32 -DSTM32F1 -DSTM32F103C8Tx -DDEBUG -DSTM32F10X_MD -DUSE_STDPERIPH_DRIVER -I/home/mose/code/lorap/loramote_app/StdPeriph_Driver/inc -I/home/mose/code/lorap/loramote_app/inc -I/home/mose/code/lorap/loramote_app/CMSIS/device -I/home/mose/code/lorap/loramote_app/CMSIS/core -O0 -ffunction-sections -g3 -fstack-usage -Wall -specs=nano.specs -o src/task_sensor.o 
arm-atollic-eabi-gcc -o loramote_app.elf CMSIS/core/core_cm3.o StdPeriph_Driver/src/misc.o StdPeriph_Driver/src/stm32f10x_adc.o StdPeriph_Driver/src/stm32f10x_bkp.o StdPeriph_Driver/src/stm32f10x_can.o StdPeriph_Driver/src/stm32f10x_cec.o StdPeriph_Driver/src/stm32f10x_crc.o StdPeriph_Driver/src/stm32f10x_dac.o StdPeriph_Driver/src/stm32f10x_dbgmcu.o StdPeriph_Driver/src/stm32f10x_dma.o StdPeriph_Driver/src/stm32f10x_exti.o StdPeriph_Driver/src/stm32f10x_flash.o StdPeriph_Driver/src/stm32f10x_fsmc.o StdPeriph_Driver/src/stm32f10x_gpio.o StdPeriph_Driver/src/stm32f10x_i2c.o StdPeriph_Driver/src/stm32f10x_iwdg.o StdPeriph_Driver/src/stm32f10x_pwr.o StdPeriph_Driver/src/stm32f10x_rcc.o StdPeriph_Driver/src/stm32f10x_rtc.o StdPeriph_Driver/src/stm32f10x_sdio.o StdPeriph_Driver/src/stm32f10x_spi.o StdPeriph_Driver/src/stm32f10x_tim.o StdPeriph_Driver/src/stm32f10x_usart.o StdPeriph_Driver/src/stm32f10x_wwdg.o src/drv_ds18b20.o src/drv_exti.o src/drv_flash.o src/drv_gpio.o src/drv_itemp.o src/drv_iwdg.o src/drv_roadled.o src/drv_sensor.o src/drv_spi.o src/drv_sx1278.o src/drv_timer.o src/drv_usart.o src/global.o src/main.o src/syscalls.o src/system_stm32f10x.o src/task.o src/task_forward.o src/task_irqcall.o src/task_sensor.o src/tools_lib.o startup/startup_stm32.o -mthumb -mcpu=cortex-m3 -T/home/mose/code/lorap/loramote_app/LinkerScript.ld -specs=nosys.specs -static -Wl,-cref,-u,Reset_Handler -Wl,-Map=loramote_app.map -Wl,--gc-sections -Wl,--defsym=malloc_getpagesize_P=0x80 -Wl,--start-group -lc -lm -Wl,--end-group -specs=nano.specs 
/opt/Atollic_TrueSTUDIO_for_STM32_x86_64_9.1.0/ide/jre/bin/java -jar /opt/Atollic_TrueSTUDIO_for_STM32_x86_64_9.1.0/Tools/arm-atollic-reports.jar sizeinfo list loramote_app.elf 
Generate build reports...
Print size information
   text	   data	    bss	    dec	    hex	filename
  15300	     28	   6332	  21660	   549c	loramote_app.elf
Print size information done
Generate listing file
Output sent to: loramote_app.list
Generate listing file done
Generate build reports done
/opt/Atollic_TrueSTUDIO_for_STM32_x86_64_9.1.0/ARMTools/bin/arm-atollic-eabi-objcopy -O ihex loramote_app.elf loramote_app.hex 
/opt/Atollic_TrueSTUDIO_for_STM32_x86_64_9.1.0/ARMTools/bin/arm-atollic-eabi-objcopy -O binary loramote_app.elf loramote_app.bin 
/opt/Atollic_TrueSTUDIO_for_STM32_x86_64_9.1.0/ARMTools/bin/arm-atollic-eabi-size loramote_app.elf 
   text	   data	    bss	    dec	    hex	filename
  15300	     28	   6332	  21660	   549c	loramote_app.elf
16:35:06 **** Incremental Build of configuration Debug for project loramote_app ****
Info: Internal Builder is used for build
arm-atollic-eabi-gcc -c ../src/drv_roadled.c -mthumb -mcpu=cortex-m3 -std=gnu11 -DSTM32 -DSTM32F1 -DSTM32F103C8Tx -DDEBUG -DSTM32F10X_MD -DUSE_STDPERIPH_DRIVER -I/home/mose/code/lorap/loramote_app/StdPeriph_Driver/inc -I/home/mose/code/lorap/loramote_app/inc -I/home/mose/code/lorap/loramote_app/CMSIS/device -I/home/mose/code/lorap/loramote_app/CMSIS/core -O0 -ffunction-sections -g3 -fstack-usage -Wall -specs=nano.specs -o src/drv_roadled.o 
../src/drv_roadled.c: In function 'init_roadled':
../src/drv_roadled.c:12:3: warning: implicit declaration of function 'gpio_init' [-Wimplicit-function-declaration]
   gpio_init(ROADLED_PIN, ROADLED_GPIO, GPIO_Speed_2MHz, GPIO_Mode_Out_PP);
   ^~~~~~~~~
arm-atollic-eabi-gcc -o loramote_app.elf CMSIS/core/core_cm3.o StdPeriph_Driver/src/misc.o StdPeriph_Driver/src/stm32f10x_adc.o StdPeriph_Driver/src/stm32f10x_bkp.o StdPeriph_Driver/src/stm32f10x_can.o StdPeriph_Driver/src/stm32f10x_cec.o StdPeriph_Driver/src/stm32f10x_crc.o StdPeriph_Driver/src/stm32f10x_dac.o StdPeriph_Driver/src/stm32f10x_dbgmcu.o StdPeriph_Driver/src/stm32f10x_dma.o StdPeriph_Driver/src/stm32f10x_exti.o StdPeriph_Driver/src/stm32f10x_flash.o StdPeriph_Driver/src/stm32f10x_fsmc.o StdPeriph_Driver/src/stm32f10x_gpio.o StdPeriph_Driver/src/stm32f10x_i2c.o StdPeriph_Driver/src/stm32f10x_iwdg.o StdPeriph_Driver/src/stm32f10x_pwr.o StdPeriph_Driver/src/stm32f10x_rcc.o StdPeriph_Driver/src/stm32f10x_rtc.o StdPeriph_Driver/src/stm32f10x_sdio.o StdPeriph_Driver/src/stm32f10x_spi.o StdPeriph_Driver/src/stm32f10x_tim.o StdPeriph_Driver/src/stm32f10x_usart.o StdPeriph_Driver/src/stm32f10x_wwdg.o src/drv_ds18b20.o src/drv_exti.o src/drv_flash.o src/drv_gpio.o src/drv_itemp.o src/drv_iwdg.o src/drv_roadled.o src/drv_sensor.o src/drv_spi.o src/drv_sx1278.o src/drv_timer.o src/drv_usart.o src/global.o src/main.o src/syscalls.o src/system_stm32f10x.o src/task.o src/task_forward.o src/task_irqcall.o src/task_sensor.o src/tools_lib.o startup/startup_stm32.o -mthumb -mcpu=cortex-m3 -T/home/mose/code/lorap/loramote_app/LinkerScript.ld -specs=nosys.specs -static -Wl,-cref,-u,Reset_Handler -Wl,-Map=loramote_app.map -Wl,--gc-sections -Wl,--defsym=malloc_getpagesize_P=0x80 -Wl,--start-group -lc -lm -Wl,--end-group -specs=nano.specs 
/opt/Atollic_TrueSTUDIO_for_STM32_x86_64_9.1.0/ide/jre/bin/java -jar /opt/Atollic_TrueSTUDIO_for_STM32_x86_64_9.1.0/Tools/arm-atollic-reports.jar sizeinfo list loramote_app.elf 
Generate build reports...
Print size information
   text	   data	    bss	    dec	    hex	filename
  15328	     28	   6332	  21688	   54b8	loramote_app.elf
Print size information done
Generate listing file
Output sent to: loramote_app.list
Generate listing file done
Generate build reports done
/opt/Atollic_TrueSTUDIO_for_STM32_x86_64_9.1.0/ARMTools/bin/arm-atollic-eabi-objcopy -O ihex loramote_app.elf loramote_app.hex 
/opt/Atollic_TrueSTUDIO_for_STM32_x86_64_9.1.0/ARMTools/bin/arm-atollic-eabi-objcopy -O binary loramote_app.elf loramote_app.bin 
/opt/Atollic_TrueSTUDIO_for_STM32_x86_64_9.1.0/ARMTools/bin/arm-atollic-eabi-size loramote_app.elf 
   text	   data	    bss	    dec	    hex	filename
  15328	     28	   6332	  21688	   54b8	loramote_app.elf
16:35:17 **** Incremental Build of configuration Debug for project loramote_app ****
Info: Internal Builder is used for build
arm-atollic-eabi-gcc -c ../src/drv_roadled.c -mthumb -mcpu=cortex-m3 -std=gnu11 -DSTM32 -DSTM32F1 -DSTM32F103C8Tx -DDEBUG -DSTM32F10X_MD -DUSE_STDPERIPH_DRIVER -I/home/mose/code/lorap/loramote_app/StdPeriph_Driver/inc -I/home/mose/code/lorap/loramote_app/inc -I/home/mose/code/lorap/loramote_app/CMSIS/device -I/home/mose/code/lorap/loramote_app/CMSIS/core -O0 -ffunction-sections -g3 -fstack-usage -Wall -specs=nano.specs -o src/drv_roadled.o 
arm-atollic-eabi-gcc -o loramote_app.elf CMSIS/core/core_cm3.o StdPeriph_Driver/src/misc.o StdPeriph_Driver/src/stm32f10x_adc.o StdPeriph_Driver/src/stm32f10x_bkp.o StdPeriph_Driver/src/stm32f10x_can.o StdPeriph_Driver/src/stm32f10x_cec.o StdPeriph_Driver/src/stm32f10x_crc.o StdPeriph_Driver/src/stm32f10x_dac.o StdPeriph_Driver/src/stm32f10x_dbgmcu.o StdPeriph_Driver/src/stm32f10x_dma.o StdPeriph_Driver/src/stm32f10x_exti.o StdPeriph_Driver/src/stm32f10x_flash.o StdPeriph_Driver/src/stm32f10x_fsmc.o StdPeriph_Driver/src/stm32f10x_gpio.o StdPeriph_Driver/src/stm32f10x_i2c.o StdPeriph_Driver/src/stm32f10x_iwdg.o StdPeriph_Driver/src/stm32f10x_pwr.o StdPeriph_Driver/src/stm32f10x_rcc.o StdPeriph_Driver/src/stm32f10x_rtc.o StdPeriph_Driver/src/stm32f10x_sdio.o StdPeriph_Driver/src/stm32f10x_spi.o StdPeriph_Driver/src/stm32f10x_tim.o StdPeriph_Driver/src/stm32f10x_usart.o StdPeriph_Driver/src/stm32f10x_wwdg.o src/drv_ds18b20.o src/drv_exti.o src/drv_flash.o src/drv_gpio.o src/drv_itemp.o src/drv_iwdg.o src/drv_roadled.o src/drv_sensor.o src/drv_spi.o src/drv_sx1278.o src/drv_timer.o src/drv_usart.o src/global.o src/main.o src/syscalls.o src/system_stm32f10x.o src/task.o src/task_forward.o src/task_irqcall.o src/task_sensor.o src/tools_lib.o startup/startup_stm32.o -mthumb -mcpu=cortex-m3 -T/home/mose/code/lorap/loramote_app/LinkerScript.ld -specs=nosys.specs -static -Wl,-cref,-u,Reset_Handler -Wl,-Map=loramote_app.map -Wl,--gc-sections -Wl,--defsym=malloc_getpagesize_P=0x80 -Wl,--start-group -lc -lm -Wl,--end-group -specs=nano.specs 
/opt/Atollic_TrueSTUDIO_for_STM32_x86_64_9.1.0/ide/jre/bin/java -jar /opt/Atollic_TrueSTUDIO_for_STM32_x86_64_9.1.0/Tools/arm-atollic-reports.jar sizeinfo list loramote_app.elf 
Generate build reports...
Print size information
   text	   data	    bss	    dec	    hex	filename
  15328	     28	   6332	  21688	   54b8	loramote_app.elf
Print size information done
Generate listing file
Output sent to: loramote_app.list
Generate listing file done
Generate build reports done
/opt/Atollic_TrueSTUDIO_for_STM32_x86_64_9.1.0/ARMTools/bin/arm-atollic-eabi-objcopy -O ihex loramote_app.elf loramote_app.hex 
/opt/Atollic_TrueSTUDIO_for_STM32_x86_64_9.1.0/ARMTools/bin/arm-atollic-eabi-objcopy -O binary loramote_app.elf loramote_app.bin 
/opt/Atollic_TrueSTUDIO_for_STM32_x86_64_9.1.0/ARMTools/bin/arm-atollic-eabi-size loramote_app.elf 
   text	   data	    bss	    dec	    hex	filename
  15328	     28	   6332	  21688	   54b8	loramote_app.elf
16:40:42 **** Incremental Build of configuration Debug for project loramote_app ****
Info: Internal Builder is used for build
arm-atollic-eabi-gcc -c ../src/drv_roadled.c -mthumb -mcpu=cortex-m3 -std=gnu11 -DSTM32 -DSTM32F1 -DSTM32F103C8Tx -DDEBUG -DSTM32F10X_MD -DUSE_STDPERIPH_DRIVER -I/home/mose/code/lorap/loramote_app/StdPeriph_Driver/inc -I/home/mose/code/lorap/loramote_app/inc -I/home/mose/code/lorap/loramote_app/CMSIS/device -I/home/mose/code/lorap/loramote_app/CMSIS/core -O0 -ffunction-sections -g3 -fstack-usage -Wall -specs=nano.specs -o src/drv_roadled.o 
arm-atollic-eabi-gcc -o loramote_app.elf CMSIS/core/core_cm3.o StdPeriph_Driver/src/misc.o StdPeriph_Driver/src/stm32f10x_adc.o StdPeriph_Driver/src/stm32f10x_bkp.o StdPeriph_Driver/src/stm32f10x_can.o StdPeriph_Driver/src/stm32f10x_cec.o StdPeriph_Driver/src/stm32f10x_crc.o StdPeriph_Driver/src/stm32f10x_dac.o StdPeriph_Driver/src/stm32f10x_dbgmcu.o StdPeriph_Driver/src/stm32f10x_dma.o StdPeriph_Driver/src/stm32f10x_exti.o StdPeriph_Driver/src/stm32f10x_flash.o StdPeriph_Driver/src/stm32f10x_fsmc.o StdPeriph_Driver/src/stm32f10x_gpio.o StdPeriph_Driver/src/stm32f10x_i2c.o StdPeriph_Driver/src/stm32f10x_iwdg.o StdPeriph_Driver/src/stm32f10x_pwr.o StdPeriph_Driver/src/stm32f10x_rcc.o StdPeriph_Driver/src/stm32f10x_rtc.o StdPeriph_Driver/src/stm32f10x_sdio.o StdPeriph_Driver/src/stm32f10x_spi.o StdPeriph_Driver/src/stm32f10x_tim.o StdPeriph_Driver/src/stm32f10x_usart.o StdPeriph_Driver/src/stm32f10x_wwdg.o src/drv_ds18b20.o src/drv_exti.o src/drv_flash.o src/drv_gpio.o src/drv_itemp.o src/drv_iwdg.o src/drv_roadled.o src/drv_sensor.o src/drv_spi.o src/drv_sx1278.o src/drv_timer.o src/drv_usart.o src/global.o src/main.o src/syscalls.o src/system_stm32f10x.o src/task.o src/task_forward.o src/task_irqcall.o src/task_sensor.o src/tools_lib.o startup/startup_stm32.o -mthumb -mcpu=cortex-m3 -T/home/mose/code/lorap/loramote_app/LinkerScript.ld -specs=nosys.specs -static -Wl,-cref,-u,Reset_Handler -Wl,-Map=loramote_app.map -Wl,--gc-sections -Wl,--defsym=malloc_getpagesize_P=0x80 -Wl,--start-group -lc -lm -Wl,--end-group -specs=nano.specs 
/opt/Atollic_TrueSTUDIO_for_STM32_x86_64_9.1.0/ide/jre/bin/java -jar /opt/Atollic_TrueSTUDIO_for_STM32_x86_64_9.1.0/Tools/arm-atollic-reports.jar sizeinfo list loramote_app.elf 
Generate build reports...
Print size information
   text	   data	    bss	    dec	    hex	filename
  15328	     28	   6332	  21688	   54b8	loramote_app.elf
Print size information done
Generate listing file
Output sent to: loramote_app.list
Generate listing file done
Generate build reports done
/opt/Atollic_TrueSTUDIO_for_STM32_x86_64_9.1.0/ARMTools/bin/arm-atollic-eabi-objcopy -O ihex loramote_app.elf loramote_app.hex 
/opt/Atollic_TrueSTUDIO_for_STM32_x86_64_9.1.0/ARMTools/bin/arm-atollic-eabi-objcopy -O binary loramote_app.elf loramote_app.bin 
/opt/Atollic_TrueSTUDIO_for_STM32_x86_64_9.1.0/ARMTools/bin/arm-atollic-eabi-size loramote_app.elf 
   text	   data	    bss	    dec	    hex	filename
  15328	     28	   6332	  21688	   54b8	loramote_app.elf
16:41:38 **** Incremental Build of configuration Debug for project loramote_app ****
Info: Internal Builder is used for build
arm-atollic-eabi-gcc -c ../src/drv_roadled.c -mthumb -mcpu=cortex-m3 -std=gnu11 -DSTM32 -DSTM32F1 -DSTM32F103C8Tx -DDEBUG -DSTM32F10X_MD -DUSE_STDPERIPH_DRIVER -I/home/mose/code/lorap/loramote_app/StdPeriph_Driver/inc -I/home/mose/code/lorap/loramote_app/inc -I/home/mose/code/lorap/loramote_app/CMSIS/device -I/home/mose/code/lorap/loramote_app/CMSIS/core -O0 -ffunction-sections -g3 -fstack-usage -Wall -specs=nano.specs -o src/drv_roadled.o 
../src/drv_roadled.c: In function 'roadled_set':
../src/drv_roadled.c:21:41: error: 'ON' undeclared (first use in this function)
     gpio_set(ROADLED_GPIO, ROADLED_PIN, ON);
                                         ^~
../src/drv_roadled.c:21:41: note: each undeclared identifier is reported only once for each function it appears in
../src/drv_roadled.c:25:43: error: 'OFF' undeclared (first use in this function)
       gpio_set(ROADLED_GPIO, ROADLED_PIN, OFF);
                                           ^~~
16:42:06 **** Incremental Build of configuration Debug for project loramote_app ****
Info: Internal Builder is used for build
arm-atollic-eabi-gcc -c ../src/drv_roadled.c -mthumb -mcpu=cortex-m3 -std=gnu11 -DSTM32 -DSTM32F1 -DSTM32F103C8Tx -DDEBUG -DSTM32F10X_MD -DUSE_STDPERIPH_DRIVER -I/home/mose/code/lorap/loramote_app/StdPeriph_Driver/inc -I/home/mose/code/lorap/loramote_app/inc -I/home/mose/code/lorap/loramote_app/CMSIS/device -I/home/mose/code/lorap/loramote_app/CMSIS/core -O0 -ffunction-sections -g3 -fstack-usage -Wall -specs=nano.specs -o src/drv_roadled.o 
arm-atollic-eabi-gcc -o loramote_app.elf CMSIS/core/core_cm3.o StdPeriph_Driver/src/misc.o StdPeriph_Driver/src/stm32f10x_adc.o StdPeriph_Driver/src/stm32f10x_bkp.o StdPeriph_Driver/src/stm32f10x_can.o StdPeriph_Driver/src/stm32f10x_cec.o StdPeriph_Driver/src/stm32f10x_crc.o StdPeriph_Driver/src/stm32f10x_dac.o StdPeriph_Driver/src/stm32f10x_dbgmcu.o StdPeriph_Driver/src/stm32f10x_dma.o StdPeriph_Driver/src/stm32f10x_exti.o StdPeriph_Driver/src/stm32f10x_flash.o StdPeriph_Driver/src/stm32f10x_fsmc.o StdPeriph_Driver/src/stm32f10x_gpio.o StdPeriph_Driver/src/stm32f10x_i2c.o StdPeriph_Driver/src/stm32f10x_iwdg.o StdPeriph_Driver/src/stm32f10x_pwr.o StdPeriph_Driver/src/stm32f10x_rcc.o StdPeriph_Driver/src/stm32f10x_rtc.o StdPeriph_Driver/src/stm32f10x_sdio.o StdPeriph_Driver/src/stm32f10x_spi.o StdPeriph_Driver/src/stm32f10x_tim.o StdPeriph_Driver/src/stm32f10x_usart.o StdPeriph_Driver/src/stm32f10x_wwdg.o src/drv_ds18b20.o src/drv_exti.o src/drv_flash.o src/drv_gpio.o src/drv_itemp.o src/drv_iwdg.o src/drv_roadled.o src/drv_sensor.o src/drv_spi.o src/drv_sx1278.o src/drv_timer.o src/drv_usart.o src/global.o src/main.o src/syscalls.o src/system_stm32f10x.o src/task.o src/task_forward.o src/task_irqcall.o src/task_sensor.o src/tools_lib.o startup/startup_stm32.o -mthumb -mcpu=cortex-m3 -T/home/mose/code/lorap/loramote_app/LinkerScript.ld -specs=nosys.specs -static -Wl,-cref,-u,Reset_Handler -Wl,-Map=loramote_app.map -Wl,--gc-sections -Wl,--defsym=malloc_getpagesize_P=0x80 -Wl,--start-group -lc -lm -Wl,--end-group -specs=nano.specs 
/opt/Atollic_TrueSTUDIO_for_STM32_x86_64_9.1.0/ide/jre/bin/java -jar /opt/Atollic_TrueSTUDIO_for_STM32_x86_64_9.1.0/Tools/arm-atollic-reports.jar sizeinfo list loramote_app.elf 
Generate build reports...
Print size information
   text	   data	    bss	    dec	    hex	filename
  15328	     28	   6332	  21688	   54b8	loramote_app.elf
Print size information done
Generate listing file
Output sent to: loramote_app.list
Generate listing file done
Generate build reports done
/opt/Atollic_TrueSTUDIO_for_STM32_x86_64_9.1.0/ARMTools/bin/arm-atollic-eabi-objcopy -O ihex loramote_app.elf loramote_app.hex 
/opt/Atollic_TrueSTUDIO_for_STM32_x86_64_9.1.0/ARMTools/bin/arm-atollic-eabi-objcopy -O binary loramote_app.elf loramote_app.bin 
/opt/Atollic_TrueSTUDIO_for_STM32_x86_64_9.1.0/ARMTools/bin/arm-atollic-eabi-size loramote_app.elf 
   text	   data	    bss	    dec	    hex	filename
  15328	     28	   6332	  21688	   54b8	loramote_app.elf
16:42:10 **** Incremental Build of configuration Debug for project loramote_app ****
Info: Internal Builder is used for build
arm-atollic-eabi-gcc -c ../src/drv_roadled.c -mthumb -mcpu=cortex-m3 -std=gnu11 -DSTM32 -DSTM32F1 -DSTM32F103C8Tx -DDEBUG -DSTM32F10X_MD -DUSE_STDPERIPH_DRIVER -I/home/mose/code/lorap/loramote_app/StdPeriph_Driver/inc -I/home/mose/code/lorap/loramote_app/inc -I/home/mose/code/lorap/loramote_app/CMSIS/device -I/home/mose/code/lorap/loramote_app/CMSIS/core -O0 -ffunction-sections -g3 -fstack-usage -Wall -specs=nano.specs -o src/drv_roadled.o 
arm-atollic-eabi-gcc -o loramote_app.elf CMSIS/core/core_cm3.o StdPeriph_Driver/src/misc.o StdPeriph_Driver/src/stm32f10x_adc.o StdPeriph_Driver/src/stm32f10x_bkp.o StdPeriph_Driver/src/stm32f10x_can.o StdPeriph_Driver/src/stm32f10x_cec.o StdPeriph_Driver/src/stm32f10x_crc.o StdPeriph_Driver/src/stm32f10x_dac.o StdPeriph_Driver/src/stm32f10x_dbgmcu.o StdPeriph_Driver/src/stm32f10x_dma.o StdPeriph_Driver/src/stm32f10x_exti.o StdPeriph_Driver/src/stm32f10x_flash.o StdPeriph_Driver/src/stm32f10x_fsmc.o StdPeriph_Driver/src/stm32f10x_gpio.o StdPeriph_Driver/src/stm32f10x_i2c.o StdPeriph_Driver/src/stm32f10x_iwdg.o StdPeriph_Driver/src/stm32f10x_pwr.o StdPeriph_Driver/src/stm32f10x_rcc.o StdPeriph_Driver/src/stm32f10x_rtc.o StdPeriph_Driver/src/stm32f10x_sdio.o StdPeriph_Driver/src/stm32f10x_spi.o StdPeriph_Driver/src/stm32f10x_tim.o StdPeriph_Driver/src/stm32f10x_usart.o StdPeriph_Driver/src/stm32f10x_wwdg.o src/drv_ds18b20.o src/drv_exti.o src/drv_flash.o src/drv_gpio.o src/drv_itemp.o src/drv_iwdg.o src/drv_roadled.o src/drv_sensor.o src/drv_spi.o src/drv_sx1278.o src/drv_timer.o src/drv_usart.o src/global.o src/main.o src/syscalls.o src/system_stm32f10x.o src/task.o src/task_forward.o src/task_irqcall.o src/task_sensor.o src/tools_lib.o startup/startup_stm32.o -mthumb -mcpu=cortex-m3 -T/home/mose/code/lorap/loramote_app/LinkerScript.ld -specs=nosys.specs -static -Wl,-cref,-u,Reset_Handler -Wl,-Map=loramote_app.map -Wl,--gc-sections -Wl,--defsym=malloc_getpagesize_P=0x80 -Wl,--start-group -lc -lm -Wl,--end-group -specs=nano.specs 
/opt/Atollic_TrueSTUDIO_for_STM32_x86_64_9.1.0/ide/jre/bin/java -jar /opt/Atollic_TrueSTUDIO_for_STM32_x86_64_9.1.0/Tools/arm-atollic-reports.jar sizeinfo list loramote_app.elf 
Generate build reports...
Print size information
   text	   data	    bss	    dec	    hex	filename
  15328	     28	   6332	  21688	   54b8	loramote_app.elf
Print size information done
Generate listing file
Output sent to: loramote_app.list
Generate listing file done
Generate build reports done
/opt/Atollic_TrueSTUDIO_for_STM32_x86_64_9.1.0/ARMTools/bin/arm-atollic-eabi-objcopy -O ihex loramote_app.elf loramote_app.hex 
/opt/Atollic_TrueSTUDIO_for_STM32_x86_64_9.1.0/ARMTools/bin/arm-atollic-eabi-objcopy -O binary loramote_app.elf loramote_app.bin 
/opt/Atollic_TrueSTUDIO_for_STM32_x86_64_9.1.0/ARMTools/bin/arm-atollic-eabi-size loramote_app.elf 
   text	   data	    bss	    dec	    hex	filename
  15328	     28	   6332	  21688	   54b8	loramote_app.elf
16:43:00 **** Incremental Build of configuration Debug for project loramote_app ****
Info: Internal Builder is used for build
arm-atollic-eabi-gcc -c ../src/drv_roadled.c -mthumb -mcpu=cortex-m3 -std=gnu11 -DSTM32 -DSTM32F1 -DSTM32F103C8Tx -DDEBUG -DSTM32F10X_MD -DUSE_STDPERIPH_DRIVER -I/home/mose/code/lorap/loramote_app/StdPeriph_Driver/inc -I/home/mose/code/lorap/loramote_app/inc -I/home/mose/code/lorap/loramote_app/CMSIS/device -I/home/mose/code/lorap/loramote_app/CMSIS/core -O0 -ffunction-sections -g3 -fstack-usage -Wall -specs=nano.specs -o src/drv_roadled.o 
arm-atollic-eabi-gcc -o loramote_app.elf CMSIS/core/core_cm3.o StdPeriph_Driver/src/misc.o StdPeriph_Driver/src/stm32f10x_adc.o StdPeriph_Driver/src/stm32f10x_bkp.o StdPeriph_Driver/src/stm32f10x_can.o StdPeriph_Driver/src/stm32f10x_cec.o StdPeriph_Driver/src/stm32f10x_crc.o StdPeriph_Driver/src/stm32f10x_dac.o StdPeriph_Driver/src/stm32f10x_dbgmcu.o StdPeriph_Driver/src/stm32f10x_dma.o StdPeriph_Driver/src/stm32f10x_exti.o StdPeriph_Driver/src/stm32f10x_flash.o StdPeriph_Driver/src/stm32f10x_fsmc.o StdPeriph_Driver/src/stm32f10x_gpio.o StdPeriph_Driver/src/stm32f10x_i2c.o StdPeriph_Driver/src/stm32f10x_iwdg.o StdPeriph_Driver/src/stm32f10x_pwr.o StdPeriph_Driver/src/stm32f10x_rcc.o StdPeriph_Driver/src/stm32f10x_rtc.o StdPeriph_Driver/src/stm32f10x_sdio.o StdPeriph_Driver/src/stm32f10x_spi.o StdPeriph_Driver/src/stm32f10x_tim.o StdPeriph_Driver/src/stm32f10x_usart.o StdPeriph_Driver/src/stm32f10x_wwdg.o src/drv_ds18b20.o src/drv_exti.o src/drv_flash.o src/drv_gpio.o src/drv_itemp.o src/drv_iwdg.o src/drv_roadled.o src/drv_sensor.o src/drv_spi.o src/drv_sx1278.o src/drv_timer.o src/drv_usart.o src/global.o src/main.o src/syscalls.o src/system_stm32f10x.o src/task.o src/task_forward.o src/task_irqcall.o src/task_sensor.o src/tools_lib.o startup/startup_stm32.o -mthumb -mcpu=cortex-m3 -T/home/mose/code/lorap/loramote_app/LinkerScript.ld -specs=nosys.specs -static -Wl,-cref,-u,Reset_Handler -Wl,-Map=loramote_app.map -Wl,--gc-sections -Wl,--defsym=malloc_getpagesize_P=0x80 -Wl,--start-group -lc -lm -Wl,--end-group -specs=nano.specs 
/opt/Atollic_TrueSTUDIO_for_STM32_x86_64_9.1.0/ide/jre/bin/java -jar /opt/Atollic_TrueSTUDIO_for_STM32_x86_64_9.1.0/Tools/arm-atollic-reports.jar sizeinfo list loramote_app.elf 
Generate build reports...
Print size information
   text	   data	    bss	    dec	    hex	filename
  15328	     28	   6332	  21688	   54b8	loramote_app.elf
Print size information done
Generate listing file
Output sent to: loramote_app.list
Generate listing file done
Generate build reports done
/opt/Atollic_TrueSTUDIO_for_STM32_x86_64_9.1.0/ARMTools/bin/arm-atollic-eabi-objcopy -O ihex loramote_app.elf loramote_app.hex 
/opt/Atollic_TrueSTUDIO_for_STM32_x86_64_9.1.0/ARMTools/bin/arm-atollic-eabi-objcopy -O binary loramote_app.elf loramote_app.bin 
/opt/Atollic_TrueSTUDIO_for_STM32_x86_64_9.1.0/ARMTools/bin/arm-atollic-eabi-size loramote_app.elf 
   text	   data	    bss	    dec	    hex	filename
  15328	     28	   6332	  21688	   54b8	loramote_app.elf
Info: Nothing to build for loramote_app
10:37:07 **** Incremental Build of configuration Debug for project loramote_app ****
Info: Internal Builder is used for build
arm-atollic-eabi-gcc -c ../src/task_sensor.c -mthumb -mcpu=cortex-m3 -std=gnu11 -DSTM32 -DSTM32F1 -DSTM32F103C8Tx -DDEBUG -DSTM32F10X_MD -DUSE_STDPERIPH_DRIVER -I/home/mose/code/lorap/loramote_app/StdPeriph_Driver/inc -I/home/mose/code/lorap/loramote_app/inc -I/home/mose/code/lorap/loramote_app/CMSIS/device -I/home/mose/code/lorap/loramote_app/CMSIS/core -O0 -ffunction-sections -g3 -fstack-usage -Wall -specs=nano.specs -o src/task_sensor.o 
arm-atollic-eabi-gcc -o loramote_app.elf CMSIS/core/core_cm3.o StdPeriph_Driver/src/misc.o StdPeriph_Driver/src/stm32f10x_adc.o StdPeriph_Driver/src/stm32f10x_bkp.o StdPeriph_Driver/src/stm32f10x_can.o StdPeriph_Driver/src/stm32f10x_cec.o StdPeriph_Driver/src/stm32f10x_crc.o StdPeriph_Driver/src/stm32f10x_dac.o StdPeriph_Driver/src/stm32f10x_dbgmcu.o StdPeriph_Driver/src/stm32f10x_dma.o StdPeriph_Driver/src/stm32f10x_exti.o StdPeriph_Driver/src/stm32f10x_flash.o StdPeriph_Driver/src/stm32f10x_fsmc.o StdPeriph_Driver/src/stm32f10x_gpio.o StdPeriph_Driver/src/stm32f10x_i2c.o StdPeriph_Driver/src/stm32f10x_iwdg.o StdPeriph_Driver/src/stm32f10x_pwr.o StdPeriph_Driver/src/stm32f10x_rcc.o StdPeriph_Driver/src/stm32f10x_rtc.o StdPeriph_Driver/src/stm32f10x_sdio.o StdPeriph_Driver/src/stm32f10x_spi.o StdPeriph_Driver/src/stm32f10x_tim.o StdPeriph_Driver/src/stm32f10x_usart.o StdPeriph_Driver/src/stm32f10x_wwdg.o src/drv_ds18b20.o src/drv_exti.o src/drv_flash.o src/drv_gpio.o src/drv_itemp.o src/drv_iwdg.o src/drv_roadled.o src/drv_sensor.o src/drv_spi.o src/drv_sx1278.o src/drv_timer.o src/drv_usart.o src/global.o src/main.o src/syscalls.o src/system_stm32f10x.o src/task.o src/task_forward.o src/task_irqcall.o src/task_sensor.o src/tools_lib.o startup/startup_stm32.o -mthumb -mcpu=cortex-m3 -T/home/mose/code/lorap/loramote_app/LinkerScript.ld -specs=nosys.specs -static -Wl,-cref,-u,Reset_Handler -Wl,-Map=loramote_app.map -Wl,--gc-sections -Wl,--defsym=malloc_getpagesize_P=0x80 -Wl,--start-group -lc -lm -Wl,--end-group -specs=nano.specs 
/opt/Atollic_TrueSTUDIO_for_STM32_x86_64_9.1.0/ide/jre/bin/java -jar /opt/Atollic_TrueSTUDIO_for_STM32_x86_64_9.1.0/Tools/arm-atollic-reports.jar sizeinfo list loramote_app.elf 
Generate build reports...
Print size information
   text	   data	    bss	    dec	    hex	filename
  15328	     28	   6332	  21688	   54b8	loramote_app.elf
Print size information done
Generate listing file
Output sent to: loramote_app.list
Generate listing file done
Generate build reports done
/opt/Atollic_TrueSTUDIO_for_STM32_x86_64_9.1.0/ARMTools/bin/arm-atollic-eabi-objcopy -O ihex loramote_app.elf loramote_app.hex 
/opt/Atollic_TrueSTUDIO_for_STM32_x86_64_9.1.0/ARMTools/bin/arm-atollic-eabi-objcopy -O binary loramote_app.elf loramote_app.bin 
/opt/Atollic_TrueSTUDIO_for_STM32_x86_64_9.1.0/ARMTools/bin/arm-atollic-eabi-size loramote_app.elf 
   text	   data	    bss	    dec	    hex	filename
  15328	     28	   6332	  21688	   54b8	loramote_app.elf
10:43:59 **** Incremental Build of configuration Debug for project loramote_app ****
Info: Internal Builder is used for build
arm-atollic-eabi-gcc -c ../src/task_sensor.c -mthumb -mcpu=cortex-m3 -std=gnu11 -DSTM32 -DSTM32F1 -DSTM32F103C8Tx -DDEBUG -DSTM32F10X_MD -DUSE_STDPERIPH_DRIVER -I/home/mose/code/lorap/loramote_app/StdPeriph_Driver/inc -I/home/mose/code/lorap/loramote_app/inc -I/home/mose/code/lorap/loramote_app/CMSIS/device -I/home/mose/code/lorap/loramote_app/CMSIS/core -O0 -ffunction-sections -g3 -fstack-usage -Wall -specs=nano.specs -o src/task_sensor.o 
arm-atollic-eabi-gcc -c ../src/drv_sensor.c -mthumb -mcpu=cortex-m3 -std=gnu11 -DSTM32 -DSTM32F1 -DSTM32F103C8Tx -DDEBUG -DSTM32F10X_MD -DUSE_STDPERIPH_DRIVER -I/home/mose/code/lorap/loramote_app/StdPeriph_Driver/inc -I/home/mose/code/lorap/loramote_app/inc -I/home/mose/code/lorap/loramote_app/CMSIS/device -I/home/mose/code/lorap/loramote_app/CMSIS/core -O0 -ffunction-sections -g3 -fstack-usage -Wall -specs=nano.specs -o src/drv_sensor.o 
arm-atollic-eabi-gcc -c ../src/task_forward.c -mthumb -mcpu=cortex-m3 -std=gnu11 -DSTM32 -DSTM32F1 -DSTM32F103C8Tx -DDEBUG -DSTM32F10X_MD -DUSE_STDPERIPH_DRIVER -I/home/mose/code/lorap/loramote_app/StdPeriph_Driver/inc -I/home/mose/code/lorap/loramote_app/inc -I/home/mose/code/lorap/loramote_app/CMSIS/device -I/home/mose/code/lorap/loramote_app/CMSIS/core -O0 -ffunction-sections -g3 -fstack-usage -Wall -specs=nano.specs -o src/task_forward.o 
arm-atollic-eabi-gcc -c ../src/main.c -mthumb -mcpu=cortex-m3 -std=gnu11 -DSTM32 -DSTM32F1 -DSTM32F103C8Tx -DDEBUG -DSTM32F10X_MD -DUSE_STDPERIPH_DRIVER -I/home/mose/code/lorap/loramote_app/StdPeriph_Driver/inc -I/home/mose/code/lorap/loramote_app/inc -I/home/mose/code/lorap/loramote_app/CMSIS/device -I/home/mose/code/lorap/loramote_app/CMSIS/core -O0 -ffunction-sections -g3 -fstack-usage -Wall -specs=nano.specs -o src/main.o 
arm-atollic-eabi-gcc -o loramote_app.elf CMSIS/core/core_cm3.o StdPeriph_Driver/src/misc.o StdPeriph_Driver/src/stm32f10x_adc.o StdPeriph_Driver/src/stm32f10x_bkp.o StdPeriph_Driver/src/stm32f10x_can.o StdPeriph_Driver/src/stm32f10x_cec.o StdPeriph_Driver/src/stm32f10x_crc.o StdPeriph_Driver/src/stm32f10x_dac.o StdPeriph_Driver/src/stm32f10x_dbgmcu.o StdPeriph_Driver/src/stm32f10x_dma.o StdPeriph_Driver/src/stm32f10x_exti.o StdPeriph_Driver/src/stm32f10x_flash.o StdPeriph_Driver/src/stm32f10x_fsmc.o StdPeriph_Driver/src/stm32f10x_gpio.o StdPeriph_Driver/src/stm32f10x_i2c.o StdPeriph_Driver/src/stm32f10x_iwdg.o StdPeriph_Driver/src/stm32f10x_pwr.o StdPeriph_Driver/src/stm32f10x_rcc.o StdPeriph_Driver/src/stm32f10x_rtc.o StdPeriph_Driver/src/stm32f10x_sdio.o StdPeriph_Driver/src/stm32f10x_spi.o StdPeriph_Driver/src/stm32f10x_tim.o StdPeriph_Driver/src/stm32f10x_usart.o StdPeriph_Driver/src/stm32f10x_wwdg.o src/drv_ds18b20.o src/drv_exti.o src/drv_flash.o src/drv_gpio.o src/drv_itemp.o src/drv_iwdg.o src/drv_roadled.o src/drv_sensor.o src/drv_spi.o src/drv_sx1278.o src/drv_timer.o src/drv_usart.o src/global.o src/main.o src/syscalls.o src/system_stm32f10x.o src/task.o src/task_forward.o src/task_irqcall.o src/task_sensor.o src/tools_lib.o startup/startup_stm32.o -mthumb -mcpu=cortex-m3 -T/home/mose/code/lorap/loramote_app/LinkerScript.ld -specs=nosys.specs -static -Wl,-cref,-u,Reset_Handler -Wl,-Map=loramote_app.map -Wl,--gc-sections -Wl,--defsym=malloc_getpagesize_P=0x80 -Wl,--start-group -lc -lm -Wl,--end-group -specs=nano.specs 
/opt/Atollic_TrueSTUDIO_for_STM32_x86_64_9.1.0/ide/jre/bin/java -jar /opt/Atollic_TrueSTUDIO_for_STM32_x86_64_9.1.0/Tools/arm-atollic-reports.jar sizeinfo list loramote_app.elf 
Generate build reports...
Print size information
   text	   data	    bss	    dec	    hex	filename
  15332	     28	   6332	  21692	   54bc	loramote_app.elf
Print size information done
Generate listing file
Output sent to: loramote_app.list
Generate listing file done
Generate build reports done
/opt/Atollic_TrueSTUDIO_for_STM32_x86_64_9.1.0/ARMTools/bin/arm-atollic-eabi-objcopy -O ihex loramote_app.elf loramote_app.hex 
/opt/Atollic_TrueSTUDIO_for_STM32_x86_64_9.1.0/ARMTools/bin/arm-atollic-eabi-objcopy -O binary loramote_app.elf loramote_app.bin 
/opt/Atollic_TrueSTUDIO_for_STM32_x86_64_9.1.0/ARMTools/bin/arm-atollic-eabi-size loramote_app.elf 
   text	   data	    bss	    dec	    hex	filename
  15332	     28	   6332	  21692	   54bc	loramote_app.elf
10:50:16 **** Incremental Build of configuration Debug for project loramote_app ****
Info: Internal Builder is used for build
arm-atollic-eabi-gcc -c ../src/drv_sensor.c -mthumb -mcpu=cortex-m3 -std=gnu11 -DSTM32 -DSTM32F1 -DSTM32F103C8Tx -DDEBUG -DSTM32F10X_MD -DUSE_STDPERIPH_DRIVER -I/home/mose/code/lorap/loramote_app/StdPeriph_Driver/inc -I/home/mose/code/lorap/loramote_app/inc -I/home/mose/code/lorap/loramote_app/CMSIS/device -I/home/mose/code/lorap/loramote_app/CMSIS/core -O0 -ffunction-sections -g3 -fstack-usage -Wall -specs=nano.specs -o src/drv_sensor.o 
../src/drv_sensor.c: In function 'sensor_rw':
../src/drv_sensor.c:32:38: warning: initialization from incompatible pointer type [-Wincompatible-pointer-types]
   struct sRoadledData* roadLedData = &msg->msgHead;
                                      ^
../src/drv_sensor.c:32:24: warning: unused variable 'roadLedData' [-Wunused-variable]
   struct sRoadledData* roadLedData = &msg->msgHead;
                        ^~~~~~~~~~~
arm-atollic-eabi-gcc -c ../src/drv_roadled.c -mthumb -mcpu=cortex-m3 -std=gnu11 -DSTM32 -DSTM32F1 -DSTM32F103C8Tx -DDEBUG -DSTM32F10X_MD -DUSE_STDPERIPH_DRIVER -I/home/mose/code/lorap/loramote_app/StdPeriph_Driver/inc -I/home/mose/code/lorap/loramote_app/inc -I/home/mose/code/lorap/loramote_app/CMSIS/device -I/home/mose/code/lorap/loramote_app/CMSIS/core -O0 -ffunction-sections -g3 -fstack-usage -Wall -specs=nano.specs -o src/drv_roadled.o 
arm-atollic-eabi-gcc -o loramote_app.elf CMSIS/core/core_cm3.o StdPeriph_Driver/src/misc.o StdPeriph_Driver/src/stm32f10x_adc.o StdPeriph_Driver/src/stm32f10x_bkp.o StdPeriph_Driver/src/stm32f10x_can.o StdPeriph_Driver/src/stm32f10x_cec.o StdPeriph_Driver/src/stm32f10x_crc.o StdPeriph_Driver/src/stm32f10x_dac.o StdPeriph_Driver/src/stm32f10x_dbgmcu.o StdPeriph_Driver/src/stm32f10x_dma.o StdPeriph_Driver/src/stm32f10x_exti.o StdPeriph_Driver/src/stm32f10x_flash.o StdPeriph_Driver/src/stm32f10x_fsmc.o StdPeriph_Driver/src/stm32f10x_gpio.o StdPeriph_Driver/src/stm32f10x_i2c.o StdPeriph_Driver/src/stm32f10x_iwdg.o StdPeriph_Driver/src/stm32f10x_pwr.o StdPeriph_Driver/src/stm32f10x_rcc.o StdPeriph_Driver/src/stm32f10x_rtc.o StdPeriph_Driver/src/stm32f10x_sdio.o StdPeriph_Driver/src/stm32f10x_spi.o StdPeriph_Driver/src/stm32f10x_tim.o StdPeriph_Driver/src/stm32f10x_usart.o StdPeriph_Driver/src/stm32f10x_wwdg.o src/drv_ds18b20.o src/drv_exti.o src/drv_flash.o src/drv_gpio.o src/drv_itemp.o src/drv_iwdg.o src/drv_roadled.o src/drv_sensor.o src/drv_spi.o src/drv_sx1278.o src/drv_timer.o src/drv_usart.o src/global.o src/main.o src/syscalls.o src/system_stm32f10x.o src/task.o src/task_forward.o src/task_irqcall.o src/task_sensor.o src/tools_lib.o startup/startup_stm32.o -mthumb -mcpu=cortex-m3 -T/home/mose/code/lorap/loramote_app/LinkerScript.ld -specs=nosys.specs -static -Wl,-cref,-u,Reset_Handler -Wl,-Map=loramote_app.map -Wl,--gc-sections -Wl,--defsym=malloc_getpagesize_P=0x80 -Wl,--start-group -lc -lm -Wl,--end-group -specs=nano.specs 
/opt/Atollic_TrueSTUDIO_for_STM32_x86_64_9.1.0/ide/jre/bin/java -jar /opt/Atollic_TrueSTUDIO_for_STM32_x86_64_9.1.0/Tools/arm-atollic-reports.jar sizeinfo list loramote_app.elf 
Generate build reports...
Print size information
   text	   data	    bss	    dec	    hex	filename
  15332	     28	   6332	  21692	   54bc	loramote_app.elf
Print size information done
Generate listing file
Output sent to: loramote_app.list
Generate listing file done
Generate build reports done
/opt/Atollic_TrueSTUDIO_for_STM32_x86_64_9.1.0/ARMTools/bin/arm-atollic-eabi-objcopy -O ihex loramote_app.elf loramote_app.hex 
/opt/Atollic_TrueSTUDIO_for_STM32_x86_64_9.1.0/ARMTools/bin/arm-atollic-eabi-objcopy -O binary loramote_app.elf loramote_app.bin 
/opt/Atollic_TrueSTUDIO_for_STM32_x86_64_9.1.0/ARMTools/bin/arm-atollic-eabi-size loramote_app.elf 
   text	   data	    bss	    dec	    hex	filename
  15332	     28	   6332	  21692	   54bc	loramote_app.elf
10:50:28 **** Incremental Build of configuration Debug for project loramote_app ****
Info: Internal Builder is used for build
arm-atollic-eabi-gcc -c ../src/drv_sensor.c -mthumb -mcpu=cortex-m3 -std=gnu11 -DSTM32 -DSTM32F1 -DSTM32F103C8Tx -DDEBUG -DSTM32F10X_MD -DUSE_STDPERIPH_DRIVER -I/home/mose/code/lorap/loramote_app/StdPeriph_Driver/inc -I/home/mose/code/lorap/loramote_app/inc -I/home/mose/code/lorap/loramote_app/CMSIS/device -I/home/mose/code/lorap/loramote_app/CMSIS/core -O0 -ffunction-sections -g3 -fstack-usage -Wall -specs=nano.specs -o src/drv_sensor.o 
../src/drv_sensor.c: In function 'sensor_rw':
../src/drv_sensor.c:32:24: warning: unused variable 'roadLedData' [-Wunused-variable]
   struct sRoadledData* roadLedData = (struct sRoadledData*)&msg->msgHead;
                        ^~~~~~~~~~~
arm-atollic-eabi-gcc -o loramote_app.elf CMSIS/core/core_cm3.o StdPeriph_Driver/src/misc.o StdPeriph_Driver/src/stm32f10x_adc.o StdPeriph_Driver/src/stm32f10x_bkp.o StdPeriph_Driver/src/stm32f10x_can.o StdPeriph_Driver/src/stm32f10x_cec.o StdPeriph_Driver/src/stm32f10x_crc.o StdPeriph_Driver/src/stm32f10x_dac.o StdPeriph_Driver/src/stm32f10x_dbgmcu.o StdPeriph_Driver/src/stm32f10x_dma.o StdPeriph_Driver/src/stm32f10x_exti.o StdPeriph_Driver/src/stm32f10x_flash.o StdPeriph_Driver/src/stm32f10x_fsmc.o StdPeriph_Driver/src/stm32f10x_gpio.o StdPeriph_Driver/src/stm32f10x_i2c.o StdPeriph_Driver/src/stm32f10x_iwdg.o StdPeriph_Driver/src/stm32f10x_pwr.o StdPeriph_Driver/src/stm32f10x_rcc.o StdPeriph_Driver/src/stm32f10x_rtc.o StdPeriph_Driver/src/stm32f10x_sdio.o StdPeriph_Driver/src/stm32f10x_spi.o StdPeriph_Driver/src/stm32f10x_tim.o StdPeriph_Driver/src/stm32f10x_usart.o StdPeriph_Driver/src/stm32f10x_wwdg.o src/drv_ds18b20.o src/drv_exti.o src/drv_flash.o src/drv_gpio.o src/drv_itemp.o src/drv_iwdg.o src/drv_roadled.o src/drv_sensor.o src/drv_spi.o src/drv_sx1278.o src/drv_timer.o src/drv_usart.o src/global.o src/main.o src/syscalls.o src/system_stm32f10x.o src/task.o src/task_forward.o src/task_irqcall.o src/task_sensor.o src/tools_lib.o startup/startup_stm32.o -mthumb -mcpu=cortex-m3 -T/home/mose/code/lorap/loramote_app/LinkerScript.ld -specs=nosys.specs -static -Wl,-cref,-u,Reset_Handler -Wl,-Map=loramote_app.map -Wl,--gc-sections -Wl,--defsym=malloc_getpagesize_P=0x80 -Wl,--start-group -lc -lm -Wl,--end-group -specs=nano.specs 
/opt/Atollic_TrueSTUDIO_for_STM32_x86_64_9.1.0/ide/jre/bin/java -jar /opt/Atollic_TrueSTUDIO_for_STM32_x86_64_9.1.0/Tools/arm-atollic-reports.jar sizeinfo list loramote_app.elf 
Generate build reports...
Print size information
   text	   data	    bss	    dec	    hex	filename
  15332	     28	   6332	  21692	   54bc	loramote_app.elf
Print size information done
Generate listing file
Output sent to: loramote_app.list
Generate listing file done
Generate build reports done
/opt/Atollic_TrueSTUDIO_for_STM32_x86_64_9.1.0/ARMTools/bin/arm-atollic-eabi-objcopy -O ihex loramote_app.elf loramote_app.hex 
/opt/Atollic_TrueSTUDIO_for_STM32_x86_64_9.1.0/ARMTools/bin/arm-atollic-eabi-objcopy -O binary loramote_app.elf loramote_app.bin 
/opt/Atollic_TrueSTUDIO_for_STM32_x86_64_9.1.0/ARMTools/bin/arm-atollic-eabi-size loramote_app.elf 
   text	   data	    bss	    dec	    hex	filename
  15332	     28	   6332	  21692	   54bc	loramote_app.elf
10:53:43 **** Incremental Build of configuration Debug for project loramote_app ****
Info: Internal Builder is used for build
arm-atollic-eabi-gcc -c ../src/drv_roadled.c -mthumb -mcpu=cortex-m3 -std=gnu11 -DSTM32 -DSTM32F1 -DSTM32F103C8Tx -DDEBUG -DSTM32F10X_MD -DUSE_STDPERIPH_DRIVER -I/home/mose/code/lorap/loramote_app/StdPeriph_Driver/inc -I/home/mose/code/lorap/loramote_app/inc -I/home/mose/code/lorap/loramote_app/CMSIS/device -I/home/mose/code/lorap/loramote_app/CMSIS/core -O0 -ffunction-sections -g3 -fstack-usage -Wall -specs=nano.specs -o src/drv_roadled.o 
arm-atollic-eabi-gcc -c ../src/drv_sensor.c -mthumb -mcpu=cortex-m3 -std=gnu11 -DSTM32 -DSTM32F1 -DSTM32F103C8Tx -DDEBUG -DSTM32F10X_MD -DUSE_STDPERIPH_DRIVER -I/home/mose/code/lorap/loramote_app/StdPeriph_Driver/inc -I/home/mose/code/lorap/loramote_app/inc -I/home/mose/code/lorap/loramote_app/CMSIS/device -I/home/mose/code/lorap/loramote_app/CMSIS/core -O0 -ffunction-sections -g3 -fstack-usage -Wall -specs=nano.specs -o src/drv_sensor.o 
arm-atollic-eabi-gcc -o loramote_app.elf CMSIS/core/core_cm3.o StdPeriph_Driver/src/misc.o StdPeriph_Driver/src/stm32f10x_adc.o StdPeriph_Driver/src/stm32f10x_bkp.o StdPeriph_Driver/src/stm32f10x_can.o StdPeriph_Driver/src/stm32f10x_cec.o StdPeriph_Driver/src/stm32f10x_crc.o StdPeriph_Driver/src/stm32f10x_dac.o StdPeriph_Driver/src/stm32f10x_dbgmcu.o StdPeriph_Driver/src/stm32f10x_dma.o StdPeriph_Driver/src/stm32f10x_exti.o StdPeriph_Driver/src/stm32f10x_flash.o StdPeriph_Driver/src/stm32f10x_fsmc.o StdPeriph_Driver/src/stm32f10x_gpio.o StdPeriph_Driver/src/stm32f10x_i2c.o StdPeriph_Driver/src/stm32f10x_iwdg.o StdPeriph_Driver/src/stm32f10x_pwr.o StdPeriph_Driver/src/stm32f10x_rcc.o StdPeriph_Driver/src/stm32f10x_rtc.o StdPeriph_Driver/src/stm32f10x_sdio.o StdPeriph_Driver/src/stm32f10x_spi.o StdPeriph_Driver/src/stm32f10x_tim.o StdPeriph_Driver/src/stm32f10x_usart.o StdPeriph_Driver/src/stm32f10x_wwdg.o src/drv_ds18b20.o src/drv_exti.o src/drv_flash.o src/drv_gpio.o src/drv_itemp.o src/drv_iwdg.o src/drv_roadled.o src/drv_sensor.o src/drv_spi.o src/drv_sx1278.o src/drv_timer.o src/drv_usart.o src/global.o src/main.o src/syscalls.o src/system_stm32f10x.o src/task.o src/task_forward.o src/task_irqcall.o src/task_sensor.o src/tools_lib.o startup/startup_stm32.o -mthumb -mcpu=cortex-m3 -T/home/mose/code/lorap/loramote_app/LinkerScript.ld -specs=nosys.specs -static -Wl,-cref,-u,Reset_Handler -Wl,-Map=loramote_app.map -Wl,--gc-sections -Wl,--defsym=malloc_getpagesize_P=0x80 -Wl,--start-group -lc -lm -Wl,--end-group -specs=nano.specs 
/opt/Atollic_TrueSTUDIO_for_STM32_x86_64_9.1.0/ide/jre/bin/java -jar /opt/Atollic_TrueSTUDIO_for_STM32_x86_64_9.1.0/Tools/arm-atollic-reports.jar sizeinfo list loramote_app.elf 
Generate build reports...
Print size information
   text	   data	    bss	    dec	    hex	filename
  15516	     28	   6332	  21876	   5574	loramote_app.elf
Print size information done
Generate listing file
Output sent to: loramote_app.list
Generate listing file done
Generate build reports done
/opt/Atollic_TrueSTUDIO_for_STM32_x86_64_9.1.0/ARMTools/bin/arm-atollic-eabi-objcopy -O ihex loramote_app.elf loramote_app.hex 
/opt/Atollic_TrueSTUDIO_for_STM32_x86_64_9.1.0/ARMTools/bin/arm-atollic-eabi-objcopy -O binary loramote_app.elf loramote_app.bin 
/opt/Atollic_TrueSTUDIO_for_STM32_x86_64_9.1.0/ARMTools/bin/arm-atollic-eabi-size loramote_app.elf 
   text	   data	    bss	    dec	    hex	filename
  15516	     28	   6332	  21876	   5574	loramote_app.elf
10:55:33 **** Incremental Build of configuration Debug for project loramote_app ****
Info: Internal Builder is used for build
arm-atollic-eabi-gcc -c ../src/drv_sensor.c -mthumb -mcpu=cortex-m3 -std=gnu11 -DSTM32 -DSTM32F1 -DSTM32F103C8Tx -DDEBUG -DSTM32F10X_MD -DUSE_STDPERIPH_DRIVER -I/home/mose/code/lorap/loramote_app/StdPeriph_Driver/inc -I/home/mose/code/lorap/loramote_app/inc -I/home/mose/code/lorap/loramote_app/CMSIS/device -I/home/mose/code/lorap/loramote_app/CMSIS/core -O0 -ffunction-sections -g3 -fstack-usage -Wall -specs=nano.specs -o src/drv_sensor.o 
../src/drv_sensor.c: In function 'sensor_rw':
../src/drv_sensor.c:36:25: warning: large integer implicitly truncated to unsigned type [-Woverflow]
   msg->msgHead.length = sizeof(struct SworkDataMsg) + sizeof(struct sRoadledData) + 1;
                         ^~~~~~
arm-atollic-eabi-gcc -o loramote_app.elf CMSIS/core/core_cm3.o StdPeriph_Driver/src/misc.o StdPeriph_Driver/src/stm32f10x_adc.o StdPeriph_Driver/src/stm32f10x_bkp.o StdPeriph_Driver/src/stm32f10x_can.o StdPeriph_Driver/src/stm32f10x_cec.o StdPeriph_Driver/src/stm32f10x_crc.o StdPeriph_Driver/src/stm32f10x_dac.o StdPeriph_Driver/src/stm32f10x_dbgmcu.o StdPeriph_Driver/src/stm32f10x_dma.o StdPeriph_Driver/src/stm32f10x_exti.o StdPeriph_Driver/src/stm32f10x_flash.o StdPeriph_Driver/src/stm32f10x_fsmc.o StdPeriph_Driver/src/stm32f10x_gpio.o StdPeriph_Driver/src/stm32f10x_i2c.o StdPeriph_Driver/src/stm32f10x_iwdg.o StdPeriph_Driver/src/stm32f10x_pwr.o StdPeriph_Driver/src/stm32f10x_rcc.o StdPeriph_Driver/src/stm32f10x_rtc.o StdPeriph_Driver/src/stm32f10x_sdio.o StdPeriph_Driver/src/stm32f10x_spi.o StdPeriph_Driver/src/stm32f10x_tim.o StdPeriph_Driver/src/stm32f10x_usart.o StdPeriph_Driver/src/stm32f10x_wwdg.o src/drv_ds18b20.o src/drv_exti.o src/drv_flash.o src/drv_gpio.o src/drv_itemp.o src/drv_iwdg.o src/drv_roadled.o src/drv_sensor.o src/drv_spi.o src/drv_sx1278.o src/drv_timer.o src/drv_usart.o src/global.o src/main.o src/syscalls.o src/system_stm32f10x.o src/task.o src/task_forward.o src/task_irqcall.o src/task_sensor.o src/tools_lib.o startup/startup_stm32.o -mthumb -mcpu=cortex-m3 -T/home/mose/code/lorap/loramote_app/LinkerScript.ld -specs=nosys.specs -static -Wl,-cref,-u,Reset_Handler -Wl,-Map=loramote_app.map -Wl,--gc-sections -Wl,--defsym=malloc_getpagesize_P=0x80 -Wl,--start-group -lc -lm -Wl,--end-group -specs=nano.specs 
/opt/Atollic_TrueSTUDIO_for_STM32_x86_64_9.1.0/ide/jre/bin/java -jar /opt/Atollic_TrueSTUDIO_for_STM32_x86_64_9.1.0/Tools/arm-atollic-reports.jar sizeinfo list loramote_app.elf 
Generate build reports...
Print size information
   text	   data	    bss	    dec	    hex	filename
  15532	     28	   6332	  21892	   5584	loramote_app.elf
Print size information done
Generate listing file
Output sent to: loramote_app.list
Generate listing file done
Generate build reports done
/opt/Atollic_TrueSTUDIO_for_STM32_x86_64_9.1.0/ARMTools/bin/arm-atollic-eabi-objcopy -O ihex loramote_app.elf loramote_app.hex 
/opt/Atollic_TrueSTUDIO_for_STM32_x86_64_9.1.0/ARMTools/bin/arm-atollic-eabi-objcopy -O binary loramote_app.elf loramote_app.bin 
/opt/Atollic_TrueSTUDIO_for_STM32_x86_64_9.1.0/ARMTools/bin/arm-atollic-eabi-size loramote_app.elf 
   text	   data	    bss	    dec	    hex	filename
  15532	     28	   6332	  21892	   5584	loramote_app.elf
11:32:28 **** Incremental Build of configuration Debug for project loramote_app ****
Info: Internal Builder is used for build
arm-atollic-eabi-gcc -c ../src/drv_sensor.c -mthumb -mcpu=cortex-m3 -std=gnu11 -DSTM32 -DSTM32F1 -DSTM32F103C8Tx -DDEBUG -DSTM32F10X_MD -DUSE_STDPERIPH_DRIVER -I/home/mose/code/lorap/loramote_app/StdPeriph_Driver/inc -I/home/mose/code/lorap/loramote_app/inc -I/home/mose/code/lorap/loramote_app/CMSIS/device -I/home/mose/code/lorap/loramote_app/CMSIS/core -O0 -ffunction-sections -g3 -fstack-usage -Wall -specs=nano.specs -o src/drv_sensor.o 
../src/drv_sensor.c: In function 'sensor_rw':
../src/drv_sensor.c:37:25: warning: large integer implicitly truncated to unsigned type [-Woverflow]
   msg->msgHead.length = sizeof(struct SworkDataMsg) + sizeof(struct sRoadledData) + 1;
                         ^~~~~~
arm-atollic-eabi-gcc -c ../src/drv_roadled.c -mthumb -mcpu=cortex-m3 -std=gnu11 -DSTM32 -DSTM32F1 -DSTM32F103C8Tx -DDEBUG -DSTM32F10X_MD -DUSE_STDPERIPH_DRIVER -I/home/mose/code/lorap/loramote_app/StdPeriph_Driver/inc -I/home/mose/code/lorap/loramote_app/inc -I/home/mose/code/lorap/loramote_app/CMSIS/device -I/home/mose/code/lorap/loramote_app/CMSIS/core -O0 -ffunction-sections -g3 -fstack-usage -Wall -specs=nano.specs -o src/drv_roadled.o 
arm-atollic-eabi-gcc -o loramote_app.elf CMSIS/core/core_cm3.o StdPeriph_Driver/src/misc.o StdPeriph_Driver/src/stm32f10x_adc.o StdPeriph_Driver/src/stm32f10x_bkp.o StdPeriph_Driver/src/stm32f10x_can.o StdPeriph_Driver/src/stm32f10x_cec.o StdPeriph_Driver/src/stm32f10x_crc.o StdPeriph_Driver/src/stm32f10x_dac.o StdPeriph_Driver/src/stm32f10x_dbgmcu.o StdPeriph_Driver/src/stm32f10x_dma.o StdPeriph_Driver/src/stm32f10x_exti.o StdPeriph_Driver/src/stm32f10x_flash.o StdPeriph_Driver/src/stm32f10x_fsmc.o StdPeriph_Driver/src/stm32f10x_gpio.o StdPeriph_Driver/src/stm32f10x_i2c.o StdPeriph_Driver/src/stm32f10x_iwdg.o StdPeriph_Driver/src/stm32f10x_pwr.o StdPeriph_Driver/src/stm32f10x_rcc.o StdPeriph_Driver/src/stm32f10x_rtc.o StdPeriph_Driver/src/stm32f10x_sdio.o StdPeriph_Driver/src/stm32f10x_spi.o StdPeriph_Driver/src/stm32f10x_tim.o StdPeriph_Driver/src/stm32f10x_usart.o StdPeriph_Driver/src/stm32f10x_wwdg.o src/drv_ds18b20.o src/drv_exti.o src/drv_flash.o src/drv_gpio.o src/drv_itemp.o src/drv_iwdg.o src/drv_roadled.o src/drv_sensor.o src/drv_spi.o src/drv_sx1278.o src/drv_timer.o src/drv_usart.o src/global.o src/main.o src/syscalls.o src/system_stm32f10x.o src/task.o src/task_forward.o src/task_irqcall.o src/task_sensor.o src/tools_lib.o startup/startup_stm32.o -mthumb -mcpu=cortex-m3 -T/home/mose/code/lorap/loramote_app/LinkerScript.ld -specs=nosys.specs -static -Wl,-cref,-u,Reset_Handler -Wl,-Map=loramote_app.map -Wl,--gc-sections -Wl,--defsym=malloc_getpagesize_P=0x80 -Wl,--start-group -lc -lm -Wl,--end-group -specs=nano.specs 
/opt/Atollic_TrueSTUDIO_for_STM32_x86_64_9.1.0/ide/jre/bin/java -jar /opt/Atollic_TrueSTUDIO_for_STM32_x86_64_9.1.0/Tools/arm-atollic-reports.jar sizeinfo list loramote_app.elf 
Generate build reports...
Print size information
   text	   data	    bss	    dec	    hex	filename
  15532	     28	   6332	  21892	   5584	loramote_app.elf
Print size information done
Generate listing file
Output sent to: loramote_app.list
Generate listing file done
Generate build reports done
/opt/Atollic_TrueSTUDIO_for_STM32_x86_64_9.1.0/ARMTools/bin/arm-atollic-eabi-objcopy -O ihex loramote_app.elf loramote_app.hex 
/opt/Atollic_TrueSTUDIO_for_STM32_x86_64_9.1.0/ARMTools/bin/arm-atollic-eabi-objcopy -O binary loramote_app.elf loramote_app.bin 
/opt/Atollic_TrueSTUDIO_for_STM32_x86_64_9.1.0/ARMTools/bin/arm-atollic-eabi-size loramote_app.elf 
   text	   data	    bss	    dec	    hex	filename
  15532	     28	   6332	  21892	   5584	loramote_app.elf
11:33:07 **** Incremental Build of configuration Debug for project loramote_app ****
Info: Internal Builder is used for build
arm-atollic-eabi-gcc -c ../src/drv_sensor.c -mthumb -mcpu=cortex-m3 -std=gnu11 -DSTM32 -DSTM32F1 -DSTM32F103C8Tx -DDEBUG -DSTM32F10X_MD -DUSE_STDPERIPH_DRIVER -I/home/mose/code/lorap/loramote_app/StdPeriph_Driver/inc -I/home/mose/code/lorap/loramote_app/inc -I/home/mose/code/lorap/loramote_app/CMSIS/device -I/home/mose/code/lorap/loramote_app/CMSIS/core -O0 -ffunction-sections -g3 -fstack-usage -Wall -specs=nano.specs -o src/drv_sensor.o 
arm-atollic-eabi-gcc -o loramote_app.elf CMSIS/core/core_cm3.o StdPeriph_Driver/src/misc.o StdPeriph_Driver/src/stm32f10x_adc.o StdPeriph_Driver/src/stm32f10x_bkp.o StdPeriph_Driver/src/stm32f10x_can.o StdPeriph_Driver/src/stm32f10x_cec.o StdPeriph_Driver/src/stm32f10x_crc.o StdPeriph_Driver/src/stm32f10x_dac.o StdPeriph_Driver/src/stm32f10x_dbgmcu.o StdPeriph_Driver/src/stm32f10x_dma.o StdPeriph_Driver/src/stm32f10x_exti.o StdPeriph_Driver/src/stm32f10x_flash.o StdPeriph_Driver/src/stm32f10x_fsmc.o StdPeriph_Driver/src/stm32f10x_gpio.o StdPeriph_Driver/src/stm32f10x_i2c.o StdPeriph_Driver/src/stm32f10x_iwdg.o StdPeriph_Driver/src/stm32f10x_pwr.o StdPeriph_Driver/src/stm32f10x_rcc.o StdPeriph_Driver/src/stm32f10x_rtc.o StdPeriph_Driver/src/stm32f10x_sdio.o StdPeriph_Driver/src/stm32f10x_spi.o StdPeriph_Driver/src/stm32f10x_tim.o StdPeriph_Driver/src/stm32f10x_usart.o StdPeriph_Driver/src/stm32f10x_wwdg.o src/drv_ds18b20.o src/drv_exti.o src/drv_flash.o src/drv_gpio.o src/drv_itemp.o src/drv_iwdg.o src/drv_roadled.o src/drv_sensor.o src/drv_spi.o src/drv_sx1278.o src/drv_timer.o src/drv_usart.o src/global.o src/main.o src/syscalls.o src/system_stm32f10x.o src/task.o src/task_forward.o src/task_irqcall.o src/task_sensor.o src/tools_lib.o startup/startup_stm32.o -mthumb -mcpu=cortex-m3 -T/home/mose/code/lorap/loramote_app/LinkerScript.ld -specs=nosys.specs -static -Wl,-cref,-u,Reset_Handler -Wl,-Map=loramote_app.map -Wl,--gc-sections -Wl,--defsym=malloc_getpagesize_P=0x80 -Wl,--start-group -lc -lm -Wl,--end-group -specs=nano.specs 
/opt/Atollic_TrueSTUDIO_for_STM32_x86_64_9.1.0/ide/jre/bin/java -jar /opt/Atollic_TrueSTUDIO_for_STM32_x86_64_9.1.0/Tools/arm-atollic-reports.jar sizeinfo list loramote_app.elf 
Generate build reports...
Print size information
   text	   data	    bss	    dec	    hex	filename
  15532	     28	   6332	  21892	   5584	loramote_app.elf
Print size information done
Generate listing file
Output sent to: loramote_app.list
Generate listing file done
Generate build reports done
/opt/Atollic_TrueSTUDIO_for_STM32_x86_64_9.1.0/ARMTools/bin/arm-atollic-eabi-objcopy -O ihex loramote_app.elf loramote_app.hex 
/opt/Atollic_TrueSTUDIO_for_STM32_x86_64_9.1.0/ARMTools/bin/arm-atollic-eabi-objcopy -O binary loramote_app.elf loramote_app.bin 
/opt/Atollic_TrueSTUDIO_for_STM32_x86_64_9.1.0/ARMTools/bin/arm-atollic-eabi-size loramote_app.elf 
   text	   data	    bss	    dec	    hex	filename
  15532	     28	   6332	  21892	   5584	loramote_app.elf
11:35:53 **** Incremental Build of configuration Debug for project loramote_app ****
Info: Internal Builder is used for build
arm-atollic-eabi-gcc -c ../src/drv_sensor.c -mthumb -mcpu=cortex-m3 -std=gnu11 -DSTM32 -DSTM32F1 -DSTM32F103C8Tx -DDEBUG -DSTM32F10X_MD -DUSE_STDPERIPH_DRIVER -I/home/mose/code/lorap/loramote_app/StdPeriph_Driver/inc -I/home/mose/code/lorap/loramote_app/inc -I/home/mose/code/lorap/loramote_app/CMSIS/device -I/home/mose/code/lorap/loramote_app/CMSIS/core -O0 -ffunction-sections -g3 -fstack-usage -Wall -specs=nano.specs -o src/drv_sensor.o 
../src/drv_sensor.c: In function 'sensor_rw':
../src/drv_sensor.c:35:14: error: 'roadLedData' is a pointer; did you mean to use '->'?
   roadLedData.iTemp = iTemp_get(4);
              ^
              ->
11:36:02 **** Incremental Build of configuration Debug for project loramote_app ****
Info: Internal Builder is used for build
arm-atollic-eabi-gcc -c ../src/drv_roadled.c -mthumb -mcpu=cortex-m3 -std=gnu11 -DSTM32 -DSTM32F1 -DSTM32F103C8Tx -DDEBUG -DSTM32F10X_MD -DUSE_STDPERIPH_DRIVER -I/home/mose/code/lorap/loramote_app/StdPeriph_Driver/inc -I/home/mose/code/lorap/loramote_app/inc -I/home/mose/code/lorap/loramote_app/CMSIS/device -I/home/mose/code/lorap/loramote_app/CMSIS/core -O0 -ffunction-sections -g3 -fstack-usage -Wall -specs=nano.specs -o src/drv_roadled.o 
arm-atollic-eabi-gcc -c ../src/drv_sensor.c -mthumb -mcpu=cortex-m3 -std=gnu11 -DSTM32 -DSTM32F1 -DSTM32F103C8Tx -DDEBUG -DSTM32F10X_MD -DUSE_STDPERIPH_DRIVER -I/home/mose/code/lorap/loramote_app/StdPeriph_Driver/inc -I/home/mose/code/lorap/loramote_app/inc -I/home/mose/code/lorap/loramote_app/CMSIS/device -I/home/mose/code/lorap/loramote_app/CMSIS/core -O0 -ffunction-sections -g3 -fstack-usage -Wall -specs=nano.specs -o src/drv_sensor.o 
arm-atollic-eabi-gcc -o loramote_app.elf CMSIS/core/core_cm3.o StdPeriph_Driver/src/misc.o StdPeriph_Driver/src/stm32f10x_adc.o StdPeriph_Driver/src/stm32f10x_bkp.o StdPeriph_Driver/src/stm32f10x_can.o StdPeriph_Driver/src/stm32f10x_cec.o StdPeriph_Driver/src/stm32f10x_crc.o StdPeriph_Driver/src/stm32f10x_dac.o StdPeriph_Driver/src/stm32f10x_dbgmcu.o StdPeriph_Driver/src/stm32f10x_dma.o StdPeriph_Driver/src/stm32f10x_exti.o StdPeriph_Driver/src/stm32f10x_flash.o StdPeriph_Driver/src/stm32f10x_fsmc.o StdPeriph_Driver/src/stm32f10x_gpio.o StdPeriph_Driver/src/stm32f10x_i2c.o StdPeriph_Driver/src/stm32f10x_iwdg.o StdPeriph_Driver/src/stm32f10x_pwr.o StdPeriph_Driver/src/stm32f10x_rcc.o StdPeriph_Driver/src/stm32f10x_rtc.o StdPeriph_Driver/src/stm32f10x_sdio.o StdPeriph_Driver/src/stm32f10x_spi.o StdPeriph_Driver/src/stm32f10x_tim.o StdPeriph_Driver/src/stm32f10x_usart.o StdPeriph_Driver/src/stm32f10x_wwdg.o src/drv_ds18b20.o src/drv_exti.o src/drv_flash.o src/drv_gpio.o src/drv_itemp.o src/drv_iwdg.o src/drv_roadled.o src/drv_sensor.o src/drv_spi.o src/drv_sx1278.o src/drv_timer.o src/drv_usart.o src/global.o src/main.o src/syscalls.o src/system_stm32f10x.o src/task.o src/task_forward.o src/task_irqcall.o src/task_sensor.o src/tools_lib.o startup/startup_stm32.o -mthumb -mcpu=cortex-m3 -T/home/mose/code/lorap/loramote_app/LinkerScript.ld -specs=nosys.specs -static -Wl,-cref,-u,Reset_Handler -Wl,-Map=loramote_app.map -Wl,--gc-sections -Wl,--defsym=malloc_getpagesize_P=0x80 -Wl,--start-group -lc -lm -Wl,--end-group -specs=nano.specs 
/opt/Atollic_TrueSTUDIO_for_STM32_x86_64_9.1.0/ide/jre/bin/java -jar /opt/Atollic_TrueSTUDIO_for_STM32_x86_64_9.1.0/Tools/arm-atollic-reports.jar sizeinfo list loramote_app.elf 
Generate build reports...
Print size information
   text	   data	    bss	    dec	    hex	filename
  15544	     28	   6332	  21904	   5590	loramote_app.elf
Print size information done
Generate listing file
Output sent to: loramote_app.list
Generate listing file done
Generate build reports done
/opt/Atollic_TrueSTUDIO_for_STM32_x86_64_9.1.0/ARMTools/bin/arm-atollic-eabi-objcopy -O ihex loramote_app.elf loramote_app.hex 
/opt/Atollic_TrueSTUDIO_for_STM32_x86_64_9.1.0/ARMTools/bin/arm-atollic-eabi-objcopy -O binary loramote_app.elf loramote_app.bin 
/opt/Atollic_TrueSTUDIO_for_STM32_x86_64_9.1.0/ARMTools/bin/arm-atollic-eabi-size loramote_app.elf 
   text	   data	    bss	    dec	    hex	filename
  15544	     28	   6332	  21904	   5590	loramote_app.elf
Info: Nothing to build for loragw_app
17:08:13 **** Incremental Build of configuration Debug for project loramote_app ****
Info: Internal Builder is used for build
arm-atollic-eabi-gcc -c ../src/drv_sensor.c -mthumb -mcpu=cortex-m3 -std=gnu11 -DSTM32 -DSTM32F1 -DSTM32F103C8Tx -DDEBUG -DSTM32F10X_MD -DUSE_STDPERIPH_DRIVER -I/home/mose/code/lorap/loramote_app/StdPeriph_Driver/inc -I/home/mose/code/lorap/loramote_app/inc -I/home/mose/code/lorap/loramote_app/CMSIS/device -I/home/mose/code/lorap/loramote_app/CMSIS/core -O0 -ffunction-sections -g3 -fstack-usage -Wall -specs=nano.specs -o src/drv_sensor.o 
arm-atollic-eabi-gcc -o loramote_app.elf CMSIS/core/core_cm3.o StdPeriph_Driver/src/misc.o StdPeriph_Driver/src/stm32f10x_adc.o StdPeriph_Driver/src/stm32f10x_bkp.o StdPeriph_Driver/src/stm32f10x_can.o StdPeriph_Driver/src/stm32f10x_cec.o StdPeriph_Driver/src/stm32f10x_crc.o StdPeriph_Driver/src/stm32f10x_dac.o StdPeriph_Driver/src/stm32f10x_dbgmcu.o StdPeriph_Driver/src/stm32f10x_dma.o StdPeriph_Driver/src/stm32f10x_exti.o StdPeriph_Driver/src/stm32f10x_flash.o StdPeriph_Driver/src/stm32f10x_fsmc.o StdPeriph_Driver/src/stm32f10x_gpio.o StdPeriph_Driver/src/stm32f10x_i2c.o StdPeriph_Driver/src/stm32f10x_iwdg.o StdPeriph_Driver/src/stm32f10x_pwr.o StdPeriph_Driver/src/stm32f10x_rcc.o StdPeriph_Driver/src/stm32f10x_rtc.o StdPeriph_Driver/src/stm32f10x_sdio.o StdPeriph_Driver/src/stm32f10x_spi.o StdPeriph_Driver/src/stm32f10x_tim.o StdPeriph_Driver/src/stm32f10x_usart.o StdPeriph_Driver/src/stm32f10x_wwdg.o src/drv_ds18b20.o src/drv_exti.o src/drv_flash.o src/drv_gpio.o src/drv_itemp.o src/drv_iwdg.o src/drv_roadled.o src/drv_sensor.o src/drv_spi.o src/drv_sx1278.o src/drv_timer.o src/drv_usart.o src/global.o src/main.o src/syscalls.o src/system_stm32f10x.o src/task.o src/task_forward.o src/task_irqcall.o src/task_sensor.o src/tools_lib.o startup/startup_stm32.o -mthumb -mcpu=cortex-m3 -T/home/mose/code/lorap/loramote_app/LinkerScript.ld -specs=nosys.specs -static -Wl,-cref,-u,Reset_Handler -Wl,-Map=loramote_app.map -Wl,--gc-sections -Wl,--defsym=malloc_getpagesize_P=0x80 -Wl,--start-group -lc -lm -Wl,--end-group -specs=nano.specs 
/opt/Atollic_TrueSTUDIO_for_STM32_x86_64_9.1.0/ide/jre/bin/java -jar /opt/Atollic_TrueSTUDIO_for_STM32_x86_64_9.1.0/Tools/arm-atollic-reports.jar sizeinfo list loramote_app.elf 
Generate build reports...
Print size information
   text	   data	    bss	    dec	    hex	filename
  15544	     28	   6332	  21904	   5590	loramote_app.elf
Print size information done
Generate listing file
Output sent to: loramote_app.list
Generate listing file done
Generate build reports done
/opt/Atollic_TrueSTUDIO_for_STM32_x86_64_9.1.0/ARMTools/bin/arm-atollic-eabi-objcopy -O ihex loramote_app.elf loramote_app.hex 
/opt/Atollic_TrueSTUDIO_for_STM32_x86_64_9.1.0/ARMTools/bin/arm-atollic-eabi-objcopy -O binary loramote_app.elf loramote_app.bin 
/opt/Atollic_TrueSTUDIO_for_STM32_x86_64_9.1.0/ARMTools/bin/arm-atollic-eabi-size loramote_app.elf 
   text	   data	    bss	    dec	    hex	filename
  15544	     28	   6332	  21904	   5590	loramote_app.elf
Info: Nothing to build for loragw_app
17:26:45 **** Incremental Build of configuration Debug for project loramote_app ****
Info: Internal Builder is used for build
arm-atollic-eabi-gcc -c ../src/drv_sx1278.c -mthumb -mcpu=cortex-m3 -std=gnu11 -DSTM32 -DSTM32F1 -DSTM32F103C8Tx -DDEBUG -DSTM32F10X_MD -DUSE_STDPERIPH_DRIVER -I/home/mose/code/lorap/loramote_app/StdPeriph_Driver/inc -I/home/mose/code/lorap/loramote_app/inc -I/home/mose/code/lorap/loramote_app/CMSIS/device -I/home/mose/code/lorap/loramote_app/CMSIS/core -O0 -ffunction-sections -g3 -fstack-usage -Wall -specs=nano.specs -o src/drv_sx1278.o 
arm-atollic-eabi-gcc -o loramote_app.elf CMSIS/core/core_cm3.o StdPeriph_Driver/src/misc.o StdPeriph_Driver/src/stm32f10x_adc.o StdPeriph_Driver/src/stm32f10x_bkp.o StdPeriph_Driver/src/stm32f10x_can.o StdPeriph_Driver/src/stm32f10x_cec.o StdPeriph_Driver/src/stm32f10x_crc.o StdPeriph_Driver/src/stm32f10x_dac.o StdPeriph_Driver/src/stm32f10x_dbgmcu.o StdPeriph_Driver/src/stm32f10x_dma.o StdPeriph_Driver/src/stm32f10x_exti.o StdPeriph_Driver/src/stm32f10x_flash.o StdPeriph_Driver/src/stm32f10x_fsmc.o StdPeriph_Driver/src/stm32f10x_gpio.o StdPeriph_Driver/src/stm32f10x_i2c.o StdPeriph_Driver/src/stm32f10x_iwdg.o StdPeriph_Driver/src/stm32f10x_pwr.o StdPeriph_Driver/src/stm32f10x_rcc.o StdPeriph_Driver/src/stm32f10x_rtc.o StdPeriph_Driver/src/stm32f10x_sdio.o StdPeriph_Driver/src/stm32f10x_spi.o StdPeriph_Driver/src/stm32f10x_tim.o StdPeriph_Driver/src/stm32f10x_usart.o StdPeriph_Driver/src/stm32f10x_wwdg.o src/drv_ds18b20.o src/drv_exti.o src/drv_flash.o src/drv_gpio.o src/drv_itemp.o src/drv_iwdg.o src/drv_roadled.o src/drv_sensor.o src/drv_spi.o src/drv_sx1278.o src/drv_timer.o src/drv_usart.o src/global.o src/main.o src/syscalls.o src/system_stm32f10x.o src/task.o src/task_forward.o src/task_irqcall.o src/task_sensor.o src/tools_lib.o startup/startup_stm32.o -mthumb -mcpu=cortex-m3 -T/home/mose/code/lorap/loramote_app/LinkerScript.ld -specs=nosys.specs -static -Wl,-cref,-u,Reset_Handler -Wl,-Map=loramote_app.map -Wl,--gc-sections -Wl,--defsym=malloc_getpagesize_P=0x80 -Wl,--start-group -lc -lm -Wl,--end-group -specs=nano.specs 
/opt/Atollic_TrueSTUDIO_for_STM32_x86_64_9.1.0/ide/jre/bin/java -jar /opt/Atollic_TrueSTUDIO_for_STM32_x86_64_9.1.0/Tools/arm-atollic-reports.jar sizeinfo list loramote_app.elf 
Generate build reports...
Print size information
   text	   data	    bss	    dec	    hex	filename
  15560	     28	   6332	  21920	   55a0	loramote_app.elf
Print size information done
Generate listing file
Output sent to: loramote_app.list
Generate listing file done
Generate build reports done
/opt/Atollic_TrueSTUDIO_for_STM32_x86_64_9.1.0/ARMTools/bin/arm-atollic-eabi-objcopy -O ihex loramote_app.elf loramote_app.hex 
/opt/Atollic_TrueSTUDIO_for_STM32_x86_64_9.1.0/ARMTools/bin/arm-atollic-eabi-objcopy -O binary loramote_app.elf loramote_app.bin 
/opt/Atollic_TrueSTUDIO_for_STM32_x86_64_9.1.0/ARMTools/bin/arm-atollic-eabi-size loramote_app.elf 
   text	   data	    bss	    dec	    hex	filename
  15560	     28	   6332	  21920	   55a0	loramote_app.elf
Info: Nothing to build for loragw_app
17:30:59 **** Incremental Build of configuration Debug for project loramote_app ****
Info: Internal Builder is used for build
arm-atollic-eabi-gcc -c ../src/drv_sensor.c -mthumb -mcpu=cortex-m3 -std=gnu11 -DSTM32 -DSTM32F1 -DSTM32F103C8Tx -DDEBUG -DSTM32F10X_MD -DUSE_STDPERIPH_DRIVER -I/home/mose/code/lorap/loramote_app/StdPeriph_Driver/inc -I/home/mose/code/lorap/loramote_app/inc -I/home/mose/code/lorap/loramote_app/CMSIS/device -I/home/mose/code/lorap/loramote_app/CMSIS/core -O0 -ffunction-sections -g3 -fstack-usage -Wall -specs=nano.specs -o src/drv_sensor.o 
arm-atollic-eabi-gcc -o loramote_app.elf CMSIS/core/core_cm3.o StdPeriph_Driver/src/misc.o StdPeriph_Driver/src/stm32f10x_adc.o StdPeriph_Driver/src/stm32f10x_bkp.o StdPeriph_Driver/src/stm32f10x_can.o StdPeriph_Driver/src/stm32f10x_cec.o StdPeriph_Driver/src/stm32f10x_crc.o StdPeriph_Driver/src/stm32f10x_dac.o StdPeriph_Driver/src/stm32f10x_dbgmcu.o StdPeriph_Driver/src/stm32f10x_dma.o StdPeriph_Driver/src/stm32f10x_exti.o StdPeriph_Driver/src/stm32f10x_flash.o StdPeriph_Driver/src/stm32f10x_fsmc.o StdPeriph_Driver/src/stm32f10x_gpio.o StdPeriph_Driver/src/stm32f10x_i2c.o StdPeriph_Driver/src/stm32f10x_iwdg.o StdPeriph_Driver/src/stm32f10x_pwr.o StdPeriph_Driver/src/stm32f10x_rcc.o StdPeriph_Driver/src/stm32f10x_rtc.o StdPeriph_Driver/src/stm32f10x_sdio.o StdPeriph_Driver/src/stm32f10x_spi.o StdPeriph_Driver/src/stm32f10x_tim.o StdPeriph_Driver/src/stm32f10x_usart.o StdPeriph_Driver/src/stm32f10x_wwdg.o src/drv_ds18b20.o src/drv_exti.o src/drv_flash.o src/drv_gpio.o src/drv_itemp.o src/drv_iwdg.o src/drv_roadled.o src/drv_sensor.o src/drv_spi.o src/drv_sx1278.o src/drv_timer.o src/drv_usart.o src/global.o src/main.o src/syscalls.o src/system_stm32f10x.o src/task.o src/task_forward.o src/task_irqcall.o src/task_sensor.o src/tools_lib.o startup/startup_stm32.o -mthumb -mcpu=cortex-m3 -T/home/mose/code/lorap/loramote_app/LinkerScript.ld -specs=nosys.specs -static -Wl,-cref,-u,Reset_Handler -Wl,-Map=loramote_app.map -Wl,--gc-sections -Wl,--defsym=malloc_getpagesize_P=0x80 -Wl,--start-group -lc -lm -Wl,--end-group -specs=nano.specs 
/opt/Atollic_TrueSTUDIO_for_STM32_x86_64_9.1.0/ide/jre/bin/java -jar /opt/Atollic_TrueSTUDIO_for_STM32_x86_64_9.1.0/Tools/arm-atollic-reports.jar sizeinfo list loramote_app.elf 
Generate build reports...
Print size information
   text	   data	    bss	    dec	    hex	filename
  15564	     28	   6332	  21924	   55a4	loramote_app.elf
Print size information done
Generate listing file
Output sent to: loramote_app.list
Generate listing file done
Generate build reports done
/opt/Atollic_TrueSTUDIO_for_STM32_x86_64_9.1.0/ARMTools/bin/arm-atollic-eabi-objcopy -O ihex loramote_app.elf loramote_app.hex 
/opt/Atollic_TrueSTUDIO_for_STM32_x86_64_9.1.0/ARMTools/bin/arm-atollic-eabi-objcopy -O binary loramote_app.elf loramote_app.bin 
/opt/Atollic_TrueSTUDIO_for_STM32_x86_64_9.1.0/ARMTools/bin/arm-atollic-eabi-size loramote_app.elf 
   text	   data	    bss	    dec	    hex	filename
  15564	     28	   6332	  21924	   55a4	loramote_app.elf
Info: Nothing to build for loragw_app
17:31:31 **** Incremental Build of configuration Debug for project loramote_app ****
Info: Internal Builder is used for build
arm-atollic-eabi-gcc -c ../src/drv_sensor.c -mthumb -mcpu=cortex-m3 -std=gnu11 -DSTM32 -DSTM32F1 -DSTM32F103C8Tx -DDEBUG -DSTM32F10X_MD -DUSE_STDPERIPH_DRIVER -I/home/mose/code/lorap/loramote_app/StdPeriph_Driver/inc -I/home/mose/code/lorap/loramote_app/inc -I/home/mose/code/lorap/loramote_app/CMSIS/device -I/home/mose/code/lorap/loramote_app/CMSIS/core -O0 -ffunction-sections -g3 -fstack-usage -Wall -specs=nano.specs -o src/drv_sensor.o 
arm-atollic-eabi-gcc -o loramote_app.elf CMSIS/core/core_cm3.o StdPeriph_Driver/src/misc.o StdPeriph_Driver/src/stm32f10x_adc.o StdPeriph_Driver/src/stm32f10x_bkp.o StdPeriph_Driver/src/stm32f10x_can.o StdPeriph_Driver/src/stm32f10x_cec.o StdPeriph_Driver/src/stm32f10x_crc.o StdPeriph_Driver/src/stm32f10x_dac.o StdPeriph_Driver/src/stm32f10x_dbgmcu.o StdPeriph_Driver/src/stm32f10x_dma.o StdPeriph_Driver/src/stm32f10x_exti.o StdPeriph_Driver/src/stm32f10x_flash.o StdPeriph_Driver/src/stm32f10x_fsmc.o StdPeriph_Driver/src/stm32f10x_gpio.o StdPeriph_Driver/src/stm32f10x_i2c.o StdPeriph_Driver/src/stm32f10x_iwdg.o StdPeriph_Driver/src/stm32f10x_pwr.o StdPeriph_Driver/src/stm32f10x_rcc.o StdPeriph_Driver/src/stm32f10x_rtc.o StdPeriph_Driver/src/stm32f10x_sdio.o StdPeriph_Driver/src/stm32f10x_spi.o StdPeriph_Driver/src/stm32f10x_tim.o StdPeriph_Driver/src/stm32f10x_usart.o StdPeriph_Driver/src/stm32f10x_wwdg.o src/drv_ds18b20.o src/drv_exti.o src/drv_flash.o src/drv_gpio.o src/drv_itemp.o src/drv_iwdg.o src/drv_roadled.o src/drv_sensor.o src/drv_spi.o src/drv_sx1278.o src/drv_timer.o src/drv_usart.o src/global.o src/main.o src/syscalls.o src/system_stm32f10x.o src/task.o src/task_forward.o src/task_irqcall.o src/task_sensor.o src/tools_lib.o startup/startup_stm32.o -mthumb -mcpu=cortex-m3 -T/home/mose/code/lorap/loramote_app/LinkerScript.ld -specs=nosys.specs -static -Wl,-cref,-u,Reset_Handler -Wl,-Map=loramote_app.map -Wl,--gc-sections -Wl,--defsym=malloc_getpagesize_P=0x80 -Wl,--start-group -lc -lm -Wl,--end-group -specs=nano.specs 
/opt/Atollic_TrueSTUDIO_for_STM32_x86_64_9.1.0/ide/jre/bin/java -jar /opt/Atollic_TrueSTUDIO_for_STM32_x86_64_9.1.0/Tools/arm-atollic-reports.jar sizeinfo list loramote_app.elf 
Generate build reports...
Print size information
   text	   data	    bss	    dec	    hex	filename
  15588	     28	   6332	  21948	   55bc	loramote_app.elf
Print size information done
Generate listing file
Output sent to: loramote_app.list
Generate listing file done
Generate build reports done
/opt/Atollic_TrueSTUDIO_for_STM32_x86_64_9.1.0/ARMTools/bin/arm-atollic-eabi-objcopy -O ihex loramote_app.elf loramote_app.hex 
/opt/Atollic_TrueSTUDIO_for_STM32_x86_64_9.1.0/ARMTools/bin/arm-atollic-eabi-objcopy -O binary loramote_app.elf loramote_app.bin 
/opt/Atollic_TrueSTUDIO_for_STM32_x86_64_9.1.0/ARMTools/bin/arm-atollic-eabi-size loramote_app.elf 
   text	   data	    bss	    dec	    hex	filename
  15588	     28	   6332	  21948	   55bc	loramote_app.elf
Info: Nothing to build for loragw_app
17:36:20 **** Incremental Build of configuration Debug for project loramote_app ****
Info: Internal Builder is used for build
arm-atollic-eabi-gcc -c ../src/drv_sensor.c -mthumb -mcpu=cortex-m3 -std=gnu11 -DSTM32 -DSTM32F1 -DSTM32F103C8Tx -DDEBUG -DSTM32F10X_MD -DUSE_STDPERIPH_DRIVER -I/home/mose/code/lorap/loramote_app/StdPeriph_Driver/inc -I/home/mose/code/lorap/loramote_app/inc -I/home/mose/code/lorap/loramote_app/CMSIS/device -I/home/mose/code/lorap/loramote_app/CMSIS/core -O0 -ffunction-sections -g3 -fstack-usage -Wall -specs=nano.specs -o src/drv_sensor.o 
arm-atollic-eabi-gcc -o loramote_app.elf CMSIS/core/core_cm3.o StdPeriph_Driver/src/misc.o StdPeriph_Driver/src/stm32f10x_adc.o StdPeriph_Driver/src/stm32f10x_bkp.o StdPeriph_Driver/src/stm32f10x_can.o StdPeriph_Driver/src/stm32f10x_cec.o StdPeriph_Driver/src/stm32f10x_crc.o StdPeriph_Driver/src/stm32f10x_dac.o StdPeriph_Driver/src/stm32f10x_dbgmcu.o StdPeriph_Driver/src/stm32f10x_dma.o StdPeriph_Driver/src/stm32f10x_exti.o StdPeriph_Driver/src/stm32f10x_flash.o StdPeriph_Driver/src/stm32f10x_fsmc.o StdPeriph_Driver/src/stm32f10x_gpio.o StdPeriph_Driver/src/stm32f10x_i2c.o StdPeriph_Driver/src/stm32f10x_iwdg.o StdPeriph_Driver/src/stm32f10x_pwr.o StdPeriph_Driver/src/stm32f10x_rcc.o StdPeriph_Driver/src/stm32f10x_rtc.o StdPeriph_Driver/src/stm32f10x_sdio.o StdPeriph_Driver/src/stm32f10x_spi.o StdPeriph_Driver/src/stm32f10x_tim.o StdPeriph_Driver/src/stm32f10x_usart.o StdPeriph_Driver/src/stm32f10x_wwdg.o src/drv_ds18b20.o src/drv_exti.o src/drv_flash.o src/drv_gpio.o src/drv_itemp.o src/drv_iwdg.o src/drv_roadled.o src/drv_sensor.o src/drv_spi.o src/drv_sx1278.o src/drv_timer.o src/drv_usart.o src/global.o src/main.o src/syscalls.o src/system_stm32f10x.o src/task.o src/task_forward.o src/task_irqcall.o src/task_sensor.o src/tools_lib.o startup/startup_stm32.o -mthumb -mcpu=cortex-m3 -T/home/mose/code/lorap/loramote_app/LinkerScript.ld -specs=nosys.specs -static -Wl,-cref,-u,Reset_Handler -Wl,-Map=loramote_app.map -Wl,--gc-sections -Wl,--defsym=malloc_getpagesize_P=0x80 -Wl,--start-group -lc -lm -Wl,--end-group -specs=nano.specs 
/opt/Atollic_TrueSTUDIO_for_STM32_x86_64_9.1.0/ide/jre/bin/java -jar /opt/Atollic_TrueSTUDIO_for_STM32_x86_64_9.1.0/Tools/arm-atollic-reports.jar sizeinfo list loramote_app.elf 
Generate build reports...
Print size information
   text	   data	    bss	    dec	    hex	filename
  15588	     28	   6332	  21948	   55bc	loramote_app.elf
Print size information done
Generate listing file
Output sent to: loramote_app.list
Generate listing file done
Generate build reports done
/opt/Atollic_TrueSTUDIO_for_STM32_x86_64_9.1.0/ARMTools/bin/arm-atollic-eabi-objcopy -O ihex loramote_app.elf loramote_app.hex 
/opt/Atollic_TrueSTUDIO_for_STM32_x86_64_9.1.0/ARMTools/bin/arm-atollic-eabi-objcopy -O binary loramote_app.elf loramote_app.bin 
/opt/Atollic_TrueSTUDIO_for_STM32_x86_64_9.1.0/ARMTools/bin/arm-atollic-eabi-size loramote_app.elf 
   text	   data	    bss	    dec	    hex	filename
  15588	     28	   6332	  21948	   55bc	loramote_app.elf
Info: Nothing to build for loragw_app
17:44:35 **** Incremental Build of configuration Debug for project loramote_app ****
Info: Internal Builder is used for build
arm-atollic-eabi-gcc -c ../src/drv_sensor.c -mthumb -mcpu=cortex-m3 -std=gnu11 -DSTM32 -DSTM32F1 -DSTM32F103C8Tx -DDEBUG -DSTM32F10X_MD -DUSE_STDPERIPH_DRIVER -I/home/mose/code/lorap/loramote_app/StdPeriph_Driver/inc -I/home/mose/code/lorap/loramote_app/inc -I/home/mose/code/lorap/loramote_app/CMSIS/device -I/home/mose/code/lorap/loramote_app/CMSIS/core -O0 -ffunction-sections -g3 -fstack-usage -Wall -specs=nano.specs -o src/drv_sensor.o 
[...]
/opt/Atollic_TrueSTUDIO_for_STM32_x86_64_9.1.0/ide/jre/bin/java -jar /opt/Atollic_TrueSTUDIO_for_STM32_x86_64_9.1.0/Tools/arm-atollic-reports.jar sizeinfo list loramote_app.elf 
Generate build reports...
Print size information
   text	   data	    bss	    dec	    hex	filename
  16064	     28	   6332	  22424	   5798	loramote_app.elf
Print size information done
Generate listing file
Output sent to: loramote_app.list
Generate listing file done
Generate build reports done
/opt/Atollic_TrueSTUDIO_for_STM32_x86_64_9.1.0/ARMTools/bin/arm-atollic-eabi-objcopy -O ihex loramote_app.elf loramote_app.hex 
/opt/Atollic_TrueSTUDIO_for_STM32_x86_64_9.1.0/ARMTools/bin/arm-atollic-eabi-objcopy -O binary loramote_app.elf loramote_app.bin 
/opt/Atollic_TrueSTUDIO_for_STM32_x86_64_9.1.0/ARMTools/bin/arm-atollic-eabi-size loramote_app.elf 
   text	   data	    bss	    dec	    hex	filename
  16064	     28	   6332	  22424	   5798	loramote_app.elf
Info: Nothing to build for loragw_app
11:59:45 **** Incremental Build of configuration Debug for project loramote_app ****
Info: Internal Builder is used for build
arm-atollic-eabi-gcc -c ../src/task_forward.c -mthumb -mcpu=cortex-m3 -std=gnu11 -DSTM32 -DSTM32F1 -DSTM32F103C8Tx -DDEBUG -DSTM32F10X_MD -DUSE_STDPERIPH_DRIVER -I/home/mose/code/lorap/loramote_app/StdPeriph_Driver/inc -I/home/mose/code/lorap/loramote_app/inc -I/home/mose/code/lorap/loramote_app/CMSIS/device -I/home/mose/code/lorap/loramote_app/CMSIS/core -O0 -ffunction-sections -g3 -fstack-usage -Wall -specs=nano.specs -o src/task_forward.o 
arm-atollic-eabi-gcc -o loramote_app.elf CMSIS/core/core_cm3.o StdPeriph_Driver/src/misc.o StdPeriph_Driver/src/stm32f10x_adc.o StdPeriph_Driver/src/stm32f10x_bkp.o StdPeriph_Driver/src/stm32f10x_can.o StdPeriph_Driver/src/stm32f10x_cec.o StdPeriph_Driver/src/stm32f10x_crc.o StdPeriph_Driver/src/stm32f10x_dac.o StdPeriph_Driver/src/stm32f10x_dbgmcu.o StdPeriph_Driver/src/stm32f10x_dma.o StdPeriph_Driver/src/stm32f10x_exti.o StdPeriph_Driver/src/stm32f10x_flash.o StdPeriph_Driver/src/stm32f10x_fsmc.o StdPeriph_Driver/src/stm32f10x_gpio.o StdPeriph_Driver/src/stm32f10x_i2c.o StdPeriph_Driver/src/stm32f10x_iwdg.o StdPeriph_Driver/src/stm32f10x_pwr.o StdPeriph_Driver/src/stm32f10x_rcc.o StdPeriph_Driver/src/stm32f10x_rtc.o StdPeriph_Driver/src/stm32f10x_sdio.o StdPeriph_Driver/src/stm32f10x_spi.o StdPeriph_Driver/src/stm32f10x_tim.o StdPeriph_Driver/src/stm32f10x_usart.o StdPeriph_Driver/src/stm32f10x_wwdg.o src/drv_ds18b20.o src/drv_exti.o src/drv_flash.o src/drv_gpio.o src/drv_itemp.o src/drv_iwdg.o src/drv_roadled.o src/drv_sensor.o src/drv_spi.o src/drv_sx1278.o src/drv_timer.o src/drv_usart.o src/global.o src/main.o src/syscalls.o src/system_stm32f10x.o src/task.o src/task_forward.o src/task_irqcall.o src/task_sensor.o src/tools_lib.o startup/startup_stm32.o -mthumb -mcpu=cortex-m3 -T/home/mose/code/lorap/loramote_app/LinkerScript.ld -specs=nosys.specs -static -Wl,-cref,-u,Reset_Handler -Wl,-Map=loramote_app.map -Wl,--gc-sections -Wl,--defsym=malloc_getpagesize_P=0x80 -Wl,--start-group -lc -lm -Wl,--end-group -specs=nano.specs 
/opt/Atollic_TrueSTUDIO_for_STM32_x86_64_9.1.0/ide/jre/bin/java -jar /opt/Atollic_TrueSTUDIO_for_STM32_x86_64_9.1.0/Tools/arm-atollic-reports.jar sizeinfo list loramote_app.elf 
Generate build reports...
Print size information
   text	   data	    bss	    dec	    hex	filename
  16084	     28	   6332	  22444	   57ac	loramote_app.elf
Print size information done
Generate listing file
Output sent to: loramote_app.list
Generate listing file done
Generate build reports done
/opt/Atollic_TrueSTUDIO_for_STM32_x86_64_9.1.0/ARMTools/bin/arm-atollic-eabi-objcopy -O ihex loramote_app.elf loramote_app.hex 
/opt/Atollic_TrueSTUDIO_for_STM32_x86_64_9.1.0/ARMTools/bin/arm-atollic-eabi-objcopy -O binary loramote_app.elf loramote_app.bin 
/opt/Atollic_TrueSTUDIO_for_STM32_x86_64_9.1.0/ARMTools/bin/arm-atollic-eabi-size loramote_app.elf 
   text	   data	    bss	    dec	    hex	filename
  16084	     28	   6332	  22444	   57ac	loramote_app.elf
Info: Nothing to build for loragw_app
14:16:54 **** Incremental Build of configuration Debug for project loramote_app ****
Info: Internal Builder is used for build
arm-atollic-eabi-gcc -c ../src/task_forward.c -mthumb -mcpu=cortex-m3 -std=gnu11 -DSTM32 -DSTM32F1 -DSTM32F103C8Tx -DDEBUG -DSTM32F10X_MD -DUSE_STDPERIPH_DRIVER -I/home/mose/code/lorap/loramote_app/StdPeriph_Driver/inc -I/home/mose/code/lorap/loramote_app/inc -I/home/mose/code/lorap/loramote_app/CMSIS/device -I/home/mose/code/lorap/loramote_app/CMSIS/core -O0 -ffunction-sections -g3 -fstack-usage -Wall -specs=nano.specs -o src/task_forward.o 
arm-atollic-eabi-gcc -o loramote_app.elf CMSIS/core/core_cm3.o StdPeriph_Driver/src/misc.o StdPeriph_Driver/src/stm32f10x_adc.o StdPeriph_Driver/src/stm32f10x_bkp.o StdPeriph_Driver/src/stm32f10x_can.o StdPeriph_Driver/src/stm32f10x_cec.o StdPeriph_Driver/src/stm32f10x_crc.o StdPeriph_Driver/src/stm32f10x_dac.o StdPeriph_Driver/src/stm32f10x_dbgmcu.o StdPeriph_Driver/src/stm32f10x_dma.o StdPeriph_Driver/src/stm32f10x_exti.o StdPeriph_Driver/src/stm32f10x_flash.o StdPeriph_Driver/src/stm32f10x_fsmc.o StdPeriph_Driver/src/stm32f10x_gpio.o StdPeriph_Driver/src/stm32f10x_i2c.o StdPeriph_Driver/src/stm32f10x_iwdg.o StdPeriph_Driver/src/stm32f10x_pwr.o StdPeriph_Driver/src/stm32f10x_rcc.o StdPeriph_Driver/src/stm32f10x_rtc.o StdPeriph_Driver/src/stm32f10x_sdio.o StdPeriph_Driver/src/stm32f10x_spi.o StdPeriph_Driver/src/stm32f10x_tim.o StdPeriph_Driver/src/stm32f10x_usart.o StdPeriph_Driver/src/stm32f10x_wwdg.o src/drv_ds18b20.o src/drv_exti.o src/drv_flash.o src/drv_gpio.o src/drv_itemp.o src/drv_iwdg.o src/drv_roadled.o src/drv_sensor.o src/drv_spi.o src/drv_sx1278.o src/drv_timer.o src/drv_usart.o src/global.o src/main.o src/syscalls.o src/system_stm32f10x.o src/task.o src/task_forward.o src/task_irqcall.o src/task_sensor.o src/tools_lib.o startup/startup_stm32.o -mthumb -mcpu=cortex-m3 -T/home/mose/code/lorap/loramote_app/LinkerScript.ld -specs=nosys.specs -static -Wl,-cref,-u,Reset_Handler -Wl,-Map=loramote_app.map -Wl,--gc-sections -Wl,--defsym=malloc_getpagesize_P=0x80 -Wl,--start-group -lc -lm -Wl,--end-group -specs=nano.specs 
/opt/Atollic_TrueSTUDIO_for_STM32_x86_64_9.1.0/ide/jre/bin/java -jar /opt/Atollic_TrueSTUDIO_for_STM32_x86_64_9.1.0/Tools/arm-atollic-reports.jar sizeinfo list loramote_app.elf 
Generate build reports...
Print size information
   text	   data	    bss	    dec	    hex	filename
  16092	     28	   6332	  22452	   57b4	loramote_app.elf
Print size information done
Generate listing file
Output sent to: loramote_app.list
Generate listing file done
Generate build reports done
/opt/Atollic_TrueSTUDIO_for_STM32_x86_64_9.1.0/ARMTools/bin/arm-atollic-eabi-objcopy -O ihex loramote_app.elf loramote_app.hex 
/opt/Atollic_TrueSTUDIO_for_STM32_x86_64_9.1.0/ARMTools/bin/arm-atollic-eabi-objcopy -O binary loramote_app.elf loramote_app.bin 
/opt/Atollic_TrueSTUDIO_for_STM32_x86_64_9.1.0/ARMTools/bin/arm-atollic-eabi-size loramote_app.elf 
   text	   data	    bss	    dec	    hex	filename
  16092	     28	   6332	  22452	   57b4	loramote_app.elf
14:36:45 **** Incremental Build of configuration Debug for project loragw_app ****
Info: Internal Builder is used for build
arm-atollic-eabi-gcc -c ../src/task_irqcall.c -mthumb -mcpu=cortex-m3 -std=gnu11 -DSTM32 -DSTM32F1 -DSTM32F103RCTx -DDEBUG -DSTM32F10X_HD -DUSE_STDPERIPH_DRIVER -I/home/mose/code/lorap/loragw_app/StdPeriph_Driver/inc -I/home/mose/code/lorap/loragw_app/inc -I/home/mose/code/lorap/loragw_app/CMSIS/device -I/home/mose/code/lorap/loragw_app/CMSIS/core -O0 -ffunction-sections -g3 -fstack-usage -Wall -specs=nano.specs -o src/task_irqcall.o 
arm-atollic-eabi-gcc -o loragw_app.elf CMSIS/core/core_cm3.o StdPeriph_Driver/src/misc.o StdPeriph_Driver/src/stm32f10x_adc.o StdPeriph_Driver/src/stm32f10x_bkp.o StdPeriph_Driver/src/stm32f10x_can.o StdPeriph_Driver/src/stm32f10x_cec.o StdPeriph_Driver/src/stm32f10x_crc.o StdPeriph_Driver/src/stm32f10x_dac.o StdPeriph_Driver/src/stm32f10x_dbgmcu.o StdPeriph_Driver/src/stm32f10x_dma.o StdPeriph_Driver/src/stm32f10x_exti.o StdPeriph_Driver/src/stm32f10x_flash.o StdPeriph_Driver/src/stm32f10x_fsmc.o StdPeriph_Driver/src/stm32f10x_gpio.o StdPeriph_Driver/src/stm32f10x_i2c.o StdPeriph_Driver/src/stm32f10x_iwdg.o StdPeriph_Driver/src/stm32f10x_pwr.o StdPeriph_Driver/src/stm32f10x_rcc.o StdPeriph_Driver/src/stm32f10x_rtc.o StdPeriph_Driver/src/stm32f10x_sdio.o StdPeriph_Driver/src/stm32f10x_spi.o StdPeriph_Driver/src/stm32f10x_tim.o StdPeriph_Driver/src/stm32f10x_usart.o StdPeriph_Driver/src/stm32f10x_wwdg.o src/drv_exti.o src/drv_flash.o src/drv_gpio.o src/drv_itemp.o src/drv_iwdg.o src/drv_spi.o src/drv_sx1278.o src/drv_timer.o src/drv_usart.o src/drv_w5500.o src/global.o src/main.o src/syscalls.o src/system_stm32f10x.o src/task.o src/task_forward.o src/task_heartbeat.o src/task_irqcall.o src/task_reboot.o src/task_upgrade.o src/tools_lib.o startup/startup_stm32.o -mthumb -mcpu=cortex-m3 -T/home/mose/code/lorap/loragw_app/LinkerScript.ld -specs=nosys.specs -static -Wl,-cref,-u,Reset_Handler -Wl,-Map=loragw_app.map -Wl,--gc-sections -Wl,--defsym=malloc_getpagesize_P=0x80 -Wl,--start-group -lc -lm -Wl,--end-group -specs=nano.specs 
/opt/Atollic_TrueSTUDIO_for_STM32_x86_64_9.1.0/ide/jre/bin/java -jar /opt/Atollic_TrueSTUDIO_for_STM32_x86_64_9.1.0/Tools/arm-atollic-reports.jar sizeinfo list loragw_app.elf 
Generate build reports...
Print size information
   text	   data	    bss	    dec	    hex	filename
  22984	     28	   7100	  30112	   75a0	loragw_app.elf
Print size information done
Generate listing file
Output sent to: loragw_app.list
Generate listing file done
Generate build reports done
/opt/Atollic_TrueSTUDIO_for_STM32_x86_64_9.1.0/ARMTools/bin/arm-atollic-eabi-objcopy -O ihex loragw_app.elf loragw_app.hex 
/opt/Atollic_TrueSTUDIO_for_STM32_x86_64_9.1.0/ARMTools/bin/arm-atollic-eabi-objcopy -O binary loragw_app.elf loragw_app.bin 
/opt/Atollic_TrueSTUDIO_for_STM32_x86_64_9.1.0/ARMTools/bin/arm-atollic-eabi-size loragw_app.elf 
   text	   data	    bss	    dec	    hex	filename
  22984	     28	   7100	  30112	   75a0	loragw_app.elf
14:36:46 **** Incremental Build of configuration Debug for project loramote_app ****
Info: Internal Builder is used for build
arm-atollic-eabi-gcc -c ../src/task_irqcall.c -mthumb -mcpu=cortex-m3 -std=gnu11 -DSTM32 -DSTM32F1 -DSTM32F103C8Tx -DDEBUG -DSTM32F10X_MD -DUSE_STDPERIPH_DRIVER -I/home/mose/code/lorap/loramote_app/StdPeriph_Driver/inc -I/home/mose/code/lorap/loramote_app/inc -I/home/mose/code/lorap/loramote_app/CMSIS/device -I/home/mose/code/lorap/loramote_app/CMSIS/core -O0 -ffunction-sections -g3 -fstack-usage -Wall -specs=nano.specs -o src/task_irqcall.o 
arm-atollic-eabi-gcc -o loramote_app.elf CMSIS/core/core_cm3.o StdPeriph_Driver/src/misc.o StdPeriph_Driver/src/stm32f10x_adc.o StdPeriph_Driver/src/stm32f10x_bkp.o StdPeriph_Driver/src/stm32f10x_can.o StdPeriph_Driver/src/stm32f10x_cec.o StdPeriph_Driver/src/stm32f10x_crc.o StdPeriph_Driver/src/stm32f10x_dac.o StdPeriph_Driver/src/stm32f10x_dbgmcu.o StdPeriph_Driver/src/stm32f10x_dma.o StdPeriph_Driver/src/stm32f10x_exti.o StdPeriph_Driver/src/stm32f10x_flash.o StdPeriph_Driver/src/stm32f10x_fsmc.o StdPeriph_Driver/src/stm32f10x_gpio.o StdPeriph_Driver/src/stm32f10x_i2c.o StdPeriph_Driver/src/stm32f10x_iwdg.o StdPeriph_Driver/src/stm32f10x_pwr.o StdPeriph_Driver/src/stm32f10x_rcc.o StdPeriph_Driver/src/stm32f10x_rtc.o StdPeriph_Driver/src/stm32f10x_sdio.o StdPeriph_Driver/src/stm32f10x_spi.o StdPeriph_Driver/src/stm32f10x_tim.o StdPeriph_Driver/src/stm32f10x_usart.o StdPeriph_Driver/src/stm32f10x_wwdg.o src/drv_ds18b20.o src/drv_exti.o src/drv_flash.o src/drv_gpio.o src/drv_itemp.o src/drv_iwdg.o src/drv_roadled.o src/drv_sensor.o src/drv_spi.o src/drv_sx1278.o src/drv_timer.o src/drv_usart.o src/global.o src/main.o src/syscalls.o src/system_stm32f10x.o src/task.o src/task_forward.o src/task_irqcall.o src/task_sensor.o src/tools_lib.o startup/startup_stm32.o -mthumb -mcpu=cortex-m3 -T/home/mose/code/lorap/loramote_app/LinkerScript.ld -specs=nosys.specs -static -Wl,-cref,-u,Reset_Handler -Wl,-Map=loramote_app.map -Wl,--gc-sections -Wl,--defsym=malloc_getpagesize_P=0x80 -Wl,--start-group -lc -lm -Wl,--end-group -specs=nano.specs 
/opt/Atollic_TrueSTUDIO_for_STM32_x86_64_9.1.0/ide/jre/bin/java -jar /opt/Atollic_TrueSTUDIO_for_STM32_x86_64_9.1.0/Tools/arm-atollic-reports.jar sizeinfo list loramote_app.elf 
Generate build reports...
Print size information
   text	   data	    bss	    dec	    hex	filename
  16092	     28	   6332	  22452	   57b4	loramote_app.elf
Print size information done
Generate listing file
Output sent to: loramote_app.list
Generate listing file done
Generate build reports done
/opt/Atollic_TrueSTUDIO_for_STM32_x86_64_9.1.0/ARMTools/bin/arm-atollic-eabi-objcopy -O ihex loramote_app.elf loramote_app.hex 
/opt/Atollic_TrueSTUDIO_for_STM32_x86_64_9.1.0/ARMTools/bin/arm-atollic-eabi-objcopy -O binary loramote_app.elf loramote_app.bin 
/opt/Atollic_TrueSTUDIO_for_STM32_x86_64_9.1.0/ARMTools/bin/arm-atollic-eabi-size loramote_app.elf 
   text	   data	    bss	    dec	    hex	filename
  16092	     28	   6332	  22452	   57b4	loramote_app.elf
15:19:42 **** Incremental Build of configuration Debug for project loragw_app ****
Info: Internal Builder is used for build
arm-atollic-eabi-gcc -c ../src/drv_w5500.c -mthumb -mcpu=cortex-m3 -std=gnu11 -DSTM32 -DSTM32F1 -DSTM32F103RCTx -DDEBUG -DSTM32F10X_HD -DUSE_STDPERIPH_DRIVER -I/home/mose/code/lorap/loragw_app/StdPeriph_Driver/inc -I/home/mose/code/lorap/loragw_app/inc -I/home/mose/code/lorap/loragw_app/CMSIS/device -I/home/mose/code/lorap/loragw_app/CMSIS/core -O0 -ffunction-sections -g3 -fstack-usage -Wall -specs=nano.specs -o src/drv_w5500.o 
arm-atollic-eabi-gcc -c ../src/global.c -mthumb -mcpu=cortex-m3 -std=gnu11 -DSTM32 -DSTM32F1 -DSTM32F103RCTx -DDEBUG -DSTM32F10X_HD -DUSE_STDPERIPH_DRIVER -I/home/mose/code/lorap/loragw_app/StdPeriph_Driver/inc -I/home/mose/code/lorap/loragw_app/inc -I/home/mose/code/lorap/loragw_app/CMSIS/device -I/home/mose/code/lorap/loragw_app/CMSIS/core -O0 -ffunction-sections -g3 -fstack-usage -Wall -specs=nano.specs -o src/global.o 
arm-atollic-eabi-gcc -o loragw_app.elf CMSIS/core/core_cm3.o StdPeriph_Driver/src/misc.o StdPeriph_Driver/src/stm32f10x_adc.o StdPeriph_Driver/src/stm32f10x_bkp.o StdPeriph_Driver/src/stm32f10x_can.o StdPeriph_Driver/src/stm32f10x_cec.o StdPeriph_Driver/src/stm32f10x_crc.o StdPeriph_Driver/src/stm32f10x_dac.o StdPeriph_Driver/src/stm32f10x_dbgmcu.o StdPeriph_Driver/src/stm32f10x_dma.o StdPeriph_Driver/src/stm32f10x_exti.o StdPeriph_Driver/src/stm32f10x_flash.o StdPeriph_Driver/src/stm32f10x_fsmc.o StdPeriph_Driver/src/stm32f10x_gpio.o StdPeriph_Driver/src/stm32f10x_i2c.o StdPeriph_Driver/src/stm32f10x_iwdg.o StdPeriph_Driver/src/stm32f10x_pwr.o StdPeriph_Driver/src/stm32f10x_rcc.o StdPeriph_Driver/src/stm32f10x_rtc.o StdPeriph_Driver/src/stm32f10x_sdio.o StdPeriph_Driver/src/stm32f10x_spi.o StdPeriph_Driver/src/stm32f10x_tim.o StdPeriph_Driver/src/stm32f10x_usart.o StdPeriph_Driver/src/stm32f10x_wwdg.o src/drv_exti.o src/drv_flash.o src/drv_gpio.o src/drv_itemp.o src/drv_iwdg.o src/drv_spi.o src/drv_sx1278.o src/drv_timer.o src/drv_usart.o src/drv_w5500.o src/global.o src/main.o src/syscalls.o src/system_stm32f10x.o src/task.o src/task_forward.o src/task_heartbeat.o src/task_irqcall.o src/task_reboot.o src/task_upgrade.o src/tools_lib.o startup/startup_stm32.o -mthumb -mcpu=cortex-m3 -T/home/mose/code/lorap/loragw_app/LinkerScript.ld -specs=nosys.specs -static -Wl,-cref,-u,Reset_Handler -Wl,-Map=loragw_app.map -Wl,--gc-sections -Wl,--defsym=malloc_getpagesize_P=0x80 -Wl,--start-group -lc -lm -Wl,--end-group -specs=nano.specs 
/opt/Atollic_TrueSTUDIO_for_STM32_x86_64_9.1.0/ide/jre/bin/java -jar /opt/Atollic_TrueSTUDIO_for_STM32_x86_64_9.1.0/Tools/arm-atollic-reports.jar sizeinfo list loragw_app.elf 
Generate build reports...
Print size information
   text	   data	    bss	    dec	    hex	filename
  22984	     28	   7100	  30112	   75a0	loragw_app.elf
Print size information done
Generate listing file
Output sent to: loragw_app.list
Generate listing file done
Generate build reports done
/opt/Atollic_TrueSTUDIO_for_STM32_x86_64_9.1.0/ARMTools/bin/arm-atollic-eabi-objcopy -O ihex loragw_app.elf loragw_app.hex 
/opt/Atollic_TrueSTUDIO_for_STM32_x86_64_9.1.0/ARMTools/bin/arm-atollic-eabi-objcopy -O binary loragw_app.elf loragw_app.bin 
/opt/Atollic_TrueSTUDIO_for_STM32_x86_64_9.1.0/ARMTools/bin/arm-atollic-eabi-size loragw_app.elf 
   text	   data	    bss	    dec	    hex	filename
  22984	     28	   7100	  30112	   75a0	loragw_app.elf
15:19:43 **** Incremental Build of configuration Debug for project loramote_app ****
Info: Internal Builder is used for build
arm-atollic-eabi-gcc -c ../src/global.c -mthumb -mcpu=cortex-m3 -std=gnu11 -DSTM32 -DSTM32F1 -DSTM32F103C8Tx -DDEBUG -DSTM32F10X_MD -DUSE_STDPERIPH_DRIVER -I/home/mose/code/lorap/loramote_app/StdPeriph_Driver/inc -I/home/mose/code/lorap/loramote_app/inc -I/home/mose/code/lorap/loramote_app/CMSIS/device -I/home/mose/code/lorap/loramote_app/CMSIS/core -O0 -ffunction-sections -g3 -fstack-usage -Wall -specs=nano.specs -o src/global.o 
arm-atollic-eabi-gcc -o loramote_app.elf CMSIS/core/core_cm3.o StdPeriph_Driver/src/misc.o StdPeriph_Driver/src/stm32f10x_adc.o StdPeriph_Driver/src/stm32f10x_bkp.o StdPeriph_Driver/src/stm32f10x_can.o StdPeriph_Driver/src/stm32f10x_cec.o StdPeriph_Driver/src/stm32f10x_crc.o StdPeriph_Driver/src/stm32f10x_dac.o StdPeriph_Driver/src/stm32f10x_dbgmcu.o StdPeriph_Driver/src/stm32f10x_dma.o StdPeriph_Driver/src/stm32f10x_exti.o StdPeriph_Driver/src/stm32f10x_flash.o StdPeriph_Driver/src/stm32f10x_fsmc.o StdPeriph_Driver/src/stm32f10x_gpio.o StdPeriph_Driver/src/stm32f10x_i2c.o StdPeriph_Driver/src/stm32f10x_iwdg.o StdPeriph_Driver/src/stm32f10x_pwr.o StdPeriph_Driver/src/stm32f10x_rcc.o StdPeriph_Driver/src/stm32f10x_rtc.o StdPeriph_Driver/src/stm32f10x_sdio.o StdPeriph_Driver/src/stm32f10x_spi.o StdPeriph_Driver/src/stm32f10x_tim.o StdPeriph_Driver/src/stm32f10x_usart.o StdPeriph_Driver/src/stm32f10x_wwdg.o src/drv_ds18b20.o src/drv_exti.o src/drv_flash.o src/drv_gpio.o src/drv_itemp.o src/drv_iwdg.o src/drv_roadled.o src/drv_sensor.o src/drv_spi.o src/drv_sx1278.o src/drv_timer.o src/drv_usart.o src/global.o src/main.o src/syscalls.o src/system_stm32f10x.o src/task.o src/task_forward.o src/task_irqcall.o src/task_sensor.o src/tools_lib.o startup/startup_stm32.o -mthumb -mcpu=cortex-m3 -T/home/mose/code/lorap/loramote_app/LinkerScript.ld -specs=nosys.specs -static -Wl,-cref,-u,Reset_Handler -Wl,-Map=loramote_app.map -Wl,--gc-sections -Wl,--defsym=malloc_getpagesize_P=0x80 -Wl,--start-group -lc -lm -Wl,--end-group -specs=nano.specs 
/opt/Atollic_TrueSTUDIO_for_STM32_x86_64_9.1.0/ide/jre/bin/java -jar /opt/Atollic_TrueSTUDIO_for_STM32_x86_64_9.1.0/Tools/arm-atollic-reports.jar sizeinfo list loramote_app.elf 
Generate build reports...
Print size information
   text	   data	    bss	    dec	    hex	filename
  16092	     28	   6332	  22452	   57b4	loramote_app.elf
Print size information done
Generate listing file
Output sent to: loramote_app.list
Generate listing file done
Generate build reports done
/opt/Atollic_TrueSTUDIO_for_STM32_x86_64_9.1.0/ARMTools/bin/arm-atollic-eabi-objcopy -O ihex loramote_app.elf loramote_app.hex 
/opt/Atollic_TrueSTUDIO_for_STM32_x86_64_9.1.0/ARMTools/bin/arm-atollic-eabi-objcopy -O binary loramote_app.elf loramote_app.bin 
/opt/Atollic_TrueSTUDIO_for_STM32_x86_64_9.1.0/ARMTools/bin/arm-atollic-eabi-size loramote_app.elf 
   text	   data	    bss	    dec	    hex	filename
  16092	     28	   6332	  22452	   57b4	loramote_app.elf
