Info: Nothing to build for loramote_app
11:01:53 **** Incremental Build of configuration Debug for project loramote_app ****
Info: Internal Builder is used for build
arm-atollic-eabi-gcc -c ../src/global.c -mthumb -mcpu=cortex-m3 -std=gnu11 -DSTM32 -DSTM32F1 -DSTM32F103C8Tx -DDEBUG -DSTM32F10X_MD -DUSE_STDPERIPH_DRIVER -I/home/mose/code/lorap/loramote_app/StdPeriph_Driver/inc -I/home/mose/code/lorap/loramote_app/inc -I/home/mose/code/lorap/loramote_app/CMSIS/device -I/home/mose/code/lorap/loramote_app/CMSIS/core -O0 -ffunction-sections -g3 -fstack-usage -Wall -specs=nano.specs -o src/global.o 
arm-atollic-eabi-gcc -o loramote_app.elf CMSIS/core/core_cm3.o StdPeriph_Driver/src/misc.o StdPeriph_Driver/src/stm32f10x_adc.o StdPeriph_Driver/src/stm32f10x_bkp.o StdPeriph_Driver/src/stm32f10x_can.o StdPeriph_Driver/src/stm32f10x_cec.o StdPeriph_Driver/src/stm32f10x_crc.o StdPeriph_Driver/src/stm32f10x_dac.o StdPeriph_Driver/src/stm32f10x_dbgmcu.o StdPeriph_Driver/src/stm32f10x_dma.o StdPeriph_Driver/src/stm32f10x_exti.o StdPeriph_Driver/src/stm32f10x_flash.o StdPeriph_Driver/src/stm32f10x_fsmc.o StdPeriph_Driver/src/stm32f10x_gpio.o StdPeriph_Driver/src/stm32f10x_i2c.o StdPeriph_Driver/src/stm32f10x_iwdg.o StdPeriph_Driver/src/stm32f10x_pwr.o StdPeriph_Driver/src/stm32f10x_rcc.o StdPeriph_Driver/src/stm32f10x_rtc.o StdPeriph_Driver/src/stm32f10x_sdio.o StdPeriph_Driver/src/stm32f10x_spi.o StdPeriph_Driver/src/stm32f10x_tim.o StdPeriph_Driver/src/stm32f10x_usart.o StdPeriph_Driver/src/stm32f10x_wwdg.o src/drv_exti.o src/drv_flash.o src/drv_gpio.o src/drv_itemp.o src/drv_iwdg.o src/drv_spi.o src/drv_sx1278.o src/drv_timer.o src/drv_usart.o src/global.o src/main.o src/syscalls.o src/system_stm32f10x.o src/task.o src/task_forward.o src/task_irqcall.o src/tools_lib.o startup/startup_stm32.o -mthumb -mcpu=cortex-m3 -T/home/mose/code/lorap/loramote_app/LinkerScript.ld -specs=nosys.specs -static -Wl,-cref,-u,Reset_Handler -Wl,-Map=loramote_app.map -Wl,--gc-sections -Wl,--defsym=malloc_getpagesize_P=0x80 -Wl,--start-group -lc -lm -Wl,--end-group -specs=nano.specs 
/opt/Atollic_TrueSTUDIO_for_STM32_x86_64_9.1.0/ide/jre/bin/java -jar /opt/Atollic_TrueSTUDIO_for_STM32_x86_64_9.1.0/Tools/arm-atollic-reports.jar sizeinfo list loramote_app.elf 
Generate build reports...
Print size information
   text	   data	    bss	    dec	    hex	filename
  10340	     28	   6076	  16444	   403c	loramote_app.elf
Print size information done
Generate listing file
Output sent to: loramote_app.list
Generate listing file done
Generate build reports done
/opt/Atollic_TrueSTUDIO_for_STM32_x86_64_9.1.0/ARMTools/bin/arm-atollic-eabi-objcopy -O ihex loramote_app.elf loramote_app.hex 
/opt/Atollic_TrueSTUDIO_for_STM32_x86_64_9.1.0/ARMTools/bin/arm-atollic-eabi-objcopy -O binary loramote_app.elf loramote_app.bin 
/opt/Atollic_TrueSTUDIO_for_STM32_x86_64_9.1.0/ARMTools/bin/arm-atollic-eabi-size loramote_app.elf 
   text	   data	    bss	    dec	    hex	filename
  10340	     28	   6076	  16444	   403c	loramote_app.elf
12:00:55 **** Incremental Build of configuration Debug for project loragw_app ****
Info: Internal Builder is used for build
arm-atollic-eabi-gcc -c ../src/task_heartbeat.c -mthumb -mcpu=cortex-m3 -std=gnu11 -DSTM32 -DSTM32F1 -DSTM32F103RCTx -DDEBUG -DSTM32F10X_HD -DUSE_STDPERIPH_DRIVER -I/home/mose/code/lorap/loragw_app/StdPeriph_Driver/inc -I/home/mose/code/lorap/loragw_app/inc -I/home/mose/code/lorap/loragw_app/CMSIS/device -I/home/mose/code/lorap/loragw_app/CMSIS/core -O0 -ffunction-sections -g3 -fstack-usage -Wall -specs=nano.specs -o src/task_heartbeat.o 
arm-atollic-eabi-gcc -c ../src/task_forward.c -mthumb -mcpu=cortex-m3 -std=gnu11 -DSTM32 -DSTM32F1 -DSTM32F103RCTx -DDEBUG -DSTM32F10X_HD -DUSE_STDPERIPH_DRIVER -I/home/mose/code/lorap/loragw_app/StdPeriph_Driver/inc -I/home/mose/code/lorap/loragw_app/inc -I/home/mose/code/lorap/loragw_app/CMSIS/device -I/home/mose/code/lorap/loragw_app/CMSIS/core -O0 -ffunction-sections -g3 -fstack-usage -Wall -specs=nano.specs -o src/task_forward.o 
arm-atollic-eabi-gcc -c ../src/task_reboot.c -mthumb -mcpu=cortex-m3 -std=gnu11 -DSTM32 -DSTM32F1 -DSTM32F103RCTx -DDEBUG -DSTM32F10X_HD -DUSE_STDPERIPH_DRIVER -I/home/mose/code/lorap/loragw_app/StdPeriph_Driver/inc -I/home/mose/code/lorap/loragw_app/inc -I/home/mose/code/lorap/loragw_app/CMSIS/device -I/home/mose/code/lorap/loragw_app/CMSIS/core -O0 -ffunction-sections -g3 -fstack-usage -Wall -specs=nano.specs -o src/task_reboot.o 
arm-atollic-eabi-gcc -c ../src/drv_sx1278.c -mthumb -mcpu=cortex-m3 -std=gnu11 -DSTM32 -DSTM32F1 -DSTM32F103RCTx -DDEBUG -DSTM32F10X_HD -DUSE_STDPERIPH_DRIVER -I/home/mose/code/lorap/loragw_app/StdPeriph_Driver/inc -I/home/mose/code/lorap/loragw_app/inc -I/home/mose/code/lorap/loragw_app/CMSIS/device -I/home/mose/code/lorap/loragw_app/CMSIS/core -O0 -ffunction-sections -g3 -fstack-usage -Wall -specs=nano.specs -o src/drv_sx1278.o 
arm-atollic-eabi-gcc -c ../src/task_upgrade.c -mthumb -mcpu=cortex-m3 -std=gnu11 -DSTM32 -DSTM32F1 -DSTM32F103RCTx -DDEBUG -DSTM32F10X_HD -DUSE_STDPERIPH_DRIVER -I/home/mose/code/lorap/loragw_app/StdPeriph_Driver/inc -I/home/mose/code/lorap/loragw_app/inc -I/home/mose/code/lorap/loragw_app/CMSIS/device -I/home/mose/code/lorap/loragw_app/CMSIS/core -O0 -ffunction-sections -g3 -fstack-usage -Wall -specs=nano.specs -o src/task_upgrade.o 
arm-atollic-eabi-gcc -c ../src/main.c -mthumb -mcpu=cortex-m3 -std=gnu11 -DSTM32 -DSTM32F1 -DSTM32F103RCTx -DDEBUG -DSTM32F10X_HD -DUSE_STDPERIPH_DRIVER -I/home/mose/code/lorap/loragw_app/StdPeriph_Driver/inc -I/home/mose/code/lorap/loragw_app/inc -I/home/mose/code/lorap/loragw_app/CMSIS/device -I/home/mose/code/lorap/loragw_app/CMSIS/core -O0 -ffunction-sections -g3 -fstack-usage -Wall -specs=nano.specs -o src/main.o 
arm-atollic-eabi-gcc -c ../src/drv_exti.c -mthumb -mcpu=cortex-m3 -std=gnu11 -DSTM32 -DSTM32F1 -DSTM32F103RCTx -DDEBUG -DSTM32F10X_HD -DUSE_STDPERIPH_DRIVER -I/home/mose/code/lorap/loragw_app/StdPeriph_Driver/inc -I/home/mose/code/lorap/loragw_app/inc -I/home/mose/code/lorap/loragw_app/CMSIS/device -I/home/mose/code/lorap/loragw_app/CMSIS/core -O0 -ffunction-sections -g3 -fstack-usage -Wall -specs=nano.specs -o src/drv_exti.o 
arm-atollic-eabi-gcc -c ../src/task_irqcall.c -mthumb -mcpu=cortex-m3 -std=gnu11 -DSTM32 -DSTM32F1 -DSTM32F103RCTx -DDEBUG -DSTM32F10X_HD -DUSE_STDPERIPH_DRIVER -I/home/mose/code/lorap/loragw_app/StdPeriph_Driver/inc -I/home/mose/code/lorap/loragw_app/inc -I/home/mose/code/lorap/loragw_app/CMSIS/device -I/home/mose/code/lorap/loragw_app/CMSIS/core -O0 -ffunction-sections -g3 -fstack-usage -Wall -specs=nano.specs -o src/task_irqcall.o 
arm-atollic-eabi-gcc -c ../src/global.c -mthumb -mcpu=cortex-m3 -std=gnu11 -DSTM32 -DSTM32F1 -DSTM32F103RCTx -DDEBUG -DSTM32F10X_HD -DUSE_STDPERIPH_DRIVER -I/home/mose/code/lorap/loragw_app/StdPeriph_Driver/inc -I/home/mose/code/lorap/loragw_app/inc -I/home/mose/code/lorap/loragw_app/CMSIS/device -I/home/mose/code/lorap/loragw_app/CMSIS/core -O0 -ffunction-sections -g3 -fstack-usage -Wall -specs=nano.specs -o src/global.o 
arm-atollic-eabi-gcc -c ../src/drv_usart.c -mthumb -mcpu=cortex-m3 -std=gnu11 -DSTM32 -DSTM32F1 -DSTM32F103RCTx -DDEBUG -DSTM32F10X_HD -DUSE_STDPERIPH_DRIVER -I/home/mose/code/lorap/loragw_app/StdPeriph_Driver/inc -I/home/mose/code/lorap/loragw_app/inc -I/home/mose/code/lorap/loragw_app/CMSIS/device -I/home/mose/code/lorap/loragw_app/CMSIS/core -O0 -ffunction-sections -g3 -fstack-usage -Wall -specs=nano.specs -o src/drv_usart.o 
arm-atollic-eabi-gcc -c ../src/drv_timer.c -mthumb -mcpu=cortex-m3 -std=gnu11 -DSTM32 -DSTM32F1 -DSTM32F103RCTx -DDEBUG -DSTM32F10X_HD -DUSE_STDPERIPH_DRIVER -I/home/mose/code/lorap/loragw_app/StdPeriph_Driver/inc -I/home/mose/code/lorap/loragw_app/inc -I/home/mose/code/lorap/loragw_app/CMSIS/device -I/home/mose/code/lorap/loragw_app/CMSIS/core -O0 -ffunction-sections -g3 -fstack-usage -Wall -specs=nano.specs -o src/drv_timer.o 
arm-atollic-eabi-gcc -c ../src/tools_lib.c -mthumb -mcpu=cortex-m3 -std=gnu11 -DSTM32 -DSTM32F1 -DSTM32F103RCTx -DDEBUG -DSTM32F10X_HD -DUSE_STDPERIPH_DRIVER -I/home/mose/code/lorap/loragw_app/StdPeriph_Driver/inc -I/home/mose/code/lorap/loragw_app/inc -I/home/mose/code/lorap/loragw_app/CMSIS/device -I/home/mose/code/lorap/loragw_app/CMSIS/core -O0 -ffunction-sections -g3 -fstack-usage -Wall -specs=nano.specs -o src/tools_lib.o 
../src/tools_lib.c: In function 'char_replace':
../src/tools_lib.c:234:9: warning: 'rt' is used uninitialized in this function [-Wuninitialized]
   return(rt);
         ^
arm-atollic-eabi-gcc -c ../src/drv_w5500.c -mthumb -mcpu=cortex-m3 -std=gnu11 -DSTM32 -DSTM32F1 -DSTM32F103RCTx -DDEBUG -DSTM32F10X_HD -DUSE_STDPERIPH_DRIVER -I/home/mose/code/lorap/loragw_app/StdPeriph_Driver/inc -I/home/mose/code/lorap/loragw_app/inc -I/home/mose/code/lorap/loragw_app/CMSIS/device -I/home/mose/code/lorap/loragw_app/CMSIS/core -O0 -ffunction-sections -g3 -fstack-usage -Wall -specs=nano.specs -o src/drv_w5500.o 
arm-atollic-eabi-gcc -o loragw_app.elf CMSIS/core/core_cm3.o StdPeriph_Driver/src/misc.o StdPeriph_Driver/src/stm32f10x_adc.o StdPeriph_Driver/src/stm32f10x_bkp.o StdPeriph_Driver/src/stm32f10x_can.o StdPeriph_Driver/src/stm32f10x_cec.o StdPeriph_Driver/src/stm32f10x_crc.o StdPeriph_Driver/src/stm32f10x_dac.o StdPeriph_Driver/src/stm32f10x_dbgmcu.o StdPeriph_Driver/src/stm32f10x_dma.o StdPeriph_Driver/src/stm32f10x_exti.o StdPeriph_Driver/src/stm32f10x_flash.o StdPeriph_Driver/src/stm32f10x_fsmc.o StdPeriph_Driver/src/stm32f10x_gpio.o StdPeriph_Driver/src/stm32f10x_i2c.o StdPeriph_Driver/src/stm32f10x_iwdg.o StdPeriph_Driver/src/stm32f10x_pwr.o StdPeriph_Driver/src/stm32f10x_rcc.o StdPeriph_Driver/src/stm32f10x_rtc.o StdPeriph_Driver/src/stm32f10x_sdio.o StdPeriph_Driver/src/stm32f10x_spi.o StdPeriph_Driver/src/stm32f10x_tim.o StdPeriph_Driver/src/stm32f10x_usart.o StdPeriph_Driver/src/stm32f10x_wwdg.o src/drv_exti.o src/drv_flash.o src/drv_gpio.o src/drv_itemp.o src/drv_iwdg.o src/drv_spi.o src/drv_sx1278.o src/drv_timer.o src/drv_usart.o src/drv_w5500.o src/global.o src/main.o src/syscalls.o src/system_stm32f10x.o src/task.o src/task_forward.o src/task_heartbeat.o src/task_irqcall.o src/task_reboot.o src/task_upgrade.o src/tools_lib.o startup/startup_stm32.o -mthumb -mcpu=cortex-m3 -T/home/mose/code/lorap/loragw_app/LinkerScript.ld -specs=nosys.specs -static -Wl,-cref,-u,Reset_Handler -Wl,-Map=loragw_app.map -Wl,--gc-sections -Wl,--defsym=malloc_getpagesize_P=0x80 -Wl,--start-group -lc -lm -Wl,--end-group -specs=nano.specs 
/opt/Atollic_TrueSTUDIO_for_STM32_x86_64_9.1.0/ide/jre/bin/java -jar /opt/Atollic_TrueSTUDIO_for_STM32_x86_64_9.1.0/Tools/arm-atollic-reports.jar sizeinfo list loragw_app.elf 
Generate build reports...
Print size information
   text	   data	    bss	    dec	    hex	filename
  20716	     28	   7100	  27844	   6cc4	loragw_app.elf
Print size information done
Generate listing file
Output sent to: loragw_app.list
Generate listing file done
Generate build reports done
/opt/Atollic_TrueSTUDIO_for_STM32_x86_64_9.1.0/ARMTools/bin/arm-atollic-eabi-objcopy -O ihex loragw_app.elf loragw_app.hex 
/opt/Atollic_TrueSTUDIO_for_STM32_x86_64_9.1.0/ARMTools/bin/arm-atollic-eabi-objcopy -O binary loragw_app.elf loragw_app.bin 
/opt/Atollic_TrueSTUDIO_for_STM32_x86_64_9.1.0/ARMTools/bin/arm-atollic-eabi-size loragw_app.elf 
   text	   data	    bss	    dec	    hex	filename
  20716	     28	   7100	  27844	   6cc4	loragw_app.elf
12:00:58 **** Incremental Build of configuration Debug for project loramote_app ****
Info: Internal Builder is used for build
arm-atollic-eabi-gcc -c ../src/drv_timer.c -mthumb -mcpu=cortex-m3 -std=gnu11 -DSTM32 -DSTM32F1 -DSTM32F103C8Tx -DDEBUG -DSTM32F10X_MD -DUSE_STDPERIPH_DRIVER -I/home/mose/code/lorap/loramote_app/StdPeriph_Driver/inc -I/home/mose/code/lorap/loramote_app/inc -I/home/mose/code/lorap/loramote_app/CMSIS/device -I/home/mose/code/lorap/loramote_app/CMSIS/core -O0 -ffunction-sections -g3 -fstack-usage -Wall -specs=nano.specs -o src/drv_timer.o 
arm-atollic-eabi-gcc -c ../src/drv_exti.c -mthumb -mcpu=cortex-m3 -std=gnu11 -DSTM32 -DSTM32F1 -DSTM32F103C8Tx -DDEBUG -DSTM32F10X_MD -DUSE_STDPERIPH_DRIVER -I/home/mose/code/lorap/loramote_app/StdPeriph_Driver/inc -I/home/mose/code/lorap/loramote_app/inc -I/home/mose/code/lorap/loramote_app/CMSIS/device -I/home/mose/code/lorap/loramote_app/CMSIS/core -O0 -ffunction-sections -g3 -fstack-usage -Wall -specs=nano.specs -o src/drv_exti.o 
arm-atollic-eabi-gcc -c ../src/tools_lib.c -mthumb -mcpu=cortex-m3 -std=gnu11 -DSTM32 -DSTM32F1 -DSTM32F103C8Tx -DDEBUG -DSTM32F10X_MD -DUSE_STDPERIPH_DRIVER -I/home/mose/code/lorap/loramote_app/StdPeriph_Driver/inc -I/home/mose/code/lorap/loramote_app/inc -I/home/mose/code/lorap/loramote_app/CMSIS/device -I/home/mose/code/lorap/loramote_app/CMSIS/core -O0 -ffunction-sections -g3 -fstack-usage -Wall -specs=nano.specs -o src/tools_lib.o 
arm-atollic-eabi-gcc -c ../src/global.c -mthumb -mcpu=cortex-m3 -std=gnu11 -DSTM32 -DSTM32F1 -DSTM32F103C8Tx -DDEBUG -DSTM32F10X_MD -DUSE_STDPERIPH_DRIVER -I/home/mose/code/lorap/loramote_app/StdPeriph_Driver/inc -I/home/mose/code/lorap/loramote_app/inc -I/home/mose/code/lorap/loramote_app/CMSIS/device -I/home/mose/code/lorap/loramote_app/CMSIS/core -O0 -ffunction-sections -g3 -fstack-usage -Wall -specs=nano.specs -o src/global.o 
arm-atollic-eabi-gcc -c ../src/drv_sx1278.c -mthumb -mcpu=cortex-m3 -std=gnu11 -DSTM32 -DSTM32F1 -DSTM32F103C8Tx -DDEBUG -DSTM32F10X_MD -DUSE_STDPERIPH_DRIVER -I/home/mose/code/lorap/loramote_app/StdPeriph_Driver/inc -I/home/mose/code/lorap/loramote_app/inc -I/home/mose/code/lorap/loramote_app/CMSIS/device -I/home/mose/code/lorap/loramote_app/CMSIS/core -O0 -ffunction-sections -g3 -fstack-usage -Wall -specs=nano.specs -o src/drv_sx1278.o 
arm-atollic-eabi-gcc -c ../src/drv_usart.c -mthumb -mcpu=cortex-m3 -std=gnu11 -DSTM32 -DSTM32F1 -DSTM32F103C8Tx -DDEBUG -DSTM32F10X_MD -DUSE_STDPERIPH_DRIVER -I/home/mose/code/lorap/loramote_app/StdPeriph_Driver/inc -I/home/mose/code/lorap/loramote_app/inc -I/home/mose/code/lorap/loramote_app/CMSIS/device -I/home/mose/code/lorap/loramote_app/CMSIS/core -O0 -ffunction-sections -g3 -fstack-usage -Wall -specs=nano.specs -o src/drv_usart.o 
arm-atollic-eabi-gcc -o loramote_app.elf CMSIS/core/core_cm3.o StdPeriph_Driver/src/misc.o StdPeriph_Driver/src/stm32f10x_adc.o StdPeriph_Driver/src/stm32f10x_bkp.o StdPeriph_Driver/src/stm32f10x_can.o StdPeriph_Driver/src/stm32f10x_cec.o StdPeriph_Driver/src/stm32f10x_crc.o StdPeriph_Driver/src/stm32f10x_dac.o StdPeriph_Driver/src/stm32f10x_dbgmcu.o StdPeriph_Driver/src/stm32f10x_dma.o StdPeriph_Driver/src/stm32f10x_exti.o StdPeriph_Driver/src/stm32f10x_flash.o StdPeriph_Driver/src/stm32f10x_fsmc.o StdPeriph_Driver/src/stm32f10x_gpio.o StdPeriph_Driver/src/stm32f10x_i2c.o StdPeriph_Driver/src/stm32f10x_iwdg.o StdPeriph_Driver/src/stm32f10x_pwr.o StdPeriph_Driver/src/stm32f10x_rcc.o StdPeriph_Driver/src/stm32f10x_rtc.o StdPeriph_Driver/src/stm32f10x_sdio.o StdPeriph_Driver/src/stm32f10x_spi.o StdPeriph_Driver/src/stm32f10x_tim.o StdPeriph_Driver/src/stm32f10x_usart.o StdPeriph_Driver/src/stm32f10x_wwdg.o src/drv_exti.o src/drv_flash.o src/drv_gpio.o src/drv_itemp.o src/drv_iwdg.o src/drv_spi.o src/drv_sx1278.o src/drv_timer.o src/drv_usart.o src/global.o src/main.o src/syscalls.o src/system_stm32f10x.o src/task.o src/task_forward.o src/task_irqcall.o src/tools_lib.o startup/startup_stm32.o -mthumb -mcpu=cortex-m3 -T/home/mose/code/lorap/loramote_app/LinkerScript.ld -specs=nosys.specs -static -Wl,-cref,-u,Reset_Handler -Wl,-Map=loramote_app.map -Wl,--gc-sections -Wl,--defsym=malloc_getpagesize_P=0x80 -Wl,--start-group -lc -lm -Wl,--end-group -specs=nano.specs 
/opt/Atollic_TrueSTUDIO_for_STM32_x86_64_9.1.0/ide/jre/bin/java -jar /opt/Atollic_TrueSTUDIO_for_STM32_x86_64_9.1.0/Tools/arm-atollic-reports.jar sizeinfo list loramote_app.elf 
Generate build reports...
Print size information
   text	   data	    bss	    dec	    hex	filename
  10340	     28	   6076	  16444	   403c	loramote_app.elf
Print size information done
Generate listing file
Output sent to: loramote_app.list
Generate listing file done
Generate build reports done
/opt/Atollic_TrueSTUDIO_for_STM32_x86_64_9.1.0/ARMTools/bin/arm-atollic-eabi-objcopy -O ihex loramote_app.elf loramote_app.hex 
/opt/Atollic_TrueSTUDIO_for_STM32_x86_64_9.1.0/ARMTools/bin/arm-atollic-eabi-objcopy -O binary loramote_app.elf loramote_app.bin 
/opt/Atollic_TrueSTUDIO_for_STM32_x86_64_9.1.0/ARMTools/bin/arm-atollic-eabi-size loramote_app.elf 
   text	   data	    bss	    dec	    hex	filename
  10340	     28	   6076	  16444	   403c	loramote_app.elf
12:01:10 **** Incremental Build of configuration Debug for project loragw_app ****
Info: Internal Builder is used for build
arm-atollic-eabi-gcc -c ../src/tools_lib.c -mthumb -mcpu=cortex-m3 -std=gnu11 -DSTM32 -DSTM32F1 -DSTM32F103RCTx -DDEBUG -DSTM32F10X_HD -DUSE_STDPERIPH_DRIVER -I/home/mose/code/lorap/loragw_app/StdPeriph_Driver/inc -I/home/mose/code/lorap/loragw_app/inc -I/home/mose/code/lorap/loragw_app/CMSIS/device -I/home/mose/code/lorap/loragw_app/CMSIS/core -O0 -ffunction-sections -g3 -fstack-usage -Wall -specs=nano.specs -o src/tools_lib.o 
arm-atollic-eabi-gcc -o loragw_app.elf CMSIS/core/core_cm3.o StdPeriph_Driver/src/misc.o StdPeriph_Driver/src/stm32f10x_adc.o StdPeriph_Driver/src/stm32f10x_bkp.o StdPeriph_Driver/src/stm32f10x_can.o StdPeriph_Driver/src/stm32f10x_cec.o StdPeriph_Driver/src/stm32f10x_crc.o StdPeriph_Driver/src/stm32f10x_dac.o StdPeriph_Driver/src/stm32f10x_dbgmcu.o StdPeriph_Driver/src/stm32f10x_dma.o StdPeriph_Driver/src/stm32f10x_exti.o StdPeriph_Driver/src/stm32f10x_flash.o StdPeriph_Driver/src/stm32f10x_fsmc.o StdPeriph_Driver/src/stm32f10x_gpio.o StdPeriph_Driver/src/stm32f10x_i2c.o StdPeriph_Driver/src/stm32f10x_iwdg.o StdPeriph_Driver/src/stm32f10x_pwr.o StdPeriph_Driver/src/stm32f10x_rcc.o StdPeriph_Driver/src/stm32f10x_rtc.o StdPeriph_Driver/src/stm32f10x_sdio.o StdPeriph_Driver/src/stm32f10x_spi.o StdPeriph_Driver/src/stm32f10x_tim.o StdPeriph_Driver/src/stm32f10x_usart.o StdPeriph_Driver/src/stm32f10x_wwdg.o src/drv_exti.o src/drv_flash.o src/drv_gpio.o src/drv_itemp.o src/drv_iwdg.o src/drv_spi.o src/drv_sx1278.o src/drv_timer.o src/drv_usart.o src/drv_w5500.o src/global.o src/main.o src/syscalls.o src/system_stm32f10x.o src/task.o src/task_forward.o src/task_heartbeat.o src/task_irqcall.o src/task_reboot.o src/task_upgrade.o src/tools_lib.o startup/startup_stm32.o -mthumb -mcpu=cortex-m3 -T/home/mose/code/lorap/loragw_app/LinkerScript.ld -specs=nosys.specs -static -Wl,-cref,-u,Reset_Handler -Wl,-Map=loragw_app.map -Wl,--gc-sections -Wl,--defsym=malloc_getpagesize_P=0x80 -Wl,--start-group -lc -lm -Wl,--end-group -specs=nano.specs 
/opt/Atollic_TrueSTUDIO_for_STM32_x86_64_9.1.0/ide/jre/bin/java -jar /opt/Atollic_TrueSTUDIO_for_STM32_x86_64_9.1.0/Tools/arm-atollic-reports.jar sizeinfo list loragw_app.elf 
Generate build reports...
Print size information
   text	   data	    bss	    dec	    hex	filename
  20716	     28	   7100	  27844	   6cc4	loragw_app.elf
Print size information done
Generate listing file
Output sent to: loragw_app.list
Generate listing file done
Generate build reports done
/opt/Atollic_TrueSTUDIO_for_STM32_x86_64_9.1.0/ARMTools/bin/arm-atollic-eabi-objcopy -O ihex loragw_app.elf loragw_app.hex 
/opt/Atollic_TrueSTUDIO_for_STM32_x86_64_9.1.0/ARMTools/bin/arm-atollic-eabi-objcopy -O binary loragw_app.elf loragw_app.bin 
/opt/Atollic_TrueSTUDIO_for_STM32_x86_64_9.1.0/ARMTools/bin/arm-atollic-eabi-size loragw_app.elf 
   text	   data	    bss	    dec	    hex	filename
  20716	     28	   7100	  27844	   6cc4	loragw_app.elf
Info: Nothing to build for loramote_app
13:35:38 **** Incremental Build of configuration Debug for project loragw_app ****
Info: Internal Builder is used for build
arm-atollic-eabi-gcc -c ../src/tools_lib.c -mthumb -mcpu=cortex-m3 -std=gnu11 -DSTM32 -DSTM32F1 -DSTM32F103RCTx -DDEBUG -DSTM32F10X_HD -DUSE_STDPERIPH_DRIVER -I/home/mose/code/lorap/loragw_app/StdPeriph_Driver/inc -I/home/mose/code/lorap/loragw_app/inc -I/home/mose/code/lorap/loragw_app/CMSIS/device -I/home/mose/code/lorap/loragw_app/CMSIS/core -O0 -ffunction-sections -g3 -fstack-usage -Wall -specs=nano.specs -o src/tools_lib.o 
arm-atollic-eabi-gcc -o loragw_app.elf CMSIS/core/core_cm3.o StdPeriph_Driver/src/misc.o StdPeriph_Driver/src/stm32f10x_adc.o StdPeriph_Driver/src/stm32f10x_bkp.o StdPeriph_Driver/src/stm32f10x_can.o StdPeriph_Driver/src/stm32f10x_cec.o StdPeriph_Driver/src/stm32f10x_crc.o StdPeriph_Driver/src/stm32f10x_dac.o StdPeriph_Driver/src/stm32f10x_dbgmcu.o StdPeriph_Driver/src/stm32f10x_dma.o StdPeriph_Driver/src/stm32f10x_exti.o StdPeriph_Driver/src/stm32f10x_flash.o StdPeriph_Driver/src/stm32f10x_fsmc.o StdPeriph_Driver/src/stm32f10x_gpio.o StdPeriph_Driver/src/stm32f10x_i2c.o StdPeriph_Driver/src/stm32f10x_iwdg.o StdPeriph_Driver/src/stm32f10x_pwr.o StdPeriph_Driver/src/stm32f10x_rcc.o StdPeriph_Driver/src/stm32f10x_rtc.o StdPeriph_Driver/src/stm32f10x_sdio.o StdPeriph_Driver/src/stm32f10x_spi.o StdPeriph_Driver/src/stm32f10x_tim.o StdPeriph_Driver/src/stm32f10x_usart.o StdPeriph_Driver/src/stm32f10x_wwdg.o src/drv_exti.o src/drv_flash.o src/drv_gpio.o src/drv_itemp.o src/drv_iwdg.o src/drv_spi.o src/drv_sx1278.o src/drv_timer.o src/drv_usart.o src/drv_w5500.o src/global.o src/main.o src/syscalls.o src/system_stm32f10x.o src/task.o src/task_forward.o src/task_heartbeat.o src/task_irqcall.o src/task_reboot.o src/task_upgrade.o src/tools_lib.o startup/startup_stm32.o -mthumb -mcpu=cortex-m3 -T/home/mose/code/lorap/loragw_app/LinkerScript.ld -specs=nosys.specs -static -Wl,-cref,-u,Reset_Handler -Wl,-Map=loragw_app.map -Wl,--gc-sections -Wl,--defsym=malloc_getpagesize_P=0x80 -Wl,--start-group -lc -lm -Wl,--end-group -specs=nano.specs 
/opt/Atollic_TrueSTUDIO_for_STM32_x86_64_9.1.0/ide/jre/bin/java -jar /opt/Atollic_TrueSTUDIO_for_STM32_x86_64_9.1.0/Tools/arm-atollic-reports.jar sizeinfo list loragw_app.elf 
Generate build reports...
Print size information
   text	   data	    bss	    dec	    hex	filename
  20716	     28	   7100	  27844	   6cc4	loragw_app.elf
Print size information done
Generate listing file
Output sent to: loragw_app.list
Generate listing file done
Generate build reports done
/opt/Atollic_TrueSTUDIO_for_STM32_x86_64_9.1.0/ARMTools/bin/arm-atollic-eabi-objcopy -O ihex loragw_app.elf loragw_app.hex 
/opt/Atollic_TrueSTUDIO_for_STM32_x86_64_9.1.0/ARMTools/bin/arm-atollic-eabi-objcopy -O binary loragw_app.elf loragw_app.bin 
/opt/Atollic_TrueSTUDIO_for_STM32_x86_64_9.1.0/ARMTools/bin/arm-atollic-eabi-size loragw_app.elf 
   text	   data	    bss	    dec	    hex	filename
  20716	     28	   7100	  27844	   6cc4	loragw_app.elf
Info: Nothing to build for loragw_boot
Info: Nothing to build for loramote_app
13:50:26 **** Incremental Build of configuration Debug for project loragw_app ****
Info: Internal Builder is used for build
arm-atollic-eabi-gcc -c ../src/drv_usart.c -mthumb -mcpu=cortex-m3 -std=gnu11 -DSTM32 -DSTM32F1 -DSTM32F103RCTx -DDEBUG -DSTM32F10X_HD -DUSE_STDPERIPH_DRIVER -I/home/mose/code/lorap/loragw_app/StdPeriph_Driver/inc -I/home/mose/code/lorap/loragw_app/inc -I/home/mose/code/lorap/loragw_app/CMSIS/device -I/home/mose/code/lorap/loragw_app/CMSIS/core -O0 -ffunction-sections -g3 -fstack-usage -Wall -specs=nano.specs -o src/drv_usart.o 
arm-atollic-eabi-gcc -c ../src/tools_lib.c -mthumb -mcpu=cortex-m3 -std=gnu11 -DSTM32 -DSTM32F1 -DSTM32F103RCTx -DDEBUG -DSTM32F10X_HD -DUSE_STDPERIPH_DRIVER -I/home/mose/code/lorap/loragw_app/StdPeriph_Driver/inc -I/home/mose/code/lorap/loragw_app/inc -I/home/mose/code/lorap/loragw_app/CMSIS/device -I/home/mose/code/lorap/loragw_app/CMSIS/core -O0 -ffunction-sections -g3 -fstack-usage -Wall -specs=nano.specs -o src/tools_lib.o 
arm-atollic-eabi-gcc -c ../src/main.c -mthumb -mcpu=cortex-m3 -std=gnu11 -DSTM32 -DSTM32F1 -DSTM32F103RCTx -DDEBUG -DSTM32F10X_HD -DUSE_STDPERIPH_DRIVER -I/home/mose/code/lorap/loragw_app/StdPeriph_Driver/inc -I/home/mose/code/lorap/loragw_app/inc -I/home/mose/code/lorap/loragw_app/CMSIS/device -I/home/mose/code/lorap/loragw_app/CMSIS/core -O0 -ffunction-sections -g3 -fstack-usage -Wall -specs=nano.specs -o src/main.o 
arm-atollic-eabi-gcc -c ../src/drv_exti.c -mthumb -mcpu=cortex-m3 -std=gnu11 -DSTM32 -DSTM32F1 -DSTM32F103RCTx -DDEBUG -DSTM32F10X_HD -DUSE_STDPERIPH_DRIVER -I/home/mose/code/lorap/loragw_app/StdPeriph_Driver/inc -I/home/mose/code/lorap/loragw_app/inc -I/home/mose/code/lorap/loragw_app/CMSIS/device -I/home/mose/code/lorap/loragw_app/CMSIS/core -O0 -ffunction-sections -g3 -fstack-usage -Wall -specs=nano.specs -o src/drv_exti.o 
arm-atollic-eabi-gcc -c ../src/drv_w5500.c -mthumb -mcpu=cortex-m3 -std=gnu11 -DSTM32 -DSTM32F1 -DSTM32F103RCTx -DDEBUG -DSTM32F10X_HD -DUSE_STDPERIPH_DRIVER -I/home/mose/code/lorap/loragw_app/StdPeriph_Driver/inc -I/home/mose/code/lorap/loragw_app/inc -I/home/mose/code/lorap/loragw_app/CMSIS/device -I/home/mose/code/lorap/loragw_app/CMSIS/core -O0 -ffunction-sections -g3 -fstack-usage -Wall -specs=nano.specs -o src/drv_w5500.o 
arm-atollic-eabi-gcc -c ../src/task_forward.c -mthumb -mcpu=cortex-m3 -std=gnu11 -DSTM32 -DSTM32F1 -DSTM32F103RCTx -DDEBUG -DSTM32F10X_HD -DUSE_STDPERIPH_DRIVER -I/home/mose/code/lorap/loragw_app/StdPeriph_Driver/inc -I/home/mose/code/lorap/loragw_app/inc -I/home/mose/code/lorap/loragw_app/CMSIS/device -I/home/mose/code/lorap/loragw_app/CMSIS/core -O0 -ffunction-sections -g3 -fstack-usage -Wall -specs=nano.specs -o src/task_forward.o 
arm-atollic-eabi-gcc -c ../src/drv_sx1278.c -mthumb -mcpu=cortex-m3 -std=gnu11 -DSTM32 -DSTM32F1 -DSTM32F103RCTx -DDEBUG -DSTM32F10X_HD -DUSE_STDPERIPH_DRIVER -I/home/mose/code/lorap/loragw_app/StdPeriph_Driver/inc -I/home/mose/code/lorap/loragw_app/inc -I/home/mose/code/lorap/loragw_app/CMSIS/device -I/home/mose/code/lorap/loragw_app/CMSIS/core -O0 -ffunction-sections -g3 -fstack-usage -Wall -specs=nano.specs -o src/drv_sx1278.o 
arm-atollic-eabi-gcc -c ../src/task_heartbeat.c -mthumb -mcpu=cortex-m3 -std=gnu11 -DSTM32 -DSTM32F1 -DSTM32F103RCTx -DDEBUG -DSTM32F10X_HD -DUSE_STDPERIPH_DRIVER -I/home/mose/code/lorap/loragw_app/StdPeriph_Driver/inc -I/home/mose/code/lorap/loragw_app/inc -I/home/mose/code/lorap/loragw_app/CMSIS/device -I/home/mose/code/lorap/loragw_app/CMSIS/core -O0 -ffunction-sections -g3 -fstack-usage -Wall -specs=nano.specs -o src/task_heartbeat.o 
arm-atollic-eabi-gcc -c ../src/task_upgrade.c -mthumb -mcpu=cortex-m3 -std=gnu11 -DSTM32 -DSTM32F1 -DSTM32F103RCTx -DDEBUG -DSTM32F10X_HD -DUSE_STDPERIPH_DRIVER -I/home/mose/code/lorap/loragw_app/StdPeriph_Driver/inc -I/home/mose/code/lorap/loragw_app/inc -I/home/mose/code/lorap/loragw_app/CMSIS/device -I/home/mose/code/lorap/loragw_app/CMSIS/core -O0 -ffunction-sections -g3 -fstack-usage -Wall -specs=nano.specs -o src/task_upgrade.o 
arm-atollic-eabi-gcc -c ../src/task_reboot.c -mthumb -mcpu=cortex-m3 -std=gnu11 -DSTM32 -DSTM32F1 -DSTM32F103RCTx -DDEBUG -DSTM32F10X_HD -DUSE_STDPERIPH_DRIVER -I/home/mose/code/lorap/loragw_app/StdPeriph_Driver/inc -I/home/mose/code/lorap/loragw_app/inc -I/home/mose/code/lorap/loragw_app/CMSIS/device -I/home/mose/code/lorap/loragw_app/CMSIS/core -O0 -ffunction-sections -g3 -fstack-usage -Wall -specs=nano.specs -o src/task_reboot.o 
arm-atollic-eabi-gcc -c ../src/drv_timer.c -mthumb -mcpu=cortex-m3 -std=gnu11 -DSTM32 -DSTM32F1 -DSTM32F103RCTx -DDEBUG -DSTM32F10X_HD -DUSE_STDPERIPH_DRIVER -I/home/mose/code/lorap/loragw_app/StdPeriph_Driver/inc -I/home/mose/code/lorap/loragw_app/inc -I/home/mose/code/lorap/loragw_app/CMSIS/device -I/home/mose/code/lorap/loragw_app/CMSIS/core -O0 -ffunction-sections -g3 -fstack-usage -Wall -specs=nano.specs -o src/drv_timer.o 
arm-atollic-eabi-gcc -c ../src/task_irqcall.c -mthumb -mcpu=cortex-m3 -std=gnu11 -DSTM32 -DSTM32F1 -DSTM32F103RCTx -DDEBUG -DSTM32F10X_HD -DUSE_STDPERIPH_DRIVER -I/home/mose/code/lorap/loragw_app/StdPeriph_Driver/inc -I/home/mose/code/lorap/loragw_app/inc -I/home/mose/code/lorap/loragw_app/CMSIS/device -I/home/mose/code/lorap/loragw_app/CMSIS/core -O0 -ffunction-sections -g3 -fstack-usage -Wall -specs=nano.specs -o src/task_irqcall.o 
arm-atollic-eabi-gcc -c ../src/global.c -mthumb -mcpu=cortex-m3 -std=gnu11 -DSTM32 -DSTM32F1 -DSTM32F103RCTx -DDEBUG -DSTM32F10X_HD -DUSE_STDPERIPH_DRIVER -I/home/mose/code/lorap/loragw_app/StdPeriph_Driver/inc -I/home/mose/code/lorap/loragw_app/inc -I/home/mose/code/lorap/loragw_app/CMSIS/device -I/home/mose/code/lorap/loragw_app/CMSIS/core -O0 -ffunction-sections -g3 -fstack-usage -Wall -specs=nano.specs -o src/global.o 
arm-atollic-eabi-gcc -o loragw_app.elf CMSIS/core/core_cm3.o StdPeriph_Driver/src/misc.o StdPeriph_Driver/src/stm32f10x_adc.o StdPeriph_Driver/src/stm32f10x_bkp.o StdPeriph_Driver/src/stm32f10x_can.o StdPeriph_Driver/src/stm32f10x_cec.o StdPeriph_Driver/src/stm32f10x_crc.o StdPeriph_Driver/src/stm32f10x_dac.o StdPeriph_Driver/src/stm32f10x_dbgmcu.o StdPeriph_Driver/src/stm32f10x_dma.o StdPeriph_Driver/src/stm32f10x_exti.o StdPeriph_Driver/src/stm32f10x_flash.o StdPeriph_Driver/src/stm32f10x_fsmc.o StdPeriph_Driver/src/stm32f10x_gpio.o StdPeriph_Driver/src/stm32f10x_i2c.o StdPeriph_Driver/src/stm32f10x_iwdg.o StdPeriph_Driver/src/stm32f10x_pwr.o StdPeriph_Driver/src/stm32f10x_rcc.o StdPeriph_Driver/src/stm32f10x_rtc.o StdPeriph_Driver/src/stm32f10x_sdio.o StdPeriph_Driver/src/stm32f10x_spi.o StdPeriph_Driver/src/stm32f10x_tim.o StdPeriph_Driver/src/stm32f10x_usart.o StdPeriph_Driver/src/stm32f10x_wwdg.o src/drv_exti.o src/drv_flash.o src/drv_gpio.o src/drv_itemp.o src/drv_iwdg.o src/drv_spi.o src/drv_sx1278.o src/drv_timer.o src/drv_usart.o src/drv_w5500.o src/global.o src/main.o src/syscalls.o src/system_stm32f10x.o src/task.o src/task_forward.o src/task_heartbeat.o src/task_irqcall.o src/task_reboot.o src/task_upgrade.o src/tools_lib.o startup/startup_stm32.o -mthumb -mcpu=cortex-m3 -T/home/mose/code/lorap/loragw_app/LinkerScript.ld -specs=nosys.specs -static -Wl,-cref,-u,Reset_Handler -Wl,-Map=loragw_app.map -Wl,--gc-sections -Wl,--defsym=malloc_getpagesize_P=0x80 -Wl,--start-group -lc -lm -Wl,--end-group -specs=nano.specs 
/opt/Atollic_TrueSTUDIO_for_STM32_x86_64_9.1.0/ide/jre/bin/java -jar /opt/Atollic_TrueSTUDIO_for_STM32_x86_64_9.1.0/Tools/arm-atollic-reports.jar sizeinfo list loragw_app.elf 
Generate build reports...
Print size information
   text	   data	    bss	    dec	    hex	filename
  20716	     28	   7100	  27844	   6cc4	loragw_app.elf
Print size information done
Generate listing file
Output sent to: loragw_app.list
Generate listing file done
Generate build reports done
/opt/Atollic_TrueSTUDIO_for_STM32_x86_64_9.1.0/ARMTools/bin/arm-atollic-eabi-objcopy -O ihex loragw_app.elf loragw_app.hex 
/opt/Atollic_TrueSTUDIO_for_STM32_x86_64_9.1.0/ARMTools/bin/arm-atollic-eabi-objcopy -O binary loragw_app.elf loragw_app.bin 
/opt/Atollic_TrueSTUDIO_for_STM32_x86_64_9.1.0/ARMTools/bin/arm-atollic-eabi-size loragw_app.elf 
   text	   data	    bss	    dec	    hex	filename
  20716	     28	   7100	  27844	   6cc4	loragw_app.elf
Info: Nothing to build for loragw_boot
Info: Nothing to build for loramote_app
13:53:00 **** Incremental Build of configuration Debug for project loragw_app ****
Info: Internal Builder is used for build
arm-atollic-eabi-gcc -c ../src/drv_usart.c -mthumb -mcpu=cortex-m3 -std=gnu11 -DSTM32 -DSTM32F1 -DSTM32F103RCTx -DDEBUG -DSTM32F10X_HD -DUSE_STDPERIPH_DRIVER -I/home/mose/code/lorap/loragw_app/StdPeriph_Driver/inc -I/home/mose/code/lorap/loragw_app/inc -I/home/mose/code/lorap/loragw_app/CMSIS/device -I/home/mose/code/lorap/loragw_app/CMSIS/core -O0 -ffunction-sections -g3 -fstack-usage -Wall -specs=nano.specs -o src/drv_usart.o 
arm-atollic-eabi-gcc -c ../src/task_irqcall.c -mthumb -mcpu=cortex-m3 -std=gnu11 -DSTM32 -DSTM32F1 -DSTM32F103RCTx -DDEBUG -DSTM32F10X_HD -DUSE_STDPERIPH_DRIVER -I/home/mose/code/lorap/loragw_app/StdPeriph_Driver/inc -I/home/mose/code/lorap/loragw_app/inc -I/home/mose/code/lorap/loragw_app/CMSIS/device -I/home/mose/code/lorap/loragw_app/CMSIS/core -O0 -ffunction-sections -g3 -fstack-usage -Wall -specs=nano.specs -o src/task_irqcall.o 
arm-atollic-eabi-gcc -c ../src/task_reboot.c -mthumb -mcpu=cortex-m3 -std=gnu11 -DSTM32 -DSTM32F1 -DSTM32F103RCTx -DDEBUG -DSTM32F10X_HD -DUSE_STDPERIPH_DRIVER -I/home/mose/code/lorap/loragw_app/StdPeriph_Driver/inc -I/home/mose/code/lorap/loragw_app/inc -I/home/mose/code/lorap/loragw_app/CMSIS/device -I/home/mose/code/lorap/loragw_app/CMSIS/core -O0 -ffunction-sections -g3 -fstack-usage -Wall -specs=nano.specs -o src/task_reboot.o 
arm-atollic-eabi-gcc -c ../src/task_forward.c -mthumb -mcpu=cortex-m3 -std=gnu11 -DSTM32 -DSTM32F1 -DSTM32F103RCTx -DDEBUG -DSTM32F10X_HD -DUSE_STDPERIPH_DRIVER -I/home/mose/code/lorap/loragw_app/StdPeriph_Driver/inc -I/home/mose/code/lorap/loragw_app/inc -I/home/mose/code/lorap/loragw_app/CMSIS/device -I/home/mose/code/lorap/loragw_app/CMSIS/core -O0 -ffunction-sections -g3 -fstack-usage -Wall -specs=nano.specs -o src/task_forward.o 
arm-atollic-eabi-gcc -c ../src/drv_timer.c -mthumb -mcpu=cortex-m3 -std=gnu11 -DSTM32 -DSTM32F1 -DSTM32F103RCTx -DDEBUG -DSTM32F10X_HD -DUSE_STDPERIPH_DRIVER -I/home/mose/code/lorap/loragw_app/StdPeriph_Driver/inc -I/home/mose/code/lorap/loragw_app/inc -I/home/mose/code/lorap/loragw_app/CMSIS/device -I/home/mose/code/lorap/loragw_app/CMSIS/core -O0 -ffunction-sections -g3 -fstack-usage -Wall -specs=nano.specs -o src/drv_timer.o 
arm-atollic-eabi-gcc -c ../src/main.c -mthumb -mcpu=cortex-m3 -std=gnu11 -DSTM32 -DSTM32F1 -DSTM32F103RCTx -DDEBUG -DSTM32F10X_HD -DUSE_STDPERIPH_DRIVER -I/home/mose/code/lorap/loragw_app/StdPeriph_Driver/inc -I/home/mose/code/lorap/loragw_app/inc -I/home/mose/code/lorap/loragw_app/CMSIS/device -I/home/mose/code/lorap/loragw_app/CMSIS/core -O0 -ffunction-sections -g3 -fstack-usage -Wall -specs=nano.specs -o src/main.o 
arm-atollic-eabi-gcc -c ../src/tools_lib.c -mthumb -mcpu=cortex-m3 -std=gnu11 -DSTM32 -DSTM32F1 -DSTM32F103RCTx -DDEBUG -DSTM32F10X_HD -DUSE_STDPERIPH_DRIVER -I/home/mose/code/lorap/loragw_app/StdPeriph_Driver/inc -I/home/mose/code/lorap/loragw_app/inc -I/home/mose/code/lorap/loragw_app/CMSIS/device -I/home/mose/code/lorap/loragw_app/CMSIS/core -O0 -ffunction-sections -g3 -fstack-usage -Wall -specs=nano.specs -o src/tools_lib.o 
arm-atollic-eabi-gcc -c ../src/drv_exti.c -mthumb -mcpu=cortex-m3 -std=gnu11 -DSTM32 -DSTM32F1 -DSTM32F103RCTx -DDEBUG -DSTM32F10X_HD -DUSE_STDPERIPH_DRIVER -I/home/mose/code/lorap/loragw_app/StdPeriph_Driver/inc -I/home/mose/code/lorap/loragw_app/inc -I/home/mose/code/lorap/loragw_app/CMSIS/device -I/home/mose/code/lorap/loragw_app/CMSIS/core -O0 -ffunction-sections -g3 -fstack-usage -Wall -specs=nano.specs -o src/drv_exti.o 
arm-atollic-eabi-gcc -c ../src/global.c -mthumb -mcpu=cortex-m3 -std=gnu11 -DSTM32 -DSTM32F1 -DSTM32F103RCTx -DDEBUG -DSTM32F10X_HD -DUSE_STDPERIPH_DRIVER -I/home/mose/code/lorap/loragw_app/StdPeriph_Driver/inc -I/home/mose/code/lorap/loragw_app/inc -I/home/mose/code/lorap/loragw_app/CMSIS/device -I/home/mose/code/lorap/loragw_app/CMSIS/core -O0 -ffunction-sections -g3 -fstack-usage -Wall -specs=nano.specs -o src/global.o 
arm-atollic-eabi-gcc -c ../src/drv_sx1278.c -mthumb -mcpu=cortex-m3 -std=gnu11 -DSTM32 -DSTM32F1 -DSTM32F103RCTx -DDEBUG -DSTM32F10X_HD -DUSE_STDPERIPH_DRIVER -I/home/mose/code/lorap/loragw_app/StdPeriph_Driver/inc -I/home/mose/code/lorap/loragw_app/inc -I/home/mose/code/lorap/loragw_app/CMSIS/device -I/home/mose/code/lorap/loragw_app/CMSIS/core -O0 -ffunction-sections -g3 -fstack-usage -Wall -specs=nano.specs -o src/drv_sx1278.o 
arm-atollic-eabi-gcc -c ../src/task_heartbeat.c -mthumb -mcpu=cortex-m3 -std=gnu11 -DSTM32 -DSTM32F1 -DSTM32F103RCTx -DDEBUG -DSTM32F10X_HD -DUSE_STDPERIPH_DRIVER -I/home/mose/code/lorap/loragw_app/StdPeriph_Driver/inc -I/home/mose/code/lorap/loragw_app/inc -I/home/mose/code/lorap/loragw_app/CMSIS/device -I/home/mose/code/lorap/loragw_app/CMSIS/core -O0 -ffunction-sections -g3 -fstack-usage -Wall -specs=nano.specs -o src/task_heartbeat.o 
arm-atollic-eabi-gcc -c ../src/task_upgrade.c -mthumb -mcpu=cortex-m3 -std=gnu11 -DSTM32 -DSTM32F1 -DSTM32F103RCTx -DDEBUG -DSTM32F10X_HD -DUSE_STDPERIPH_DRIVER -I/home/mose/code/lorap/loragw_app/StdPeriph_Driver/inc -I/home/mose/code/lorap/loragw_app/inc -I/home/mose/code/lorap/loragw_app/CMSIS/device -I/home/mose/code/lorap/loragw_app/CMSIS/core -O0 -ffunction-sections -g3 -fstack-usage -Wall -specs=nano.specs -o src/task_upgrade.o 
arm-atollic-eabi-gcc -c ../src/drv_w5500.c -mthumb -mcpu=cortex-m3 -std=gnu11 -DSTM32 -DSTM32F1 -DSTM32F103RCTx -DDEBUG -DSTM32F10X_HD -DUSE_STDPERIPH_DRIVER -I/home/mose/code/lorap/loragw_app/StdPeriph_Driver/inc -I/home/mose/code/lorap/loragw_app/inc -I/home/mose/code/lorap/loragw_app/CMSIS/device -I/home/mose/code/lorap/loragw_app/CMSIS/core -O0 -ffunction-sections -g3 -fstack-usage -Wall -specs=nano.specs -o src/drv_w5500.o 
arm-atollic-eabi-gcc -o loragw_app.elf CMSIS/core/core_cm3.o StdPeriph_Driver/src/misc.o StdPeriph_Driver/src/stm32f10x_adc.o StdPeriph_Driver/src/stm32f10x_bkp.o StdPeriph_Driver/src/stm32f10x_can.o StdPeriph_Driver/src/stm32f10x_cec.o StdPeriph_Driver/src/stm32f10x_crc.o StdPeriph_Driver/src/stm32f10x_dac.o StdPeriph_Driver/src/stm32f10x_dbgmcu.o StdPeriph_Driver/src/stm32f10x_dma.o StdPeriph_Driver/src/stm32f10x_exti.o StdPeriph_Driver/src/stm32f10x_flash.o StdPeriph_Driver/src/stm32f10x_fsmc.o StdPeriph_Driver/src/stm32f10x_gpio.o StdPeriph_Driver/src/stm32f10x_i2c.o StdPeriph_Driver/src/stm32f10x_iwdg.o StdPeriph_Driver/src/stm32f10x_pwr.o StdPeriph_Driver/src/stm32f10x_rcc.o StdPeriph_Driver/src/stm32f10x_rtc.o StdPeriph_Driver/src/stm32f10x_sdio.o StdPeriph_Driver/src/stm32f10x_spi.o StdPeriph_Driver/src/stm32f10x_tim.o StdPeriph_Driver/src/stm32f10x_usart.o StdPeriph_Driver/src/stm32f10x_wwdg.o src/drv_exti.o src/drv_flash.o src/drv_gpio.o src/drv_itemp.o src/drv_iwdg.o src/drv_spi.o src/drv_sx1278.o src/drv_timer.o src/drv_usart.o src/drv_w5500.o src/global.o src/main.o src/syscalls.o src/system_stm32f10x.o src/task.o src/task_forward.o src/task_heartbeat.o src/task_irqcall.o src/task_reboot.o src/task_upgrade.o src/tools_lib.o startup/startup_stm32.o -mthumb -mcpu=cortex-m3 -T/home/mose/code/lorap/loragw_app/LinkerScript.ld -specs=nosys.specs -static -Wl,-cref,-u,Reset_Handler -Wl,-Map=loragw_app.map -Wl,--gc-sections -Wl,--defsym=malloc_getpagesize_P=0x80 -Wl,--start-group -lc -lm -Wl,--end-group -specs=nano.specs 
/opt/Atollic_TrueSTUDIO_for_STM32_x86_64_9.1.0/ide/jre/bin/java -jar /opt/Atollic_TrueSTUDIO_for_STM32_x86_64_9.1.0/Tools/arm-atollic-reports.jar sizeinfo list loragw_app.elf 
Generate build reports...
Print size information
   text	   data	    bss	    dec	    hex	filename
  20716	     28	   7100	  27844	   6cc4	loragw_app.elf
Print size information done
Generate listing file
Output sent to: loragw_app.list
Generate listing file done
Generate build reports done
/opt/Atollic_TrueSTUDIO_for_STM32_x86_64_9.1.0/ARMTools/bin/arm-atollic-eabi-objcopy -O ihex loragw_app.elf loragw_app.hex 
/opt/Atollic_TrueSTUDIO_for_STM32_x86_64_9.1.0/ARMTools/bin/arm-atollic-eabi-objcopy -O binary loragw_app.elf loragw_app.bin 
/opt/Atollic_TrueSTUDIO_for_STM32_x86_64_9.1.0/ARMTools/bin/arm-atollic-eabi-size loragw_app.elf 
   text	   data	    bss	    dec	    hex	filename
  20716	     28	   7100	  27844	   6cc4	loragw_app.elf
13:53:02 **** Incremental Build of configuration Debug for project loragw_boot ****
Info: Internal Builder is used for build
arm-atollic-eabi-gcc -c ../src/tools_lib.c -mthumb -mcpu=cortex-m3 -std=gnu11 -DSTM32 -DSTM32F1 -DSTM32F103RCTx -DDEBUG -DSTM32F10X_HD -DUSE_STDPERIPH_DRIVER -I/home/mose/code/lorap/loragw_boot/StdPeriph_Driver/inc -I/home/mose/code/lorap/loragw_boot/inc -I/home/mose/code/lorap/loragw_boot/CMSIS/device -I/home/mose/code/lorap/loragw_boot/CMSIS/core -O0 -ffunction-sections -g3 -fstack-usage -Wall -specs=nano.specs -o src/tools_lib.o 
arm-atollic-eabi-gcc -c ../src/main.c -mthumb -mcpu=cortex-m3 -std=gnu11 -DSTM32 -DSTM32F1 -DSTM32F103RCTx -DDEBUG -DSTM32F10X_HD -DUSE_STDPERIPH_DRIVER -I/home/mose/code/lorap/loragw_boot/StdPeriph_Driver/inc -I/home/mose/code/lorap/loragw_boot/inc -I/home/mose/code/lorap/loragw_boot/CMSIS/device -I/home/mose/code/lorap/loragw_boot/CMSIS/core -O0 -ffunction-sections -g3 -fstack-usage -Wall -specs=nano.specs -o src/main.o 
arm-atollic-eabi-gcc -c ../src/drv_gpio.c -mthumb -mcpu=cortex-m3 -std=gnu11 -DSTM32 -DSTM32F1 -DSTM32F103RCTx -DDEBUG -DSTM32F10X_HD -DUSE_STDPERIPH_DRIVER -I/home/mose/code/lorap/loragw_boot/StdPeriph_Driver/inc -I/home/mose/code/lorap/loragw_boot/inc -I/home/mose/code/lorap/loragw_boot/CMSIS/device -I/home/mose/code/lorap/loragw_boot/CMSIS/core -O0 -ffunction-sections -g3 -fstack-usage -Wall -specs=nano.specs -o src/drv_gpio.o 
arm-atollic-eabi-gcc -c ../src/drv_usart.c -mthumb -mcpu=cortex-m3 -std=gnu11 -DSTM32 -DSTM32F1 -DSTM32F103RCTx -DDEBUG -DSTM32F10X_HD -DUSE_STDPERIPH_DRIVER -I/home/mose/code/lorap/loragw_boot/StdPeriph_Driver/inc -I/home/mose/code/lorap/loragw_boot/inc -I/home/mose/code/lorap/loragw_boot/CMSIS/device -I/home/mose/code/lorap/loragw_boot/CMSIS/core -O0 -ffunction-sections -g3 -fstack-usage -Wall -specs=nano.specs -o src/drv_usart.o 
arm-atollic-eabi-gcc -c ../src/drv_flash.c -mthumb -mcpu=cortex-m3 -std=gnu11 -DSTM32 -DSTM32F1 -DSTM32F103RCTx -DDEBUG -DSTM32F10X_HD -DUSE_STDPERIPH_DRIVER -I/home/mose/code/lorap/loragw_boot/StdPeriph_Driver/inc -I/home/mose/code/lorap/loragw_boot/inc -I/home/mose/code/lorap/loragw_boot/CMSIS/device -I/home/mose/code/lorap/loragw_boot/CMSIS/core -O0 -ffunction-sections -g3 -fstack-usage -Wall -specs=nano.specs -o src/drv_flash.o 
arm-atollic-eabi-gcc -o loragw_boot.elf CMSIS/core/core_cm3.o StdPeriph_Driver/src/misc.o StdPeriph_Driver/src/stm32f10x_adc.o StdPeriph_Driver/src/stm32f10x_bkp.o StdPeriph_Driver/src/stm32f10x_can.o StdPeriph_Driver/src/stm32f10x_cec.o StdPeriph_Driver/src/stm32f10x_crc.o StdPeriph_Driver/src/stm32f10x_dac.o StdPeriph_Driver/src/stm32f10x_dbgmcu.o StdPeriph_Driver/src/stm32f10x_dma.o StdPeriph_Driver/src/stm32f10x_exti.o StdPeriph_Driver/src/stm32f10x_flash.o StdPeriph_Driver/src/stm32f10x_fsmc.o StdPeriph_Driver/src/stm32f10x_gpio.o StdPeriph_Driver/src/stm32f10x_i2c.o StdPeriph_Driver/src/stm32f10x_iwdg.o StdPeriph_Driver/src/stm32f10x_pwr.o StdPeriph_Driver/src/stm32f10x_rcc.o StdPeriph_Driver/src/stm32f10x_rtc.o StdPeriph_Driver/src/stm32f10x_sdio.o StdPeriph_Driver/src/stm32f10x_spi.o StdPeriph_Driver/src/stm32f10x_tim.o StdPeriph_Driver/src/stm32f10x_usart.o StdPeriph_Driver/src/stm32f10x_wwdg.o src/drv_flash.o src/drv_gpio.o src/drv_usart.o src/global.o src/main.o src/syscalls.o src/system_stm32f10x.o src/tools_lib.o startup/startup_stm32.o -mthumb -mcpu=cortex-m3 -T/home/mose/code/lorap/loragw_boot/LinkerScript.ld -specs=nosys.specs -static -Wl,-cref,-u,Reset_Handler -Wl,-Map=loragw_boot.map -Wl,--gc-sections -Wl,--defsym=malloc_getpagesize_P=0x80 -Wl,--start-group -lc -lm -Wl,--end-group -specs=nano.specs 
/opt/Atollic_TrueSTUDIO_for_STM32_x86_64_9.1.0/ide/jre/bin/java -jar /opt/Atollic_TrueSTUDIO_for_STM32_x86_64_9.1.0/Tools/arm-atollic-reports.jar sizeinfo list loragw_boot.elf 
Generate build reports...
Print size information
   text	   data	    bss	    dec	    hex	filename
   5212	     28	   1052	   6292	   1894	loragw_boot.elf
Print size information done
Generate listing file
Output sent to: loragw_boot.list
Generate listing file done
Generate build reports done
/opt/Atollic_TrueSTUDIO_for_STM32_x86_64_9.1.0/ARMTools/bin/arm-atollic-eabi-objcopy -O ihex loragw_boot.elf loragw_boot.hex 
/opt/Atollic_TrueSTUDIO_for_STM32_x86_64_9.1.0/ARMTools/bin/arm-atollic-eabi-objcopy -O binary loragw_boot.elf loragw_boot.bin 
/opt/Atollic_TrueSTUDIO_for_STM32_x86_64_9.1.0/ARMTools/bin/arm-atollic-eabi-size loragw_boot.elf 
   text	   data	    bss	    dec	    hex	filename
   5212	     28	   1052	   6292	   1894	loragw_boot.elf
13:53:03 **** Incremental Build of configuration Debug for project loramote_app ****
Info: Internal Builder is used for build
arm-atollic-eabi-gcc -c ../src/drv_sx1278.c -mthumb -mcpu=cortex-m3 -std=gnu11 -DSTM32 -DSTM32F1 -DSTM32F103C8Tx -DDEBUG -DSTM32F10X_MD -DUSE_STDPERIPH_DRIVER -I/home/mose/code/lorap/loramote_app/StdPeriph_Driver/inc -I/home/mose/code/lorap/loramote_app/inc -I/home/mose/code/lorap/loramote_app/CMSIS/device -I/home/mose/code/lorap/loramote_app/CMSIS/core -O0 -ffunction-sections -g3 -fstack-usage -Wall -specs=nano.specs -o src/drv_sx1278.o 
arm-atollic-eabi-gcc -c ../src/drv_timer.c -mthumb -mcpu=cortex-m3 -std=gnu11 -DSTM32 -DSTM32F1 -DSTM32F103C8Tx -DDEBUG -DSTM32F10X_MD -DUSE_STDPERIPH_DRIVER -I/home/mose/code/lorap/loramote_app/StdPeriph_Driver/inc -I/home/mose/code/lorap/loramote_app/inc -I/home/mose/code/lorap/loramote_app/CMSIS/device -I/home/mose/code/lorap/loramote_app/CMSIS/core -O0 -ffunction-sections -g3 -fstack-usage -Wall -specs=nano.specs -o src/drv_timer.o 
arm-atollic-eabi-gcc -c ../src/drv_exti.c -mthumb -mcpu=cortex-m3 -std=gnu11 -DSTM32 -DSTM32F1 -DSTM32F103C8Tx -DDEBUG -DSTM32F10X_MD -DUSE_STDPERIPH_DRIVER -I/home/mose/code/lorap/loramote_app/StdPeriph_Driver/inc -I/home/mose/code/lorap/loramote_app/inc -I/home/mose/code/lorap/loramote_app/CMSIS/device -I/home/mose/code/lorap/loramote_app/CMSIS/core -O0 -ffunction-sections -g3 -fstack-usage -Wall -specs=nano.specs -o src/drv_exti.o 
arm-atollic-eabi-gcc -c ../src/tools_lib.c -mthumb -mcpu=cortex-m3 -std=gnu11 -DSTM32 -DSTM32F1 -DSTM32F103C8Tx -DDEBUG -DSTM32F10X_MD -DUSE_STDPERIPH_DRIVER -I/home/mose/code/lorap/loramote_app/StdPeriph_Driver/inc -I/home/mose/code/lorap/loramote_app/inc -I/home/mose/code/lorap/loramote_app/CMSIS/device -I/home/mose/code/lorap/loramote_app/CMSIS/core -O0 -ffunction-sections -g3 -fstack-usage -Wall -specs=nano.specs -o src/tools_lib.o 
arm-atollic-eabi-gcc -c ../src/global.c -mthumb -mcpu=cortex-m3 -std=gnu11 -DSTM32 -DSTM32F1 -DSTM32F103C8Tx -DDEBUG -DSTM32F10X_MD -DUSE_STDPERIPH_DRIVER -I/home/mose/code/lorap/loramote_app/StdPeriph_Driver/inc -I/home/mose/code/lorap/loramote_app/inc -I/home/mose/code/lorap/loramote_app/CMSIS/device -I/home/mose/code/lorap/loramote_app/CMSIS/core -O0 -ffunction-sections -g3 -fstack-usage -Wall -specs=nano.specs -o src/global.o 
arm-atollic-eabi-gcc -c ../src/drv_usart.c -mthumb -mcpu=cortex-m3 -std=gnu11 -DSTM32 -DSTM32F1 -DSTM32F103C8Tx -DDEBUG -DSTM32F10X_MD -DUSE_STDPERIPH_DRIVER -I/home/mose/code/lorap/loramote_app/StdPeriph_Driver/inc -I/home/mose/code/lorap/loramote_app/inc -I/home/mose/code/lorap/loramote_app/CMSIS/device -I/home/mose/code/lorap/loramote_app/CMSIS/core -O0 -ffunction-sections -g3 -fstack-usage -Wall -specs=nano.specs -o src/drv_usart.o 
arm-atollic-eabi-gcc -o loramote_app.elf CMSIS/core/core_cm3.o StdPeriph_Driver/src/misc.o StdPeriph_Driver/src/stm32f10x_adc.o StdPeriph_Driver/src/stm32f10x_bkp.o StdPeriph_Driver/src/stm32f10x_can.o StdPeriph_Driver/src/stm32f10x_cec.o StdPeriph_Driver/src/stm32f10x_crc.o StdPeriph_Driver/src/stm32f10x_dac.o StdPeriph_Driver/src/stm32f10x_dbgmcu.o StdPeriph_Driver/src/stm32f10x_dma.o StdPeriph_Driver/src/stm32f10x_exti.o StdPeriph_Driver/src/stm32f10x_flash.o StdPeriph_Driver/src/stm32f10x_fsmc.o StdPeriph_Driver/src/stm32f10x_gpio.o StdPeriph_Driver/src/stm32f10x_i2c.o StdPeriph_Driver/src/stm32f10x_iwdg.o StdPeriph_Driver/src/stm32f10x_pwr.o StdPeriph_Driver/src/stm32f10x_rcc.o StdPeriph_Driver/src/stm32f10x_rtc.o StdPeriph_Driver/src/stm32f10x_sdio.o StdPeriph_Driver/src/stm32f10x_spi.o StdPeriph_Driver/src/stm32f10x_tim.o StdPeriph_Driver/src/stm32f10x_usart.o StdPeriph_Driver/src/stm32f10x_wwdg.o src/drv_exti.o src/drv_flash.o src/drv_gpio.o src/drv_itemp.o src/drv_iwdg.o src/drv_spi.o src/drv_sx1278.o src/drv_timer.o src/drv_usart.o src/global.o src/main.o src/syscalls.o src/system_stm32f10x.o src/task.o src/task_forward.o src/task_irqcall.o src/tools_lib.o startup/startup_stm32.o -mthumb -mcpu=cortex-m3 -T/home/mose/code/lorap/loramote_app/LinkerScript.ld -specs=nosys.specs -static -Wl,-cref,-u,Reset_Handler -Wl,-Map=loramote_app.map -Wl,--gc-sections -Wl,--defsym=malloc_getpagesize_P=0x80 -Wl,--start-group -lc -lm -Wl,--end-group -specs=nano.specs 
/opt/Atollic_TrueSTUDIO_for_STM32_x86_64_9.1.0/ide/jre/bin/java -jar /opt/Atollic_TrueSTUDIO_for_STM32_x86_64_9.1.0/Tools/arm-atollic-reports.jar sizeinfo list loramote_app.elf 
Generate build reports...
Print size information
   text	   data	    bss	    dec	    hex	filename
  10340	     28	   6076	  16444	   403c	loramote_app.elf
Print size information done
Generate listing file
Output sent to: loramote_app.list
Generate listing file done
Generate build reports done
/opt/Atollic_TrueSTUDIO_for_STM32_x86_64_9.1.0/ARMTools/bin/arm-atollic-eabi-objcopy -O ihex loramote_app.elf loramote_app.hex 
/opt/Atollic_TrueSTUDIO_for_STM32_x86_64_9.1.0/ARMTools/bin/arm-atollic-eabi-objcopy -O binary loramote_app.elf loramote_app.bin 
/opt/Atollic_TrueSTUDIO_for_STM32_x86_64_9.1.0/ARMTools/bin/arm-atollic-eabi-size loramote_app.elf 
   text	   data	    bss	    dec	    hex	filename
  10340	     28	   6076	  16444	   403c	loramote_app.elf
13:53:04 **** Incremental Build of configuration Debug for project loramote_boot ****
Info: Internal Builder is used for build
arm-atollic-eabi-gcc -c ../src/main.c -mthumb -mcpu=cortex-m3 -std=gnu11 -DSTM32 -DSTM32F1 -DSTM32F103C8Tx -DDEBUG -DSTM32F10X_MD -DUSE_STDPERIPH_DRIVER -I/home/mose/code/lorap/loramote_boot/StdPeriph_Driver/inc -I/home/mose/code/lorap/loramote_boot/inc -I/home/mose/code/lorap/loramote_boot/CMSIS/device -I/home/mose/code/lorap/loramote_boot/CMSIS/core -O0 -ffunction-sections -g3 -fstack-usage -Wall -specs=nano.specs -o src/main.o 
arm-atollic-eabi-gcc -c ../src/tools_lib.c -mthumb -mcpu=cortex-m3 -std=gnu11 -DSTM32 -DSTM32F1 -DSTM32F103C8Tx -DDEBUG -DSTM32F10X_MD -DUSE_STDPERIPH_DRIVER -I/home/mose/code/lorap/loramote_boot/StdPeriph_Driver/inc -I/home/mose/code/lorap/loramote_boot/inc -I/home/mose/code/lorap/loramote_boot/CMSIS/device -I/home/mose/code/lorap/loramote_boot/CMSIS/core -O0 -ffunction-sections -g3 -fstack-usage -Wall -specs=nano.specs -o src/tools_lib.o 
arm-atollic-eabi-gcc -c ../src/drv_usart.c -mthumb -mcpu=cortex-m3 -std=gnu11 -DSTM32 -DSTM32F1 -DSTM32F103C8Tx -DDEBUG -DSTM32F10X_MD -DUSE_STDPERIPH_DRIVER -I/home/mose/code/lorap/loramote_boot/StdPeriph_Driver/inc -I/home/mose/code/lorap/loramote_boot/inc -I/home/mose/code/lorap/loramote_boot/CMSIS/device -I/home/mose/code/lorap/loramote_boot/CMSIS/core -O0 -ffunction-sections -g3 -fstack-usage -Wall -specs=nano.specs -o src/drv_usart.o 
arm-atollic-eabi-gcc -c ../src/drv_flash.c -mthumb -mcpu=cortex-m3 -std=gnu11 -DSTM32 -DSTM32F1 -DSTM32F103C8Tx -DDEBUG -DSTM32F10X_MD -DUSE_STDPERIPH_DRIVER -I/home/mose/code/lorap/loramote_boot/StdPeriph_Driver/inc -I/home/mose/code/lorap/loramote_boot/inc -I/home/mose/code/lorap/loramote_boot/CMSIS/device -I/home/mose/code/lorap/loramote_boot/CMSIS/core -O0 -ffunction-sections -g3 -fstack-usage -Wall -specs=nano.specs -o src/drv_flash.o 
arm-atollic-eabi-gcc -c ../src/drv_gpio.c -mthumb -mcpu=cortex-m3 -std=gnu11 -DSTM32 -DSTM32F1 -DSTM32F103C8Tx -DDEBUG -DSTM32F10X_MD -DUSE_STDPERIPH_DRIVER -I/home/mose/code/lorap/loramote_boot/StdPeriph_Driver/inc -I/home/mose/code/lorap/loramote_boot/inc -I/home/mose/code/lorap/loramote_boot/CMSIS/device -I/home/mose/code/lorap/loramote_boot/CMSIS/core -O0 -ffunction-sections -g3 -fstack-usage -Wall -specs=nano.specs -o src/drv_gpio.o 
arm-atollic-eabi-gcc -o loramote_boot.elf CMSIS/core/core_cm3.o StdPeriph_Driver/src/misc.o StdPeriph_Driver/src/stm32f10x_adc.o StdPeriph_Driver/src/stm32f10x_bkp.o StdPeriph_Driver/src/stm32f10x_can.o StdPeriph_Driver/src/stm32f10x_cec.o StdPeriph_Driver/src/stm32f10x_crc.o StdPeriph_Driver/src/stm32f10x_dac.o StdPeriph_Driver/src/stm32f10x_dbgmcu.o StdPeriph_Driver/src/stm32f10x_dma.o StdPeriph_Driver/src/stm32f10x_exti.o StdPeriph_Driver/src/stm32f10x_flash.o StdPeriph_Driver/src/stm32f10x_fsmc.o StdPeriph_Driver/src/stm32f10x_gpio.o StdPeriph_Driver/src/stm32f10x_i2c.o StdPeriph_Driver/src/stm32f10x_iwdg.o StdPeriph_Driver/src/stm32f10x_pwr.o StdPeriph_Driver/src/stm32f10x_rcc.o StdPeriph_Driver/src/stm32f10x_rtc.o StdPeriph_Driver/src/stm32f10x_sdio.o StdPeriph_Driver/src/stm32f10x_spi.o StdPeriph_Driver/src/stm32f10x_tim.o StdPeriph_Driver/src/stm32f10x_usart.o StdPeriph_Driver/src/stm32f10x_wwdg.o src/drv_flash.o src/drv_gpio.o src/drv_usart.o src/global.o src/main.o src/syscalls.o src/system_stm32f10x.o src/tools_lib.o startup/startup_stm32.o -mthumb -mcpu=cortex-m3 -T/home/mose/code/lorap/loramote_boot/LinkerScript.ld -specs=nosys.specs -static -Wl,-cref,-u,Reset_Handler -Wl,-Map=loramote_boot.map -Wl,--gc-sections -Wl,--defsym=malloc_getpagesize_P=0x80 -Wl,--start-group -lc -lm -Wl,--end-group -specs=nano.specs 
/opt/Atollic_TrueSTUDIO_for_STM32_x86_64_9.1.0/ide/jre/bin/java -jar /opt/Atollic_TrueSTUDIO_for_STM32_x86_64_9.1.0/Tools/arm-atollic-reports.jar sizeinfo list loramote_boot.elf 
Generate build reports...
Print size information
   text	   data	    bss	    dec	    hex	filename
   5220	     28	   1052	   6300	   189c	loramote_boot.elf
Print size information done
Generate listing file
Output sent to: loramote_boot.list
Generate listing file done
Generate build reports done
/opt/Atollic_TrueSTUDIO_for_STM32_x86_64_9.1.0/ARMTools/bin/arm-atollic-eabi-objcopy -O ihex loramote_boot.elf loramote_boot.hex 
/opt/Atollic_TrueSTUDIO_for_STM32_x86_64_9.1.0/ARMTools/bin/arm-atollic-eabi-objcopy -O binary loramote_boot.elf loramote_boot.bin 
/opt/Atollic_TrueSTUDIO_for_STM32_x86_64_9.1.0/ARMTools/bin/arm-atollic-eabi-size loramote_boot.elf 
   text	   data	    bss	    dec	    hex	filename
   5220	     28	   1052	   6300	   189c	loramote_boot.elf
13:58:22 **** Incremental Build of configuration Debug for project loramote_app ****
Info: Internal Builder is used for build
arm-atollic-eabi-gcc -c ../src/drv_exti.c -mthumb -mcpu=cortex-m3 -std=gnu11 -DSTM32 -DSTM32F1 -DSTM32F103C8Tx -DDEBUG -DSTM32F10X_MD -DUSE_STDPERIPH_DRIVER -I/home/mose/code/lorap/loramote_app/StdPeriph_Driver/inc -I/home/mose/code/lorap/loramote_app/inc -I/home/mose/code/lorap/loramote_app/CMSIS/device -I/home/mose/code/lorap/loramote_app/CMSIS/core -O0 -ffunction-sections -g3 -fstack-usage -Wall -specs=nano.specs -o src/drv_exti.o 
arm-atollic-eabi-gcc -c ../src/drv_sx1278.c -mthumb -mcpu=cortex-m3 -std=gnu11 -DSTM32 -DSTM32F1 -DSTM32F103C8Tx -DDEBUG -DSTM32F10X_MD -DUSE_STDPERIPH_DRIVER -I/home/mose/code/lorap/loramote_app/StdPeriph_Driver/inc -I/home/mose/code/lorap/loramote_app/inc -I/home/mose/code/lorap/loramote_app/CMSIS/device -I/home/mose/code/lorap/loramote_app/CMSIS/core -O0 -ffunction-sections -g3 -fstack-usage -Wall -specs=nano.specs -o src/drv_sx1278.o 
arm-atollic-eabi-gcc -c ../src/drv_usart.c -mthumb -mcpu=cortex-m3 -std=gnu11 -DSTM32 -DSTM32F1 -DSTM32F103C8Tx -DDEBUG -DSTM32F10X_MD -DUSE_STDPERIPH_DRIVER -I/home/mose/code/lorap/loramote_app/StdPeriph_Driver/inc -I/home/mose/code/lorap/loramote_app/inc -I/home/mose/code/lorap/loramote_app/CMSIS/device -I/home/mose/code/lorap/loramote_app/CMSIS/core -O0 -ffunction-sections -g3 -fstack-usage -Wall -specs=nano.specs -o src/drv_usart.o 
arm-atollic-eabi-gcc -c ../src/global.c -mthumb -mcpu=cortex-m3 -std=gnu11 -DSTM32 -DSTM32F1 -DSTM32F103C8Tx -DDEBUG -DSTM32F10X_MD -DUSE_STDPERIPH_DRIVER -I/home/mose/code/lorap/loramote_app/StdPeriph_Driver/inc -I/home/mose/code/lorap/loramote_app/inc -I/home/mose/code/lorap/loramote_app/CMSIS/device -I/home/mose/code/lorap/loramote_app/CMSIS/core -O0 -ffunction-sections -g3 -fstack-usage -Wall -specs=nano.specs -o src/global.o 
arm-atollic-eabi-gcc -c ../src/drv_timer.c -mthumb -mcpu=cortex-m3 -std=gnu11 -DSTM32 -DSTM32F1 -DSTM32F103C8Tx -DDEBUG -DSTM32F10X_MD -DUSE_STDPERIPH_DRIVER -I/home/mose/code/lorap/loramote_app/StdPeriph_Driver/inc -I/home/mose/code/lorap/loramote_app/inc -I/home/mose/code/lorap/loramote_app/CMSIS/device -I/home/mose/code/lorap/loramote_app/CMSIS/core -O0 -ffunction-sections -g3 -fstack-usage -Wall -specs=nano.specs -o src/drv_timer.o 
arm-atollic-eabi-gcc -c ../src/drv_gpio.c -mthumb -mcpu=cortex-m3 -std=gnu11 -DSTM32 -DSTM32F1 -DSTM32F103C8Tx -DDEBUG -DSTM32F10X_MD -DUSE_STDPERIPH_DRIVER -I/home/mose/code/lorap/loramote_app/StdPeriph_Driver/inc -I/home/mose/code/lorap/loramote_app/inc -I/home/mose/code/lorap/loramote_app/CMSIS/device -I/home/mose/code/lorap/loramote_app/CMSIS/core -O0 -ffunction-sections -g3 -fstack-usage -Wall -specs=nano.specs -o src/drv_gpio.o 
arm-atollic-eabi-gcc -c ../src/drv_flash.c -mthumb -mcpu=cortex-m3 -std=gnu11 -DSTM32 -DSTM32F1 -DSTM32F103C8Tx -DDEBUG -DSTM32F10X_MD -DUSE_STDPERIPH_DRIVER -I/home/mose/code/lorap/loramote_app/StdPeriph_Driver/inc -I/home/mose/code/lorap/loramote_app/inc -I/home/mose/code/lorap/loramote_app/CMSIS/device -I/home/mose/code/lorap/loramote_app/CMSIS/core -O0 -ffunction-sections -g3 -fstack-usage -Wall -specs=nano.specs -o src/drv_flash.o 
arm-atollic-eabi-gcc -c ../src/tools_lib.c -mthumb -mcpu=cortex-m3 -std=gnu11 -DSTM32 -DSTM32F1 -DSTM32F103C8Tx -DDEBUG -DSTM32F10X_MD -DUSE_STDPERIPH_DRIVER -I/home/mose/code/lorap/loramote_app/StdPeriph_Driver/inc -I/home/mose/code/lorap/loramote_app/inc -I/home/mose/code/lorap/loramote_app/CMSIS/device -I/home/mose/code/lorap/loramote_app/CMSIS/core -O0 -ffunction-sections -g3 -fstack-usage -Wall -specs=nano.specs -o src/tools_lib.o 
arm-atollic-eabi-gcc -c ../src/drv_spi.c -mthumb -mcpu=cortex-m3 -std=gnu11 -DSTM32 -DSTM32F1 -DSTM32F103C8Tx -DDEBUG -DSTM32F10X_MD -DUSE_STDPERIPH_DRIVER -I/home/mose/code/lorap/loramote_app/StdPeriph_Driver/inc -I/home/mose/code/lorap/loramote_app/inc -I/home/mose/code/lorap/loramote_app/CMSIS/device -I/home/mose/code/lorap/loramote_app/CMSIS/core -O0 -ffunction-sections -g3 -fstack-usage -Wall -specs=nano.specs -o src/drv_spi.o 
arm-atollic-eabi-gcc -c ../src/task.c -mthumb -mcpu=cortex-m3 -std=gnu11 -DSTM32 -DSTM32F1 -DSTM32F103C8Tx -DDEBUG -DSTM32F10X_MD -DUSE_STDPERIPH_DRIVER -I/home/mose/code/lorap/loramote_app/StdPeriph_Driver/inc -I/home/mose/code/lorap/loramote_app/inc -I/home/mose/code/lorap/loramote_app/CMSIS/device -I/home/mose/code/lorap/loramote_app/CMSIS/core -O0 -ffunction-sections -g3 -fstack-usage -Wall -specs=nano.specs -o src/task.o 
arm-atollic-eabi-gcc -c ../src/main.c -mthumb -mcpu=cortex-m3 -std=gnu11 -DSTM32 -DSTM32F1 -DSTM32F103C8Tx -DDEBUG -DSTM32F10X_MD -DUSE_STDPERIPH_DRIVER -I/home/mose/code/lorap/loramote_app/StdPeriph_Driver/inc -I/home/mose/code/lorap/loramote_app/inc -I/home/mose/code/lorap/loramote_app/CMSIS/device -I/home/mose/code/lorap/loramote_app/CMSIS/core -O0 -ffunction-sections -g3 -fstack-usage -Wall -specs=nano.specs -o src/main.o 
arm-atollic-eabi-gcc -o loramote_app.elf CMSIS/core/core_cm3.o StdPeriph_Driver/src/misc.o StdPeriph_Driver/src/stm32f10x_adc.o StdPeriph_Driver/src/stm32f10x_bkp.o StdPeriph_Driver/src/stm32f10x_can.o StdPeriph_Driver/src/stm32f10x_cec.o StdPeriph_Driver/src/stm32f10x_crc.o StdPeriph_Driver/src/stm32f10x_dac.o StdPeriph_Driver/src/stm32f10x_dbgmcu.o StdPeriph_Driver/src/stm32f10x_dma.o StdPeriph_Driver/src/stm32f10x_exti.o StdPeriph_Driver/src/stm32f10x_flash.o StdPeriph_Driver/src/stm32f10x_fsmc.o StdPeriph_Driver/src/stm32f10x_gpio.o StdPeriph_Driver/src/stm32f10x_i2c.o StdPeriph_Driver/src/stm32f10x_iwdg.o StdPeriph_Driver/src/stm32f10x_pwr.o StdPeriph_Driver/src/stm32f10x_rcc.o StdPeriph_Driver/src/stm32f10x_rtc.o StdPeriph_Driver/src/stm32f10x_sdio.o StdPeriph_Driver/src/stm32f10x_spi.o StdPeriph_Driver/src/stm32f10x_tim.o StdPeriph_Driver/src/stm32f10x_usart.o StdPeriph_Driver/src/stm32f10x_wwdg.o src/drv_exti.o src/drv_flash.o src/drv_gpio.o src/drv_itemp.o src/drv_iwdg.o src/drv_spi.o src/drv_sx1278.o src/drv_timer.o src/drv_usart.o src/global.o src/main.o src/syscalls.o src/system_stm32f10x.o src/task.o src/task_forward.o src/task_irqcall.o src/tools_lib.o startup/startup_stm32.o -mthumb -mcpu=cortex-m3 -T/home/mose/code/lorap/loramote_app/LinkerScript.ld -specs=nosys.specs -static -Wl,-cref,-u,Reset_Handler -Wl,-Map=loramote_app.map -Wl,--gc-sections -Wl,--defsym=malloc_getpagesize_P=0x80 -Wl,--start-group -lc -lm -Wl,--end-group -specs=nano.specs 
/opt/Atollic_TrueSTUDIO_for_STM32_x86_64_9.1.0/ide/jre/bin/java -jar /opt/Atollic_TrueSTUDIO_for_STM32_x86_64_9.1.0/Tools/arm-atollic-reports.jar sizeinfo list loramote_app.elf 
Generate build reports...
Print size information
   text	   data	    bss	    dec	    hex	filename
  10340	     28	   6076	  16444	   403c	loramote_app.elf
Print size information done
Generate listing file
Output sent to: loramote_app.list
Generate listing file done
Generate build reports done
/opt/Atollic_TrueSTUDIO_for_STM32_x86_64_9.1.0/ARMTools/bin/arm-atollic-eabi-objcopy -O ihex loramote_app.elf loramote_app.hex 
/opt/Atollic_TrueSTUDIO_for_STM32_x86_64_9.1.0/ARMTools/bin/arm-atollic-eabi-objcopy -O binary loramote_app.elf loramote_app.bin 
/opt/Atollic_TrueSTUDIO_for_STM32_x86_64_9.1.0/ARMTools/bin/arm-atollic-eabi-size loramote_app.elf 
   text	   data	    bss	    dec	    hex	filename
  10340	     28	   6076	  16444	   403c	loramote_app.elf
14:11:00 **** Incremental Build of configuration Debug for project loramote_app ****
Info: Internal Builder is used for build
arm-atollic-eabi-gcc -c ../src/drv_timer.c -mthumb -mcpu=cortex-m3 -std=gnu11 -DSTM32 -DSTM32F1 -DSTM32F103C8Tx -DDEBUG -DSTM32F10X_MD -DUSE_STDPERIPH_DRIVER -I/home/mose/code/lorap/loramote_app/StdPeriph_Driver/inc -I/home/mose/code/lorap/loramote_app/inc -I/home/mose/code/lorap/loramote_app/CMSIS/device -I/home/mose/code/lorap/loramote_app/CMSIS/core -O0 -ffunction-sections -g3 -fstack-usage -Wall -specs=nano.specs -o src/drv_timer.o 
arm-atollic-eabi-gcc -c ../src/global.c -mthumb -mcpu=cortex-m3 -std=gnu11 -DSTM32 -DSTM32F1 -DSTM32F103C8Tx -DDEBUG -DSTM32F10X_MD -DUSE_STDPERIPH_DRIVER -I/home/mose/code/lorap/loramote_app/StdPeriph_Driver/inc -I/home/mose/code/lorap/loramote_app/inc -I/home/mose/code/lorap/loramote_app/CMSIS/device -I/home/mose/code/lorap/loramote_app/CMSIS/core -O0 -ffunction-sections -g3 -fstack-usage -Wall -specs=nano.specs -o src/global.o 
arm-atollic-eabi-gcc -c ../src/tools_lib.c -mthumb -mcpu=cortex-m3 -std=gnu11 -DSTM32 -DSTM32F1 -DSTM32F103C8Tx -DDEBUG -DSTM32F10X_MD -DUSE_STDPERIPH_DRIVER -I/home/mose/code/lorap/loramote_app/StdPeriph_Driver/inc -I/home/mose/code/lorap/loramote_app/inc -I/home/mose/code/lorap/loramote_app/CMSIS/device -I/home/mose/code/lorap/loramote_app/CMSIS/core -O0 -ffunction-sections -g3 -fstack-usage -Wall -specs=nano.specs -o src/tools_lib.o 
arm-atollic-eabi-gcc -c ../src/drv_usart.c -mthumb -mcpu=cortex-m3 -std=gnu11 -DSTM32 -DSTM32F1 -DSTM32F103C8Tx -DDEBUG -DSTM32F10X_MD -DUSE_STDPERIPH_DRIVER -I/home/mose/code/lorap/loramote_app/StdPeriph_Driver/inc -I/home/mose/code/lorap/loramote_app/inc -I/home/mose/code/lorap/loramote_app/CMSIS/device -I/home/mose/code/lorap/loramote_app/CMSIS/core -O0 -ffunction-sections -g3 -fstack-usage -Wall -specs=nano.specs -o src/drv_usart.o 
arm-atollic-eabi-gcc -c ../src/drv_gpio.c -mthumb -mcpu=cortex-m3 -std=gnu11 -DSTM32 -DSTM32F1 -DSTM32F103C8Tx -DDEBUG -DSTM32F10X_MD -DUSE_STDPERIPH_DRIVER -I/home/mose/code/lorap/loramote_app/StdPeriph_Driver/inc -I/home/mose/code/lorap/loramote_app/inc -I/home/mose/code/lorap/loramote_app/CMSIS/device -I/home/mose/code/lorap/loramote_app/CMSIS/core -O0 -ffunction-sections -g3 -fstack-usage -Wall -specs=nano.specs -o src/drv_gpio.o 
../src/drv_gpio.c: In function 'init_gpio':
../src/drv_gpio.c:14:13: error: 'BUTTON_PIN' undeclared (first use in this function)
   gpio_init(BUTTON_PIN, BUTTON_GPIO, GPIO_Speed_2MHz, GPIO_Mode_IPU);
             ^~~~~~~~~~
../src/drv_gpio.c:14:13: note: each undeclared identifier is reported only once for each function it appears in
../src/drv_gpio.c:14:25: error: 'BUTTON_GPIO' undeclared (first use in this function)
   gpio_init(BUTTON_PIN, BUTTON_GPIO, GPIO_Speed_2MHz, GPIO_Mode_IPU);
                         ^~~~~~~~~~~
../src/drv_gpio.c: In function 'button_get':
../src/drv_gpio.c:50:19: error: 'BUTTON_GPIO' undeclared (first use in this function)
   return(gpio_get(BUTTON_GPIO, BUTTON_PIN));
                   ^~~~~~~~~~~
../src/drv_gpio.c:50:32: error: 'BUTTON_PIN' undeclared (first use in this function)
   return(gpio_get(BUTTON_GPIO, BUTTON_PIN));
                                ^~~~~~~~~~
../src/drv_gpio.c:51:1: warning: control reaches end of non-void function [-Wreturn-type]
 }
 ^
14:11:14 **** Incremental Build of configuration Debug for project loramote_app ****
Info: Internal Builder is used for build
arm-atollic-eabi-gcc -c ../src/main.c -mthumb -mcpu=cortex-m3 -std=gnu11 -DSTM32 -DSTM32F1 -DSTM32F103C8Tx -DDEBUG -DSTM32F10X_MD -DUSE_STDPERIPH_DRIVER -I/home/mose/code/lorap/loramote_app/StdPeriph_Driver/inc -I/home/mose/code/lorap/loramote_app/inc -I/home/mose/code/lorap/loramote_app/CMSIS/device -I/home/mose/code/lorap/loramote_app/CMSIS/core -O0 -ffunction-sections -g3 -fstack-usage -Wall -specs=nano.specs -o src/main.o 
arm-atollic-eabi-gcc -c ../src/drv_exti.c -mthumb -mcpu=cortex-m3 -std=gnu11 -DSTM32 -DSTM32F1 -DSTM32F103C8Tx -DDEBUG -DSTM32F10X_MD -DUSE_STDPERIPH_DRIVER -I/home/mose/code/lorap/loramote_app/StdPeriph_Driver/inc -I/home/mose/code/lorap/loramote_app/inc -I/home/mose/code/lorap/loramote_app/CMSIS/device -I/home/mose/code/lorap/loramote_app/CMSIS/core -O0 -ffunction-sections -g3 -fstack-usage -Wall -specs=nano.specs -o src/drv_exti.o 
arm-atollic-eabi-gcc -c ../src/drv_itemp.c -mthumb -mcpu=cortex-m3 -std=gnu11 -DSTM32 -DSTM32F1 -DSTM32F103C8Tx -DDEBUG -DSTM32F10X_MD -DUSE_STDPERIPH_DRIVER -I/home/mose/code/lorap/loramote_app/StdPeriph_Driver/inc -I/home/mose/code/lorap/loramote_app/inc -I/home/mose/code/lorap/loramote_app/CMSIS/device -I/home/mose/code/lorap/loramote_app/CMSIS/core -O0 -ffunction-sections -g3 -fstack-usage -Wall -specs=nano.specs -o src/drv_itemp.o 
arm-atollic-eabi-gcc -c ../src/drv_flash.c -mthumb -mcpu=cortex-m3 -std=gnu11 -DSTM32 -DSTM32F1 -DSTM32F103C8Tx -DDEBUG -DSTM32F10X_MD -DUSE_STDPERIPH_DRIVER -I/home/mose/code/lorap/loramote_app/StdPeriph_Driver/inc -I/home/mose/code/lorap/loramote_app/inc -I/home/mose/code/lorap/loramote_app/CMSIS/device -I/home/mose/code/lorap/loramote_app/CMSIS/core -O0 -ffunction-sections -g3 -fstack-usage -Wall -specs=nano.specs -o src/drv_flash.o 
arm-atollic-eabi-gcc -c ../src/task.c -mthumb -mcpu=cortex-m3 -std=gnu11 -DSTM32 -DSTM32F1 -DSTM32F103C8Tx -DDEBUG -DSTM32F10X_MD -DUSE_STDPERIPH_DRIVER -I/home/mose/code/lorap/loramote_app/StdPeriph_Driver/inc -I/home/mose/code/lorap/loramote_app/inc -I/home/mose/code/lorap/loramote_app/CMSIS/device -I/home/mose/code/lorap/loramote_app/CMSIS/core -O0 -ffunction-sections -g3 -fstack-usage -Wall -specs=nano.specs -o src/task.o 
arm-atollic-eabi-gcc -c ../src/drv_sx1278.c -mthumb -mcpu=cortex-m3 -std=gnu11 -DSTM32 -DSTM32F1 -DSTM32F103C8Tx -DDEBUG -DSTM32F10X_MD -DUSE_STDPERIPH_DRIVER -I/home/mose/code/lorap/loramote_app/StdPeriph_Driver/inc -I/home/mose/code/lorap/loramote_app/inc -I/home/mose/code/lorap/loramote_app/CMSIS/device -I/home/mose/code/lorap/loramote_app/CMSIS/core -O0 -ffunction-sections -g3 -fstack-usage -Wall -specs=nano.specs -o src/drv_sx1278.o 
arm-atollic-eabi-gcc -c ../src/drv_usart.c -mthumb -mcpu=cortex-m3 -std=gnu11 -DSTM32 -DSTM32F1 -DSTM32F103C8Tx -DDEBUG -DSTM32F10X_MD -DUSE_STDPERIPH_DRIVER -I/home/mose/code/lorap/loramote_app/StdPeriph_Driver/inc -I/home/mose/code/lorap/loramote_app/inc -I/home/mose/code/lorap/loramote_app/CMSIS/device -I/home/mose/code/lorap/loramote_app/CMSIS/core -O0 -ffunction-sections -g3 -fstack-usage -Wall -specs=nano.specs -o src/drv_usart.o 
arm-atollic-eabi-gcc -c ../src/drv_gpio.c -mthumb -mcpu=cortex-m3 -std=gnu11 -DSTM32 -DSTM32F1 -DSTM32F103C8Tx -DDEBUG -DSTM32F10X_MD -DUSE_STDPERIPH_DRIVER -I/home/mose/code/lorap/loramote_app/StdPeriph_Driver/inc -I/home/mose/code/lorap/loramote_app/inc -I/home/mose/code/lorap/loramote_app/CMSIS/device -I/home/mose/code/lorap/loramote_app/CMSIS/core -O0 -ffunction-sections -g3 -fstack-usage -Wall -specs=nano.specs -o src/drv_gpio.o 
../src/drv_gpio.c: In function 'init_gpio':
../src/drv_gpio.c:14:13: error: 'BUTTON_PIN' undeclared (first use in this function)
   gpio_init(BUTTON_PIN, BUTTON_GPIO, GPIO_Speed_2MHz, GPIO_Mode_IPU);
             ^~~~~~~~~~
../src/drv_gpio.c:14:13: note: each undeclared identifier is reported only once for each function it appears in
../src/drv_gpio.c:14:25: error: 'BUTTON_GPIO' undeclared (first use in this function)
   gpio_init(BUTTON_PIN, BUTTON_GPIO, GPIO_Speed_2MHz, GPIO_Mode_IPU);
                         ^~~~~~~~~~~
14:11:22 **** Incremental Build of configuration Debug for project loramote_app ****
Info: Internal Builder is used for build
arm-atollic-eabi-gcc -c ../src/drv_spi.c -mthumb -mcpu=cortex-m3 -std=gnu11 -DSTM32 -DSTM32F1 -DSTM32F103C8Tx -DDEBUG -DSTM32F10X_MD -DUSE_STDPERIPH_DRIVER -I/home/mose/code/lorap/loramote_app/StdPeriph_Driver/inc -I/home/mose/code/lorap/loramote_app/inc -I/home/mose/code/lorap/loramote_app/CMSIS/device -I/home/mose/code/lorap/loramote_app/CMSIS/core -O0 -ffunction-sections -g3 -fstack-usage -Wall -specs=nano.specs -o src/drv_spi.o 
arm-atollic-eabi-gcc -c ../src/drv_gpio.c -mthumb -mcpu=cortex-m3 -std=gnu11 -DSTM32 -DSTM32F1 -DSTM32F103C8Tx -DDEBUG -DSTM32F10X_MD -DUSE_STDPERIPH_DRIVER -I/home/mose/code/lorap/loramote_app/StdPeriph_Driver/inc -I/home/mose/code/lorap/loramote_app/inc -I/home/mose/code/lorap/loramote_app/CMSIS/device -I/home/mose/code/lorap/loramote_app/CMSIS/core -O0 -ffunction-sections -g3 -fstack-usage -Wall -specs=nano.specs -o src/drv_gpio.o 
arm-atollic-eabi-gcc -o loramote_app.elf CMSIS/core/core_cm3.o StdPeriph_Driver/src/misc.o StdPeriph_Driver/src/stm32f10x_adc.o StdPeriph_Driver/src/stm32f10x_bkp.o StdPeriph_Driver/src/stm32f10x_can.o StdPeriph_Driver/src/stm32f10x_cec.o StdPeriph_Driver/src/stm32f10x_crc.o StdPeriph_Driver/src/stm32f10x_dac.o StdPeriph_Driver/src/stm32f10x_dbgmcu.o StdPeriph_Driver/src/stm32f10x_dma.o StdPeriph_Driver/src/stm32f10x_exti.o StdPeriph_Driver/src/stm32f10x_flash.o StdPeriph_Driver/src/stm32f10x_fsmc.o StdPeriph_Driver/src/stm32f10x_gpio.o StdPeriph_Driver/src/stm32f10x_i2c.o StdPeriph_Driver/src/stm32f10x_iwdg.o StdPeriph_Driver/src/stm32f10x_pwr.o StdPeriph_Driver/src/stm32f10x_rcc.o StdPeriph_Driver/src/stm32f10x_rtc.o StdPeriph_Driver/src/stm32f10x_sdio.o StdPeriph_Driver/src/stm32f10x_spi.o StdPeriph_Driver/src/stm32f10x_tim.o StdPeriph_Driver/src/stm32f10x_usart.o StdPeriph_Driver/src/stm32f10x_wwdg.o src/drv_exti.o src/drv_flash.o src/drv_gpio.o src/drv_itemp.o src/drv_iwdg.o src/drv_spi.o src/drv_sx1278.o src/drv_timer.o src/drv_usart.o src/global.o src/main.o src/syscalls.o src/system_stm32f10x.o src/task.o src/task_forward.o src/task_irqcall.o src/tools_lib.o startup/startup_stm32.o -mthumb -mcpu=cortex-m3 -T/home/mose/code/lorap/loramote_app/LinkerScript.ld -specs=nosys.specs -static -Wl,-cref,-u,Reset_Handler -Wl,-Map=loramote_app.map -Wl,--gc-sections -Wl,--defsym=malloc_getpagesize_P=0x80 -Wl,--start-group -lc -lm -Wl,--end-group -specs=nano.specs 
/opt/Atollic_TrueSTUDIO_for_STM32_x86_64_9.1.0/ide/jre/bin/java -jar /opt/Atollic_TrueSTUDIO_for_STM32_x86_64_9.1.0/Tools/arm-atollic-reports.jar sizeinfo list loramote_app.elf 
Generate build reports...
Print size information
   text	   data	    bss	    dec	    hex	filename
  10324	     28	   6076	  16428	   402c	loramote_app.elf
Print size information done
Generate listing file
Output sent to: loramote_app.list
Generate listing file done
Generate build reports done
/opt/Atollic_TrueSTUDIO_for_STM32_x86_64_9.1.0/ARMTools/bin/arm-atollic-eabi-objcopy -O ihex loramote_app.elf loramote_app.hex 
/opt/Atollic_TrueSTUDIO_for_STM32_x86_64_9.1.0/ARMTools/bin/arm-atollic-eabi-objcopy -O binary loramote_app.elf loramote_app.bin 
/opt/Atollic_TrueSTUDIO_for_STM32_x86_64_9.1.0/ARMTools/bin/arm-atollic-eabi-size loramote_app.elf 
   text	   data	    bss	    dec	    hex	filename
  10324	     28	   6076	  16428	   402c	loramote_app.elf
14:19:54 **** Incremental Build of configuration Debug for project loramote_app ****
Info: Internal Builder is used for build
arm-atollic-eabi-gcc -c ../src/tools_lib.c -mthumb -mcpu=cortex-m3 -std=gnu11 -DSTM32 -DSTM32F1 -DSTM32F103C8Tx -DDEBUG -DSTM32F10X_MD -DUSE_STDPERIPH_DRIVER -I/home/mose/code/lorap/loramote_app/StdPeriph_Driver/inc -I/home/mose/code/lorap/loramote_app/inc -I/home/mose/code/lorap/loramote_app/CMSIS/device -I/home/mose/code/lorap/loramote_app/CMSIS/core -O0 -ffunction-sections -g3 -fstack-usage -Wall -specs=nano.specs -o src/tools_lib.o 
arm-atollic-eabi-gcc -o loramote_app.elf CMSIS/core/core_cm3.o StdPeriph_Driver/src/misc.o StdPeriph_Driver/src/stm32f10x_adc.o StdPeriph_Driver/src/stm32f10x_bkp.o StdPeriph_Driver/src/stm32f10x_can.o StdPeriph_Driver/src/stm32f10x_cec.o StdPeriph_Driver/src/stm32f10x_crc.o StdPeriph_Driver/src/stm32f10x_dac.o StdPeriph_Driver/src/stm32f10x_dbgmcu.o StdPeriph_Driver/src/stm32f10x_dma.o StdPeriph_Driver/src/stm32f10x_exti.o StdPeriph_Driver/src/stm32f10x_flash.o StdPeriph_Driver/src/stm32f10x_fsmc.o StdPeriph_Driver/src/stm32f10x_gpio.o StdPeriph_Driver/src/stm32f10x_i2c.o StdPeriph_Driver/src/stm32f10x_iwdg.o StdPeriph_Driver/src/stm32f10x_pwr.o StdPeriph_Driver/src/stm32f10x_rcc.o StdPeriph_Driver/src/stm32f10x_rtc.o StdPeriph_Driver/src/stm32f10x_sdio.o StdPeriph_Driver/src/stm32f10x_spi.o StdPeriph_Driver/src/stm32f10x_tim.o StdPeriph_Driver/src/stm32f10x_usart.o StdPeriph_Driver/src/stm32f10x_wwdg.o src/drv_exti.o src/drv_flash.o src/drv_gpio.o src/drv_itemp.o src/drv_iwdg.o src/drv_spi.o src/drv_sx1278.o src/drv_timer.o src/drv_usart.o src/global.o src/main.o src/syscalls.o src/system_stm32f10x.o src/task.o src/task_forward.o src/task_irqcall.o src/tools_lib.o startup/startup_stm32.o -mthumb -mcpu=cortex-m3 -T/home/mose/code/lorap/loramote_app/LinkerScript.ld -specs=nosys.specs -static -Wl,-cref,-u,Reset_Handler -Wl,-Map=loramote_app.map -Wl,--gc-sections -Wl,--defsym=malloc_getpagesize_P=0x80 -Wl,--start-group -lc -lm -Wl,--end-group -specs=nano.specs 
/opt/Atollic_TrueSTUDIO_for_STM32_x86_64_9.1.0/ide/jre/bin/java -jar /opt/Atollic_TrueSTUDIO_for_STM32_x86_64_9.1.0/Tools/arm-atollic-reports.jar sizeinfo list loramote_app.elf 
Generate build reports...
Print size information
   text	   data	    bss	    dec	    hex	filename
  10324	     28	   6076	  16428	   402c	loramote_app.elf
Print size information done
Generate listing file
Output sent to: loramote_app.list
Generate listing file done
Generate build reports done
/opt/Atollic_TrueSTUDIO_for_STM32_x86_64_9.1.0/ARMTools/bin/arm-atollic-eabi-objcopy -O ihex loramote_app.elf loramote_app.hex 
/opt/Atollic_TrueSTUDIO_for_STM32_x86_64_9.1.0/ARMTools/bin/arm-atollic-eabi-objcopy -O binary loramote_app.elf loramote_app.bin 
/opt/Atollic_TrueSTUDIO_for_STM32_x86_64_9.1.0/ARMTools/bin/arm-atollic-eabi-size loramote_app.elf 
   text	   data	    bss	    dec	    hex	filename
  10324	     28	   6076	  16428	   402c	loramote_app.elf
Info: Nothing to build for loragw_app
Info: Nothing to build for loragw_boot
Info: Nothing to build for loramote_app
Info: Nothing to build for loramote_boot
14:21:48 **** Incremental Build of configuration Debug for project loragw_app ****
Info: Internal Builder is used for build
arm-atollic-eabi-gcc -c ../src/tools_lib.c -mthumb -mcpu=cortex-m3 -std=gnu11 -DSTM32 -DSTM32F1 -DSTM32F103RCTx -DDEBUG -DSTM32F10X_HD -DUSE_STDPERIPH_DRIVER -I/home/mose/code/lorap/loragw_app/StdPeriph_Driver/inc -I/home/mose/code/lorap/loragw_app/inc -I/home/mose/code/lorap/loragw_app/CMSIS/device -I/home/mose/code/lorap/loragw_app/CMSIS/core -O0 -ffunction-sections -g3 -fstack-usage -Wall -specs=nano.specs -o src/tools_lib.o 
arm-atollic-eabi-gcc -o loragw_app.elf CMSIS/core/core_cm3.o StdPeriph_Driver/src/misc.o StdPeriph_Driver/src/stm32f10x_adc.o StdPeriph_Driver/src/stm32f10x_bkp.o StdPeriph_Driver/src/stm32f10x_can.o StdPeriph_Driver/src/stm32f10x_cec.o StdPeriph_Driver/src/stm32f10x_crc.o StdPeriph_Driver/src/stm32f10x_dac.o StdPeriph_Driver/src/stm32f10x_dbgmcu.o StdPeriph_Driver/src/stm32f10x_dma.o StdPeriph_Driver/src/stm32f10x_exti.o StdPeriph_Driver/src/stm32f10x_flash.o StdPeriph_Driver/src/stm32f10x_fsmc.o StdPeriph_Driver/src/stm32f10x_gpio.o StdPeriph_Driver/src/stm32f10x_i2c.o StdPeriph_Driver/src/stm32f10x_iwdg.o StdPeriph_Driver/src/stm32f10x_pwr.o StdPeriph_Driver/src/stm32f10x_rcc.o StdPeriph_Driver/src/stm32f10x_rtc.o StdPeriph_Driver/src/stm32f10x_sdio.o StdPeriph_Driver/src/stm32f10x_spi.o StdPeriph_Driver/src/stm32f10x_tim.o StdPeriph_Driver/src/stm32f10x_usart.o StdPeriph_Driver/src/stm32f10x_wwdg.o src/drv_exti.o src/drv_flash.o src/drv_gpio.o src/drv_itemp.o src/drv_iwdg.o src/drv_spi.o src/drv_sx1278.o src/drv_timer.o src/drv_usart.o src/drv_w5500.o src/global.o src/main.o src/syscalls.o src/system_stm32f10x.o src/task.o src/task_forward.o src/task_heartbeat.o src/task_irqcall.o src/task_reboot.o src/task_upgrade.o src/tools_lib.o startup/startup_stm32.o -mthumb -mcpu=cortex-m3 -T/home/mose/code/lorap/loragw_app/LinkerScript.ld -specs=nosys.specs -static -Wl,-cref,-u,Reset_Handler -Wl,-Map=loragw_app.map -Wl,--gc-sections -Wl,--defsym=malloc_getpagesize_P=0x80 -Wl,--start-group -lc -lm -Wl,--end-group -specs=nano.specs 
/opt/Atollic_TrueSTUDIO_for_STM32_x86_64_9.1.0/ide/jre/bin/java -jar /opt/Atollic_TrueSTUDIO_for_STM32_x86_64_9.1.0/Tools/arm-atollic-reports.jar sizeinfo list loragw_app.elf 
Generate build reports...
Print size information
   text	   data	    bss	    dec	    hex	filename
  20716	     28	   7100	  27844	   6cc4	loragw_app.elf
Print size information done
Generate listing file
Output sent to: loragw_app.list
Generate listing file done
Generate build reports done
/opt/Atollic_TrueSTUDIO_for_STM32_x86_64_9.1.0/ARMTools/bin/arm-atollic-eabi-objcopy -O ihex loragw_app.elf loragw_app.hex 
/opt/Atollic_TrueSTUDIO_for_STM32_x86_64_9.1.0/ARMTools/bin/arm-atollic-eabi-objcopy -O binary loragw_app.elf loragw_app.bin 
/opt/Atollic_TrueSTUDIO_for_STM32_x86_64_9.1.0/ARMTools/bin/arm-atollic-eabi-size loragw_app.elf 
   text	   data	    bss	    dec	    hex	filename
  20716	     28	   7100	  27844	   6cc4	loragw_app.elf
14:21:49 **** Incremental Build of configuration Debug for project loragw_boot ****
Info: Internal Builder is used for build
arm-atollic-eabi-gcc -c ../src/tools_lib.c -mthumb -mcpu=cortex-m3 -std=gnu11 -DSTM32 -DSTM32F1 -DSTM32F103RCTx -DDEBUG -DSTM32F10X_HD -DUSE_STDPERIPH_DRIVER -I/home/mose/code/lorap/loragw_boot/StdPeriph_Driver/inc -I/home/mose/code/lorap/loragw_boot/inc -I/home/mose/code/lorap/loragw_boot/CMSIS/device -I/home/mose/code/lorap/loragw_boot/CMSIS/core -O0 -ffunction-sections -g3 -fstack-usage -Wall -specs=nano.specs -o src/tools_lib.o 
[...]
/opt/Atollic_TrueSTUDIO_for_STM32_x86_64_9.1.0/ide/jre/bin/java -jar /opt/Atollic_TrueSTUDIO_for_STM32_x86_64_9.1.0/Tools/arm-atollic-reports.jar sizeinfo list loragw_app.elf 
Generate build reports...
Print size information
   text	   data	    bss	    dec	    hex	filename
  22484	     28	   7100	  29612	   73ac	loragw_app.elf
Print size information done
Generate listing file
Output sent to: loragw_app.list
Generate listing file done
Generate build reports done
/opt/Atollic_TrueSTUDIO_for_STM32_x86_64_9.1.0/ARMTools/bin/arm-atollic-eabi-objcopy -O ihex loragw_app.elf loragw_app.hex 
/opt/Atollic_TrueSTUDIO_for_STM32_x86_64_9.1.0/ARMTools/bin/arm-atollic-eabi-objcopy -O binary loragw_app.elf loragw_app.bin 
/opt/Atollic_TrueSTUDIO_for_STM32_x86_64_9.1.0/ARMTools/bin/arm-atollic-eabi-size loragw_app.elf 
   text	   data	    bss	    dec	    hex	filename
  22484	     28	   7100	  29612	   73ac	loragw_app.elf
Info: Nothing to build for loramote_app
17:43:02 **** Incremental Build of configuration Debug for project loragw_app ****
Info: Internal Builder is used for build
arm-atollic-eabi-gcc -c ../src/drv_w5500.c -mthumb -mcpu=cortex-m3 -std=gnu11 -DSTM32 -DSTM32F1 -DSTM32F103RCTx -DDEBUG -DSTM32F10X_HD -DUSE_STDPERIPH_DRIVER -I/home/mose/code/lorap/loragw_app/StdPeriph_Driver/inc -I/home/mose/code/lorap/loragw_app/inc -I/home/mose/code/lorap/loragw_app/CMSIS/device -I/home/mose/code/lorap/loragw_app/CMSIS/core -O0 -ffunction-sections -g3 -fstack-usage -Wall -specs=nano.specs -o src/drv_w5500.o 
arm-atollic-eabi-gcc -o loragw_app.elf CMSIS/core/core_cm3.o StdPeriph_Driver/src/misc.o StdPeriph_Driver/src/stm32f10x_adc.o StdPeriph_Driver/src/stm32f10x_bkp.o StdPeriph_Driver/src/stm32f10x_can.o StdPeriph_Driver/src/stm32f10x_cec.o StdPeriph_Driver/src/stm32f10x_crc.o StdPeriph_Driver/src/stm32f10x_dac.o StdPeriph_Driver/src/stm32f10x_dbgmcu.o StdPeriph_Driver/src/stm32f10x_dma.o StdPeriph_Driver/src/stm32f10x_exti.o StdPeriph_Driver/src/stm32f10x_flash.o StdPeriph_Driver/src/stm32f10x_fsmc.o StdPeriph_Driver/src/stm32f10x_gpio.o StdPeriph_Driver/src/stm32f10x_i2c.o StdPeriph_Driver/src/stm32f10x_iwdg.o StdPeriph_Driver/src/stm32f10x_pwr.o StdPeriph_Driver/src/stm32f10x_rcc.o StdPeriph_Driver/src/stm32f10x_rtc.o StdPeriph_Driver/src/stm32f10x_sdio.o StdPeriph_Driver/src/stm32f10x_spi.o StdPeriph_Driver/src/stm32f10x_tim.o StdPeriph_Driver/src/stm32f10x_usart.o StdPeriph_Driver/src/stm32f10x_wwdg.o src/drv_exti.o src/drv_flash.o src/drv_gpio.o src/drv_itemp.o src/drv_iwdg.o src/drv_spi.o src/drv_sx1278.o src/drv_timer.o src/drv_usart.o src/drv_w5500.o src/global.o src/main.o src/syscalls.o src/system_stm32f10x.o src/task.o src/task_forward.o src/task_heartbeat.o src/task_irqcall.o src/task_reboot.o src/task_upgrade.o src/tools_lib.o startup/startup_stm32.o -mthumb -mcpu=cortex-m3 -T/home/mose/code/lorap/loragw_app/LinkerScript.ld -specs=nosys.specs -static -Wl,-cref,-u,Reset_Handler -Wl,-Map=loragw_app.map -Wl,--gc-sections -Wl,--defsym=malloc_getpagesize_P=0x80 -Wl,--start-group -lc -lm -Wl,--end-group -specs=nano.specs 
/opt/Atollic_TrueSTUDIO_for_STM32_x86_64_9.1.0/ide/jre/bin/java -jar /opt/Atollic_TrueSTUDIO_for_STM32_x86_64_9.1.0/Tools/arm-atollic-reports.jar sizeinfo list loragw_app.elf 
Generate build reports...
Print size information
   text	   data	    bss	    dec	    hex	filename
  22480	     28	   7100	  29608	   73a8	loragw_app.elf
Print size information done
Generate listing file
Output sent to: loragw_app.list
Generate listing file done
Generate build reports done
/opt/Atollic_TrueSTUDIO_for_STM32_x86_64_9.1.0/ARMTools/bin/arm-atollic-eabi-objcopy -O ihex loragw_app.elf loragw_app.hex 
/opt/Atollic_TrueSTUDIO_for_STM32_x86_64_9.1.0/ARMTools/bin/arm-atollic-eabi-objcopy -O binary loragw_app.elf loragw_app.bin 
/opt/Atollic_TrueSTUDIO_for_STM32_x86_64_9.1.0/ARMTools/bin/arm-atollic-eabi-size loragw_app.elf 
   text	   data	    bss	    dec	    hex	filename
  22480	     28	   7100	  29608	   73a8	loragw_app.elf
Info: Nothing to build for loramote_app
17:43:20 **** Incremental Build of configuration Debug for project loragw_app ****
Info: Internal Builder is used for build
arm-atollic-eabi-gcc -c ../src/drv_w5500.c -mthumb -mcpu=cortex-m3 -std=gnu11 -DSTM32 -DSTM32F1 -DSTM32F103RCTx -DDEBUG -DSTM32F10X_HD -DUSE_STDPERIPH_DRIVER -I/home/mose/code/lorap/loragw_app/StdPeriph_Driver/inc -I/home/mose/code/lorap/loragw_app/inc -I/home/mose/code/lorap/loragw_app/CMSIS/device -I/home/mose/code/lorap/loragw_app/CMSIS/core -O0 -ffunction-sections -g3 -fstack-usage -Wall -specs=nano.specs -o src/drv_w5500.o 
arm-atollic-eabi-gcc -o loragw_app.elf CMSIS/core/core_cm3.o StdPeriph_Driver/src/misc.o StdPeriph_Driver/src/stm32f10x_adc.o StdPeriph_Driver/src/stm32f10x_bkp.o StdPeriph_Driver/src/stm32f10x_can.o StdPeriph_Driver/src/stm32f10x_cec.o StdPeriph_Driver/src/stm32f10x_crc.o StdPeriph_Driver/src/stm32f10x_dac.o StdPeriph_Driver/src/stm32f10x_dbgmcu.o StdPeriph_Driver/src/stm32f10x_dma.o StdPeriph_Driver/src/stm32f10x_exti.o StdPeriph_Driver/src/stm32f10x_flash.o StdPeriph_Driver/src/stm32f10x_fsmc.o StdPeriph_Driver/src/stm32f10x_gpio.o StdPeriph_Driver/src/stm32f10x_i2c.o StdPeriph_Driver/src/stm32f10x_iwdg.o StdPeriph_Driver/src/stm32f10x_pwr.o StdPeriph_Driver/src/stm32f10x_rcc.o StdPeriph_Driver/src/stm32f10x_rtc.o StdPeriph_Driver/src/stm32f10x_sdio.o StdPeriph_Driver/src/stm32f10x_spi.o StdPeriph_Driver/src/stm32f10x_tim.o StdPeriph_Driver/src/stm32f10x_usart.o StdPeriph_Driver/src/stm32f10x_wwdg.o src/drv_exti.o src/drv_flash.o src/drv_gpio.o src/drv_itemp.o src/drv_iwdg.o src/drv_spi.o src/drv_sx1278.o src/drv_timer.o src/drv_usart.o src/drv_w5500.o src/global.o src/main.o src/syscalls.o src/system_stm32f10x.o src/task.o src/task_forward.o src/task_heartbeat.o src/task_irqcall.o src/task_reboot.o src/task_upgrade.o src/tools_lib.o startup/startup_stm32.o -mthumb -mcpu=cortex-m3 -T/home/mose/code/lorap/loragw_app/LinkerScript.ld -specs=nosys.specs -static -Wl,-cref,-u,Reset_Handler -Wl,-Map=loragw_app.map -Wl,--gc-sections -Wl,--defsym=malloc_getpagesize_P=0x80 -Wl,--start-group -lc -lm -Wl,--end-group -specs=nano.specs 
/opt/Atollic_TrueSTUDIO_for_STM32_x86_64_9.1.0/ide/jre/bin/java -jar /opt/Atollic_TrueSTUDIO_for_STM32_x86_64_9.1.0/Tools/arm-atollic-reports.jar sizeinfo list loragw_app.elf 
Generate build reports...
Print size information
   text	   data	    bss	    dec	    hex	filename
  22480	     28	   7100	  29608	   73a8	loragw_app.elf
Print size information done
Generate listing file
Output sent to: loragw_app.list
Generate listing file done
Generate build reports done
/opt/Atollic_TrueSTUDIO_for_STM32_x86_64_9.1.0/ARMTools/bin/arm-atollic-eabi-objcopy -O ihex loragw_app.elf loragw_app.hex 
/opt/Atollic_TrueSTUDIO_for_STM32_x86_64_9.1.0/ARMTools/bin/arm-atollic-eabi-objcopy -O binary loragw_app.elf loragw_app.bin 
/opt/Atollic_TrueSTUDIO_for_STM32_x86_64_9.1.0/ARMTools/bin/arm-atollic-eabi-size loragw_app.elf 
   text	   data	    bss	    dec	    hex	filename
  22480	     28	   7100	  29608	   73a8	loragw_app.elf
Info: Nothing to build for loramote_app
17:44:28 **** Incremental Build of configuration Debug for project loragw_app ****
Info: Internal Builder is used for build
arm-atollic-eabi-gcc -c ../src/drv_w5500.c -mthumb -mcpu=cortex-m3 -std=gnu11 -DSTM32 -DSTM32F1 -DSTM32F103RCTx -DDEBUG -DSTM32F10X_HD -DUSE_STDPERIPH_DRIVER -I/home/mose/code/lorap/loragw_app/StdPeriph_Driver/inc -I/home/mose/code/lorap/loragw_app/inc -I/home/mose/code/lorap/loragw_app/CMSIS/device -I/home/mose/code/lorap/loragw_app/CMSIS/core -O0 -ffunction-sections -g3 -fstack-usage -Wall -specs=nano.specs -o src/drv_w5500.o 
arm-atollic-eabi-gcc -o loragw_app.elf CMSIS/core/core_cm3.o StdPeriph_Driver/src/misc.o StdPeriph_Driver/src/stm32f10x_adc.o StdPeriph_Driver/src/stm32f10x_bkp.o StdPeriph_Driver/src/stm32f10x_can.o StdPeriph_Driver/src/stm32f10x_cec.o StdPeriph_Driver/src/stm32f10x_crc.o StdPeriph_Driver/src/stm32f10x_dac.o StdPeriph_Driver/src/stm32f10x_dbgmcu.o StdPeriph_Driver/src/stm32f10x_dma.o StdPeriph_Driver/src/stm32f10x_exti.o StdPeriph_Driver/src/stm32f10x_flash.o StdPeriph_Driver/src/stm32f10x_fsmc.o StdPeriph_Driver/src/stm32f10x_gpio.o StdPeriph_Driver/src/stm32f10x_i2c.o StdPeriph_Driver/src/stm32f10x_iwdg.o StdPeriph_Driver/src/stm32f10x_pwr.o StdPeriph_Driver/src/stm32f10x_rcc.o StdPeriph_Driver/src/stm32f10x_rtc.o StdPeriph_Driver/src/stm32f10x_sdio.o StdPeriph_Driver/src/stm32f10x_spi.o StdPeriph_Driver/src/stm32f10x_tim.o StdPeriph_Driver/src/stm32f10x_usart.o StdPeriph_Driver/src/stm32f10x_wwdg.o src/drv_exti.o src/drv_flash.o src/drv_gpio.o src/drv_itemp.o src/drv_iwdg.o src/drv_spi.o src/drv_sx1278.o src/drv_timer.o src/drv_usart.o src/drv_w5500.o src/global.o src/main.o src/syscalls.o src/system_stm32f10x.o src/task.o src/task_forward.o src/task_heartbeat.o src/task_irqcall.o src/task_reboot.o src/task_upgrade.o src/tools_lib.o startup/startup_stm32.o -mthumb -mcpu=cortex-m3 -T/home/mose/code/lorap/loragw_app/LinkerScript.ld -specs=nosys.specs -static -Wl,-cref,-u,Reset_Handler -Wl,-Map=loragw_app.map -Wl,--gc-sections -Wl,--defsym=malloc_getpagesize_P=0x80 -Wl,--start-group -lc -lm -Wl,--end-group -specs=nano.specs 
/opt/Atollic_TrueSTUDIO_for_STM32_x86_64_9.1.0/ide/jre/bin/java -jar /opt/Atollic_TrueSTUDIO_for_STM32_x86_64_9.1.0/Tools/arm-atollic-reports.jar sizeinfo list loragw_app.elf 
Generate build reports...
Print size information
   text	   data	    bss	    dec	    hex	filename
  22584	     28	   7100	  29712	   7410	loragw_app.elf
Print size information done
Generate listing file
Output sent to: loragw_app.list
Generate listing file done
Generate build reports done
/opt/Atollic_TrueSTUDIO_for_STM32_x86_64_9.1.0/ARMTools/bin/arm-atollic-eabi-objcopy -O ihex loragw_app.elf loragw_app.hex 
/opt/Atollic_TrueSTUDIO_for_STM32_x86_64_9.1.0/ARMTools/bin/arm-atollic-eabi-objcopy -O binary loragw_app.elf loragw_app.bin 
/opt/Atollic_TrueSTUDIO_for_STM32_x86_64_9.1.0/ARMTools/bin/arm-atollic-eabi-size loragw_app.elf 
   text	   data	    bss	    dec	    hex	filename
  22584	     28	   7100	  29712	   7410	loragw_app.elf
Info: Nothing to build for loramote_app
17:46:59 **** Incremental Build of configuration Debug for project loragw_app ****
Info: Internal Builder is used for build
arm-atollic-eabi-gcc -c ../src/drv_w5500.c -mthumb -mcpu=cortex-m3 -std=gnu11 -DSTM32 -DSTM32F1 -DSTM32F103RCTx -DDEBUG -DSTM32F10X_HD -DUSE_STDPERIPH_DRIVER -I/home/mose/code/lorap/loragw_app/StdPeriph_Driver/inc -I/home/mose/code/lorap/loragw_app/inc -I/home/mose/code/lorap/loragw_app/CMSIS/device -I/home/mose/code/lorap/loragw_app/CMSIS/core -O0 -ffunction-sections -g3 -fstack-usage -Wall -specs=nano.specs -o src/drv_w5500.o 
arm-atollic-eabi-gcc -o loragw_app.elf CMSIS/core/core_cm3.o StdPeriph_Driver/src/misc.o StdPeriph_Driver/src/stm32f10x_adc.o StdPeriph_Driver/src/stm32f10x_bkp.o StdPeriph_Driver/src/stm32f10x_can.o StdPeriph_Driver/src/stm32f10x_cec.o StdPeriph_Driver/src/stm32f10x_crc.o StdPeriph_Driver/src/stm32f10x_dac.o StdPeriph_Driver/src/stm32f10x_dbgmcu.o StdPeriph_Driver/src/stm32f10x_dma.o StdPeriph_Driver/src/stm32f10x_exti.o StdPeriph_Driver/src/stm32f10x_flash.o StdPeriph_Driver/src/stm32f10x_fsmc.o StdPeriph_Driver/src/stm32f10x_gpio.o StdPeriph_Driver/src/stm32f10x_i2c.o StdPeriph_Driver/src/stm32f10x_iwdg.o StdPeriph_Driver/src/stm32f10x_pwr.o StdPeriph_Driver/src/stm32f10x_rcc.o StdPeriph_Driver/src/stm32f10x_rtc.o StdPeriph_Driver/src/stm32f10x_sdio.o StdPeriph_Driver/src/stm32f10x_spi.o StdPeriph_Driver/src/stm32f10x_tim.o StdPeriph_Driver/src/stm32f10x_usart.o StdPeriph_Driver/src/stm32f10x_wwdg.o src/drv_exti.o src/drv_flash.o src/drv_gpio.o src/drv_itemp.o src/drv_iwdg.o src/drv_spi.o src/drv_sx1278.o src/drv_timer.o src/drv_usart.o src/drv_w5500.o src/global.o src/main.o src/syscalls.o src/system_stm32f10x.o src/task.o src/task_forward.o src/task_heartbeat.o src/task_irqcall.o src/task_reboot.o src/task_upgrade.o src/tools_lib.o startup/startup_stm32.o -mthumb -mcpu=cortex-m3 -T/home/mose/code/lorap/loragw_app/LinkerScript.ld -specs=nosys.specs -static -Wl,-cref,-u,Reset_Handler -Wl,-Map=loragw_app.map -Wl,--gc-sections -Wl,--defsym=malloc_getpagesize_P=0x80 -Wl,--start-group -lc -lm -Wl,--end-group -specs=nano.specs 
/opt/Atollic_TrueSTUDIO_for_STM32_x86_64_9.1.0/ide/jre/bin/java -jar /opt/Atollic_TrueSTUDIO_for_STM32_x86_64_9.1.0/Tools/arm-atollic-reports.jar sizeinfo list loragw_app.elf 
Generate build reports...
Print size information
   text	   data	    bss	    dec	    hex	filename
  22620	     28	   7100	  29748	   7434	loragw_app.elf
Print size information done
Generate listing file
Output sent to: loragw_app.list
Generate listing file done
Generate build reports done
/opt/Atollic_TrueSTUDIO_for_STM32_x86_64_9.1.0/ARMTools/bin/arm-atollic-eabi-objcopy -O ihex loragw_app.elf loragw_app.hex 
/opt/Atollic_TrueSTUDIO_for_STM32_x86_64_9.1.0/ARMTools/bin/arm-atollic-eabi-objcopy -O binary loragw_app.elf loragw_app.bin 
/opt/Atollic_TrueSTUDIO_for_STM32_x86_64_9.1.0/ARMTools/bin/arm-atollic-eabi-size loragw_app.elf 
   text	   data	    bss	    dec	    hex	filename
  22620	     28	   7100	  29748	   7434	loragw_app.elf
Info: Nothing to build for loramote_app
17:51:28 **** Incremental Build of configuration Debug for project loragw_app ****
Info: Internal Builder is used for build
arm-atollic-eabi-gcc -c ../src/drv_sx1278.c -mthumb -mcpu=cortex-m3 -std=gnu11 -DSTM32 -DSTM32F1 -DSTM32F103RCTx -DDEBUG -DSTM32F10X_HD -DUSE_STDPERIPH_DRIVER -I/home/mose/code/lorap/loragw_app/StdPeriph_Driver/inc -I/home/mose/code/lorap/loragw_app/inc -I/home/mose/code/lorap/loragw_app/CMSIS/device -I/home/mose/code/lorap/loragw_app/CMSIS/core -O0 -ffunction-sections -g3 -fstack-usage -Wall -specs=nano.specs -o src/drv_sx1278.o 
arm-atollic-eabi-gcc -c ../src/drv_w5500.c -mthumb -mcpu=cortex-m3 -std=gnu11 -DSTM32 -DSTM32F1 -DSTM32F103RCTx -DDEBUG -DSTM32F10X_HD -DUSE_STDPERIPH_DRIVER -I/home/mose/code/lorap/loragw_app/StdPeriph_Driver/inc -I/home/mose/code/lorap/loragw_app/inc -I/home/mose/code/lorap/loragw_app/CMSIS/device -I/home/mose/code/lorap/loragw_app/CMSIS/core -O0 -ffunction-sections -g3 -fstack-usage -Wall -specs=nano.specs -o src/drv_w5500.o 
arm-atollic-eabi-gcc -o loragw_app.elf CMSIS/core/core_cm3.o StdPeriph_Driver/src/misc.o StdPeriph_Driver/src/stm32f10x_adc.o StdPeriph_Driver/src/stm32f10x_bkp.o StdPeriph_Driver/src/stm32f10x_can.o StdPeriph_Driver/src/stm32f10x_cec.o StdPeriph_Driver/src/stm32f10x_crc.o StdPeriph_Driver/src/stm32f10x_dac.o StdPeriph_Driver/src/stm32f10x_dbgmcu.o StdPeriph_Driver/src/stm32f10x_dma.o StdPeriph_Driver/src/stm32f10x_exti.o StdPeriph_Driver/src/stm32f10x_flash.o StdPeriph_Driver/src/stm32f10x_fsmc.o StdPeriph_Driver/src/stm32f10x_gpio.o StdPeriph_Driver/src/stm32f10x_i2c.o StdPeriph_Driver/src/stm32f10x_iwdg.o StdPeriph_Driver/src/stm32f10x_pwr.o StdPeriph_Driver/src/stm32f10x_rcc.o StdPeriph_Driver/src/stm32f10x_rtc.o StdPeriph_Driver/src/stm32f10x_sdio.o StdPeriph_Driver/src/stm32f10x_spi.o StdPeriph_Driver/src/stm32f10x_tim.o StdPeriph_Driver/src/stm32f10x_usart.o StdPeriph_Driver/src/stm32f10x_wwdg.o src/drv_exti.o src/drv_flash.o src/drv_gpio.o src/drv_itemp.o src/drv_iwdg.o src/drv_spi.o src/drv_sx1278.o src/drv_timer.o src/drv_usart.o src/drv_w5500.o src/global.o src/main.o src/syscalls.o src/system_stm32f10x.o src/task.o src/task_forward.o src/task_heartbeat.o src/task_irqcall.o src/task_reboot.o src/task_upgrade.o src/tools_lib.o startup/startup_stm32.o -mthumb -mcpu=cortex-m3 -T/home/mose/code/lorap/loragw_app/LinkerScript.ld -specs=nosys.specs -static -Wl,-cref,-u,Reset_Handler -Wl,-Map=loragw_app.map -Wl,--gc-sections -Wl,--defsym=malloc_getpagesize_P=0x80 -Wl,--start-group -lc -lm -Wl,--end-group -specs=nano.specs 
/opt/Atollic_TrueSTUDIO_for_STM32_x86_64_9.1.0/ide/jre/bin/java -jar /opt/Atollic_TrueSTUDIO_for_STM32_x86_64_9.1.0/Tools/arm-atollic-reports.jar sizeinfo list loragw_app.elf 
Generate build reports...
Print size information
   text	   data	    bss	    dec	    hex	filename
  22668	     28	   7100	  29796	   7464	loragw_app.elf
Print size information done
Generate listing file
Output sent to: loragw_app.list
Generate listing file done
Generate build reports done
/opt/Atollic_TrueSTUDIO_for_STM32_x86_64_9.1.0/ARMTools/bin/arm-atollic-eabi-objcopy -O ihex loragw_app.elf loragw_app.hex 
/opt/Atollic_TrueSTUDIO_for_STM32_x86_64_9.1.0/ARMTools/bin/arm-atollic-eabi-objcopy -O binary loragw_app.elf loragw_app.bin 
/opt/Atollic_TrueSTUDIO_for_STM32_x86_64_9.1.0/ARMTools/bin/arm-atollic-eabi-size loragw_app.elf 
   text	   data	    bss	    dec	    hex	filename
  22668	     28	   7100	  29796	   7464	loragw_app.elf
17:51:29 **** Incremental Build of configuration Debug for project loramote_app ****
Info: Internal Builder is used for build
arm-atollic-eabi-gcc -c ../src/drv_sx1278.c -mthumb -mcpu=cortex-m3 -std=gnu11 -DSTM32 -DSTM32F1 -DSTM32F103C8Tx -DDEBUG -DSTM32F10X_MD -DUSE_STDPERIPH_DRIVER -I/home/mose/code/lorap/loramote_app/StdPeriph_Driver/inc -I/home/mose/code/lorap/loramote_app/inc -I/home/mose/code/lorap/loramote_app/CMSIS/device -I/home/mose/code/lorap/loramote_app/CMSIS/core -O0 -ffunction-sections -g3 -fstack-usage -Wall -specs=nano.specs -o src/drv_sx1278.o 
arm-atollic-eabi-gcc -o loramote_app.elf CMSIS/core/core_cm3.o StdPeriph_Driver/src/misc.o StdPeriph_Driver/src/stm32f10x_adc.o StdPeriph_Driver/src/stm32f10x_bkp.o StdPeriph_Driver/src/stm32f10x_can.o StdPeriph_Driver/src/stm32f10x_cec.o StdPeriph_Driver/src/stm32f10x_crc.o StdPeriph_Driver/src/stm32f10x_dac.o StdPeriph_Driver/src/stm32f10x_dbgmcu.o StdPeriph_Driver/src/stm32f10x_dma.o StdPeriph_Driver/src/stm32f10x_exti.o StdPeriph_Driver/src/stm32f10x_flash.o StdPeriph_Driver/src/stm32f10x_fsmc.o StdPeriph_Driver/src/stm32f10x_gpio.o StdPeriph_Driver/src/stm32f10x_i2c.o StdPeriph_Driver/src/stm32f10x_iwdg.o StdPeriph_Driver/src/stm32f10x_pwr.o StdPeriph_Driver/src/stm32f10x_rcc.o StdPeriph_Driver/src/stm32f10x_rtc.o StdPeriph_Driver/src/stm32f10x_sdio.o StdPeriph_Driver/src/stm32f10x_spi.o StdPeriph_Driver/src/stm32f10x_tim.o StdPeriph_Driver/src/stm32f10x_usart.o StdPeriph_Driver/src/stm32f10x_wwdg.o src/drv_ds18b20.o src/drv_exti.o src/drv_flash.o src/drv_gpio.o src/drv_itemp.o src/drv_iwdg.o src/drv_sensor.o src/drv_spi.o src/drv_sx1278.o src/drv_timer.o src/drv_usart.o src/global.o src/main.o src/syscalls.o src/system_stm32f10x.o src/task.o src/task_forward.o src/task_irqcall.o src/task_sensor.o src/tools_lib.o startup/startup_stm32.o -mthumb -mcpu=cortex-m3 -T/home/mose/code/lorap/loramote_app/LinkerScript.ld -specs=nosys.specs -static -Wl,-cref,-u,Reset_Handler -Wl,-Map=loramote_app.map -Wl,--gc-sections -Wl,--defsym=malloc_getpagesize_P=0x80 -Wl,--start-group -lc -lm -Wl,--end-group -specs=nano.specs 
/opt/Atollic_TrueSTUDIO_for_STM32_x86_64_9.1.0/ide/jre/bin/java -jar /opt/Atollic_TrueSTUDIO_for_STM32_x86_64_9.1.0/Tools/arm-atollic-reports.jar sizeinfo list loramote_app.elf 
Generate build reports...
Print size information
   text	   data	    bss	    dec	    hex	filename
  15344	     28	   6332	  21704	   54c8	loramote_app.elf
Print size information done
Generate listing file
Output sent to: loramote_app.list
Generate listing file done
Generate build reports done
/opt/Atollic_TrueSTUDIO_for_STM32_x86_64_9.1.0/ARMTools/bin/arm-atollic-eabi-objcopy -O ihex loramote_app.elf loramote_app.hex 
/opt/Atollic_TrueSTUDIO_for_STM32_x86_64_9.1.0/ARMTools/bin/arm-atollic-eabi-objcopy -O binary loramote_app.elf loramote_app.bin 
/opt/Atollic_TrueSTUDIO_for_STM32_x86_64_9.1.0/ARMTools/bin/arm-atollic-eabi-size loramote_app.elf 
   text	   data	    bss	    dec	    hex	filename
  15344	     28	   6332	  21704	   54c8	loramote_app.elf
