09:32:59 **** Incremental Build of configuration Debug for project loramote_boot ****
Info: Internal Builder is used for build
arm-atollic-eabi-gcc -c ../StdPeriph_Driver/src/stm32f10x_dac.c -mthumb -mcpu=cortex-m3 -std=gnu11 -DSTM32 -DSTM32F1 -DSTM32F103C8Tx -DDEBUG -DSTM32F10X_MD -DUSE_STDPERIPH_DRIVER -I/home/mose/code/lorap/loramote_boot/StdPeriph_Driver/inc -I/home/mose/code/lorap/loramote_boot/inc -I/home/mose/code/lorap/loramote_boot/CMSIS/device -I/home/mose/code/lorap/loramote_boot/CMSIS/core -O0 -ffunction-sections -g3 -fstack-usage -Wall -specs=nano.specs -o StdPeriph_Driver/src/stm32f10x_dac.o 
arm-atollic-eabi-gcc -c ../src/main.c -mthumb -mcpu=cortex-m3 -std=gnu11 -DSTM32 -DSTM32F1 -DSTM32F103C8Tx -DDEBUG -DSTM32F10X_MD -DUSE_STDPERIPH_DRIVER -I/home/mose/code/lorap/loramote_boot/StdPeriph_Driver/inc -I/home/mose/code/lorap/loramote_boot/inc -I/home/mose/code/lorap/loramote_boot/CMSIS/device -I/home/mose/code/lorap/loramote_boot/CMSIS/core -O0 -ffunction-sections -g3 -fstack-usage -Wall -specs=nano.specs -o src/main.o 
arm-atollic-eabi-gcc -c ../StdPeriph_Driver/src/stm32f10x_cec.c -mthumb -mcpu=cortex-m3 -std=gnu11 -DSTM32 -DSTM32F1 -DSTM32F103C8Tx -DDEBUG -DSTM32F10X_MD -DUSE_STDPERIPH_DRIVER -I/home/mose/code/lorap/loramote_boot/StdPeriph_Driver/inc -I/home/mose/code/lorap/loramote_boot/inc -I/home/mose/code/lorap/loramote_boot/CMSIS/device -I/home/mose/code/lorap/loramote_boot/CMSIS/core -O0 -ffunction-sections -g3 -fstack-usage -Wall -specs=nano.specs -o StdPeriph_Driver/src/stm32f10x_cec.o 
arm-atollic-eabi-gcc -c -mthumb -mcpu=cortex-m3 -I/home/mose/code/lorap/loramote_boot/StdPeriph_Driver/inc -I/home/mose/code/lorap/loramote_boot/inc -I/home/mose/code/lorap/loramote_boot/CMSIS/device -I/home/mose/code/lorap/loramote_boot/CMSIS/core -g -Wa,--warn -x assembler-with-cpp -specs=nano.specs -o startup/startup_stm32.o ../startup/startup_stm32.s 
arm-atollic-eabi-gcc -c ../src/syscalls.c -mthumb -mcpu=cortex-m3 -std=gnu11 -DSTM32 -DSTM32F1 -DSTM32F103C8Tx -DDEBUG -DSTM32F10X_MD -DUSE_STDPERIPH_DRIVER -I/home/mose/code/lorap/loramote_boot/StdPeriph_Driver/inc -I/home/mose/code/lorap/loramote_boot/inc -I/home/mose/code/lorap/loramote_boot/CMSIS/device -I/home/mose/code/lorap/loramote_boot/CMSIS/core -O0 -ffunction-sections -g3 -fstack-usage -Wall -specs=nano.specs -o src/syscalls.o 
arm-atollic-eabi-gcc -c ../StdPeriph_Driver/src/stm32f10x_iwdg.c -mthumb -mcpu=cortex-m3 -std=gnu11 -DSTM32 -DSTM32F1 -DSTM32F103C8Tx -DDEBUG -DSTM32F10X_MD -DUSE_STDPERIPH_DRIVER -I/home/mose/code/lorap/loramote_boot/StdPeriph_Driver/inc -I/home/mose/code/lorap/loramote_boot/inc -I/home/mose/code/lorap/loramote_boot/CMSIS/device -I/home/mose/code/lorap/loramote_boot/CMSIS/core -O0 -ffunction-sections -g3 -fstack-usage -Wall -specs=nano.specs -o StdPeriph_Driver/src/stm32f10x_iwdg.o 
arm-atollic-eabi-gcc -c ../StdPeriph_Driver/src/stm32f10x_tim.c -mthumb -mcpu=cortex-m3 -std=gnu11 -DSTM32 -DSTM32F1 -DSTM32F103C8Tx -DDEBUG -DSTM32F10X_MD -DUSE_STDPERIPH_DRIVER -I/home/mose/code/lorap/loramote_boot/StdPeriph_Driver/inc -I/home/mose/code/lorap/loramote_boot/inc -I/home/mose/code/lorap/loramote_boot/CMSIS/device -I/home/mose/code/lorap/loramote_boot/CMSIS/core -O0 -ffunction-sections -g3 -fstack-usage -Wall -specs=nano.specs -o StdPeriph_Driver/src/stm32f10x_tim.o 
arm-atollic-eabi-gcc -c ../StdPeriph_Driver/src/stm32f10x_rcc.c -mthumb -mcpu=cortex-m3 -std=gnu11 -DSTM32 -DSTM32F1 -DSTM32F103C8Tx -DDEBUG -DSTM32F10X_MD -DUSE_STDPERIPH_DRIVER -I/home/mose/code/lorap/loramote_boot/StdPeriph_Driver/inc -I/home/mose/code/lorap/loramote_boot/inc -I/home/mose/code/lorap/loramote_boot/CMSIS/device -I/home/mose/code/lorap/loramote_boot/CMSIS/core -O0 -ffunction-sections -g3 -fstack-usage -Wall -specs=nano.specs -o StdPeriph_Driver/src/stm32f10x_rcc.o 
arm-atollic-eabi-gcc -c ../StdPeriph_Driver/src/misc.c -mthumb -mcpu=cortex-m3 -std=gnu11 -DSTM32 -DSTM32F1 -DSTM32F103C8Tx -DDEBUG -DSTM32F10X_MD -DUSE_STDPERIPH_DRIVER -I/home/mose/code/lorap/loramote_boot/StdPeriph_Driver/inc -I/home/mose/code/lorap/loramote_boot/inc -I/home/mose/code/lorap/loramote_boot/CMSIS/device -I/home/mose/code/lorap/loramote_boot/CMSIS/core -O0 -ffunction-sections -g3 -fstack-usage -Wall -specs=nano.specs -o StdPeriph_Driver/src/misc.o 
arm-atollic-eabi-gcc -c ../src/drv_usart.c -mthumb -mcpu=cortex-m3 -std=gnu11 -DSTM32 -DSTM32F1 -DSTM32F103C8Tx -DDEBUG -DSTM32F10X_MD -DUSE_STDPERIPH_DRIVER -I/home/mose/code/lorap/loramote_boot/StdPeriph_Driver/inc -I/home/mose/code/lorap/loramote_boot/inc -I/home/mose/code/lorap/loramote_boot/CMSIS/device -I/home/mose/code/lorap/loramote_boot/CMSIS/core -O0 -ffunction-sections -g3 -fstack-usage -Wall -specs=nano.specs -o src/drv_usart.o 
arm-atollic-eabi-gcc -c ../StdPeriph_Driver/src/stm32f10x_rtc.c -mthumb -mcpu=cortex-m3 -std=gnu11 -DSTM32 -DSTM32F1 -DSTM32F103C8Tx -DDEBUG -DSTM32F10X_MD -DUSE_STDPERIPH_DRIVER -I/home/mose/code/lorap/loramote_boot/StdPeriph_Driver/inc -I/home/mose/code/lorap/loramote_boot/inc -I/home/mose/code/lorap/loramote_boot/CMSIS/device -I/home/mose/code/lorap/loramote_boot/CMSIS/core -O0 -ffunction-sections -g3 -fstack-usage -Wall -specs=nano.specs -o StdPeriph_Driver/src/stm32f10x_rtc.o 
arm-atollic-eabi-gcc -c ../StdPeriph_Driver/src/stm32f10x_fsmc.c -mthumb -mcpu=cortex-m3 -std=gnu11 -DSTM32 -DSTM32F1 -DSTM32F103C8Tx -DDEBUG -DSTM32F10X_MD -DUSE_STDPERIPH_DRIVER -I/home/mose/code/lorap/loramote_boot/StdPeriph_Driver/inc -I/home/mose/code/lorap/loramote_boot/inc -I/home/mose/code/lorap/loramote_boot/CMSIS/device -I/home/mose/code/lorap/loramote_boot/CMSIS/core -O0 -ffunction-sections -g3 -fstack-usage -Wall -specs=nano.specs -o StdPeriph_Driver/src/stm32f10x_fsmc.o 
arm-atollic-eabi-gcc -c ../StdPeriph_Driver/src/stm32f10x_bkp.c -mthumb -mcpu=cortex-m3 -std=gnu11 -DSTM32 -DSTM32F1 -DSTM32F103C8Tx -DDEBUG -DSTM32F10X_MD -DUSE_STDPERIPH_DRIVER -I/home/mose/code/lorap/loramote_boot/StdPeriph_Driver/inc -I/home/mose/code/lorap/loramote_boot/inc -I/home/mose/code/lorap/loramote_boot/CMSIS/device -I/home/mose/code/lorap/loramote_boot/CMSIS/core -O0 -ffunction-sections -g3 -fstack-usage -Wall -specs=nano.specs -o StdPeriph_Driver/src/stm32f10x_bkp.o 
arm-atollic-eabi-gcc -c ../StdPeriph_Driver/src/stm32f10x_wwdg.c -mthumb -mcpu=cortex-m3 -std=gnu11 -DSTM32 -DSTM32F1 -DSTM32F103C8Tx -DDEBUG -DSTM32F10X_MD -DUSE_STDPERIPH_DRIVER -I/home/mose/code/lorap/loramote_boot/StdPeriph_Driver/inc -I/home/mose/code/lorap/loramote_boot/inc -I/home/mose/code/lorap/loramote_boot/CMSIS/device -I/home/mose/code/lorap/loramote_boot/CMSIS/core -O0 -ffunction-sections -g3 -fstack-usage -Wall -specs=nano.specs -o StdPeriph_Driver/src/stm32f10x_wwdg.o 
arm-atollic-eabi-gcc -c ../StdPeriph_Driver/src/stm32f10x_gpio.c -mthumb -mcpu=cortex-m3 -std=gnu11 -DSTM32 -DSTM32F1 -DSTM32F103C8Tx -DDEBUG -DSTM32F10X_MD -DUSE_STDPERIPH_DRIVER -I/home/mose/code/lorap/loramote_boot/StdPeriph_Driver/inc -I/home/mose/code/lorap/loramote_boot/inc -I/home/mose/code/lorap/loramote_boot/CMSIS/device -I/home/mose/code/lorap/loramote_boot/CMSIS/core -O0 -ffunction-sections -g3 -fstack-usage -Wall -specs=nano.specs -o StdPeriph_Driver/src/stm32f10x_gpio.o 
arm-atollic-eabi-gcc -c ../StdPeriph_Driver/src/stm32f10x_can.c -mthumb -mcpu=cortex-m3 -std=gnu11 -DSTM32 -DSTM32F1 -DSTM32F103C8Tx -DDEBUG -DSTM32F10X_MD -DUSE_STDPERIPH_DRIVER -I/home/mose/code/lorap/loramote_boot/StdPeriph_Driver/inc -I/home/mose/code/lorap/loramote_boot/inc -I/home/mose/code/lorap/loramote_boot/CMSIS/device -I/home/mose/code/lorap/loramote_boot/CMSIS/core -O0 -ffunction-sections -g3 -fstack-usage -Wall -specs=nano.specs -o StdPeriph_Driver/src/stm32f10x_can.o 
arm-atollic-eabi-gcc -c ../StdPeriph_Driver/src/stm32f10x_crc.c -mthumb -mcpu=cortex-m3 -std=gnu11 -DSTM32 -DSTM32F1 -DSTM32F103C8Tx -DDEBUG -DSTM32F10X_MD -DUSE_STDPERIPH_DRIVER -I/home/mose/code/lorap/loramote_boot/StdPeriph_Driver/inc -I/home/mose/code/lorap/loramote_boot/inc -I/home/mose/code/lorap/loramote_boot/CMSIS/device -I/home/mose/code/lorap/loramote_boot/CMSIS/core -O0 -ffunction-sections -g3 -fstack-usage -Wall -specs=nano.specs -o StdPeriph_Driver/src/stm32f10x_crc.o 
arm-atollic-eabi-gcc -c ../StdPeriph_Driver/src/stm32f10x_flash.c -mthumb -mcpu=cortex-m3 -std=gnu11 -DSTM32 -DSTM32F1 -DSTM32F103C8Tx -DDEBUG -DSTM32F10X_MD -DUSE_STDPERIPH_DRIVER -I/home/mose/code/lorap/loramote_boot/StdPeriph_Driver/inc -I/home/mose/code/lorap/loramote_boot/inc -I/home/mose/code/lorap/loramote_boot/CMSIS/device -I/home/mose/code/lorap/loramote_boot/CMSIS/core -O0 -ffunction-sections -g3 -fstack-usage -Wall -specs=nano.specs -o StdPeriph_Driver/src/stm32f10x_flash.o 
arm-atollic-eabi-gcc -c ../src/tools_lib.c -mthumb -mcpu=cortex-m3 -std=gnu11 -DSTM32 -DSTM32F1 -DSTM32F103C8Tx -DDEBUG -DSTM32F10X_MD -DUSE_STDPERIPH_DRIVER -I/home/mose/code/lorap/loramote_boot/StdPeriph_Driver/inc -I/home/mose/code/lorap/loramote_boot/inc -I/home/mose/code/lorap/loramote_boot/CMSIS/device -I/home/mose/code/lorap/loramote_boot/CMSIS/core -O0 -ffunction-sections -g3 -fstack-usage -Wall -specs=nano.specs -o src/tools_lib.o 
arm-atollic-eabi-gcc -c ../CMSIS/core/core_cm3.c -mthumb -mcpu=cortex-m3 -std=gnu11 -DSTM32 -DSTM32F1 -DSTM32F103C8Tx -DDEBUG -DSTM32F10X_MD -DUSE_STDPERIPH_DRIVER -I/home/mose/code/lorap/loramote_boot/StdPeriph_Driver/inc -I/home/mose/code/lorap/loramote_boot/inc -I/home/mose/code/lorap/loramote_boot/CMSIS/device -I/home/mose/code/lorap/loramote_boot/CMSIS/core -O0 -ffunction-sections -g3 -fstack-usage -Wall -specs=nano.specs -o CMSIS/core/core_cm3.o 
arm-atollic-eabi-gcc -c ../StdPeriph_Driver/src/stm32f10x_dbgmcu.c -mthumb -mcpu=cortex-m3 -std=gnu11 -DSTM32 -DSTM32F1 -DSTM32F103C8Tx -DDEBUG -DSTM32F10X_MD -DUSE_STDPERIPH_DRIVER -I/home/mose/code/lorap/loramote_boot/StdPeriph_Driver/inc -I/home/mose/code/lorap/loramote_boot/inc -I/home/mose/code/lorap/loramote_boot/CMSIS/device -I/home/mose/code/lorap/loramote_boot/CMSIS/core -O0 -ffunction-sections -g3 -fstack-usage -Wall -specs=nano.specs -o StdPeriph_Driver/src/stm32f10x_dbgmcu.o 
arm-atollic-eabi-gcc -c ../StdPeriph_Driver/src/stm32f10x_spi.c -mthumb -mcpu=cortex-m3 -std=gnu11 -DSTM32 -DSTM32F1 -DSTM32F103C8Tx -DDEBUG -DSTM32F10X_MD -DUSE_STDPERIPH_DRIVER -I/home/mose/code/lorap/loramote_boot/StdPeriph_Driver/inc -I/home/mose/code/lorap/loramote_boot/inc -I/home/mose/code/lorap/loramote_boot/CMSIS/device -I/home/mose/code/lorap/loramote_boot/CMSIS/core -O0 -ffunction-sections -g3 -fstack-usage -Wall -specs=nano.specs -o StdPeriph_Driver/src/stm32f10x_spi.o 
arm-atollic-eabi-gcc -c ../src/drv_flash.c -mthumb -mcpu=cortex-m3 -std=gnu11 -DSTM32 -DSTM32F1 -DSTM32F103C8Tx -DDEBUG -DSTM32F10X_MD -DUSE_STDPERIPH_DRIVER -I/home/mose/code/lorap/loramote_boot/StdPeriph_Driver/inc -I/home/mose/code/lorap/loramote_boot/inc -I/home/mose/code/lorap/loramote_boot/CMSIS/device -I/home/mose/code/lorap/loramote_boot/CMSIS/core -O0 -ffunction-sections -g3 -fstack-usage -Wall -specs=nano.specs -o src/drv_flash.o 
arm-atollic-eabi-gcc -c ../StdPeriph_Driver/src/stm32f10x_adc.c -mthumb -mcpu=cortex-m3 -std=gnu11 -DSTM32 -DSTM32F1 -DSTM32F103C8Tx -DDEBUG -DSTM32F10X_MD -DUSE_STDPERIPH_DRIVER -I/home/mose/code/lorap/loramote_boot/StdPeriph_Driver/inc -I/home/mose/code/lorap/loramote_boot/inc -I/home/mose/code/lorap/loramote_boot/CMSIS/device -I/home/mose/code/lorap/loramote_boot/CMSIS/core -O0 -ffunction-sections -g3 -fstack-usage -Wall -specs=nano.specs -o StdPeriph_Driver/src/stm32f10x_adc.o 
arm-atollic-eabi-gcc -c ../StdPeriph_Driver/src/stm32f10x_usart.c -mthumb -mcpu=cortex-m3 -std=gnu11 -DSTM32 -DSTM32F1 -DSTM32F103C8Tx -DDEBUG -DSTM32F10X_MD -DUSE_STDPERIPH_DRIVER -I/home/mose/code/lorap/loramote_boot/StdPeriph_Driver/inc -I/home/mose/code/lorap/loramote_boot/inc -I/home/mose/code/lorap/loramote_boot/CMSIS/device -I/home/mose/code/lorap/loramote_boot/CMSIS/core -O0 -ffunction-sections -g3 -fstack-usage -Wall -specs=nano.specs -o StdPeriph_Driver/src/stm32f10x_usart.o 
arm-atollic-eabi-gcc -c ../src/drv_gpio.c -mthumb -mcpu=cortex-m3 -std=gnu11 -DSTM32 -DSTM32F1 -DSTM32F103C8Tx -DDEBUG -DSTM32F10X_MD -DUSE_STDPERIPH_DRIVER -I/home/mose/code/lorap/loramote_boot/StdPeriph_Driver/inc -I/home/mose/code/lorap/loramote_boot/inc -I/home/mose/code/lorap/loramote_boot/CMSIS/device -I/home/mose/code/lorap/loramote_boot/CMSIS/core -O0 -ffunction-sections -g3 -fstack-usage -Wall -specs=nano.specs -o src/drv_gpio.o 
arm-atollic-eabi-gcc -c ../src/global.c -mthumb -mcpu=cortex-m3 -std=gnu11 -DSTM32 -DSTM32F1 -DSTM32F103C8Tx -DDEBUG -DSTM32F10X_MD -DUSE_STDPERIPH_DRIVER -I/home/mose/code/lorap/loramote_boot/StdPeriph_Driver/inc -I/home/mose/code/lorap/loramote_boot/inc -I/home/mose/code/lorap/loramote_boot/CMSIS/device -I/home/mose/code/lorap/loramote_boot/CMSIS/core -O0 -ffunction-sections -g3 -fstack-usage -Wall -specs=nano.specs -o src/global.o 
arm-atollic-eabi-gcc -c ../StdPeriph_Driver/src/stm32f10x_sdio.c -mthumb -mcpu=cortex-m3 -std=gnu11 -DSTM32 -DSTM32F1 -DSTM32F103C8Tx -DDEBUG -DSTM32F10X_MD -DUSE_STDPERIPH_DRIVER -I/home/mose/code/lorap/loramote_boot/StdPeriph_Driver/inc -I/home/mose/code/lorap/loramote_boot/inc -I/home/mose/code/lorap/loramote_boot/CMSIS/device -I/home/mose/code/lorap/loramote_boot/CMSIS/core -O0 -ffunction-sections -g3 -fstack-usage -Wall -specs=nano.specs -o StdPeriph_Driver/src/stm32f10x_sdio.o 
arm-atollic-eabi-gcc -c ../StdPeriph_Driver/src/stm32f10x_exti.c -mthumb -mcpu=cortex-m3 -std=gnu11 -DSTM32 -DSTM32F1 -DSTM32F103C8Tx -DDEBUG -DSTM32F10X_MD -DUSE_STDPERIPH_DRIVER -I/home/mose/code/lorap/loramote_boot/StdPeriph_Driver/inc -I/home/mose/code/lorap/loramote_boot/inc -I/home/mose/code/lorap/loramote_boot/CMSIS/device -I/home/mose/code/lorap/loramote_boot/CMSIS/core -O0 -ffunction-sections -g3 -fstack-usage -Wall -specs=nano.specs -o StdPeriph_Driver/src/stm32f10x_exti.o 
arm-atollic-eabi-gcc -c ../StdPeriph_Driver/src/stm32f10x_dma.c -mthumb -mcpu=cortex-m3 -std=gnu11 -DSTM32 -DSTM32F1 -DSTM32F103C8Tx -DDEBUG -DSTM32F10X_MD -DUSE_STDPERIPH_DRIVER -I/home/mose/code/lorap/loramote_boot/StdPeriph_Driver/inc -I/home/mose/code/lorap/loramote_boot/inc -I/home/mose/code/lorap/loramote_boot/CMSIS/device -I/home/mose/code/lorap/loramote_boot/CMSIS/core -O0 -ffunction-sections -g3 -fstack-usage -Wall -specs=nano.specs -o StdPeriph_Driver/src/stm32f10x_dma.o 
arm-atollic-eabi-gcc -c ../StdPeriph_Driver/src/stm32f10x_pwr.c -mthumb -mcpu=cortex-m3 -std=gnu11 -DSTM32 -DSTM32F1 -DSTM32F103C8Tx -DDEBUG -DSTM32F10X_MD -DUSE_STDPERIPH_DRIVER -I/home/mose/code/lorap/loramote_boot/StdPeriph_Driver/inc -I/home/mose/code/lorap/loramote_boot/inc -I/home/mose/code/lorap/loramote_boot/CMSIS/device -I/home/mose/code/lorap/loramote_boot/CMSIS/core -O0 -ffunction-sections -g3 -fstack-usage -Wall -specs=nano.specs -o StdPeriph_Driver/src/stm32f10x_pwr.o 
arm-atollic-eabi-gcc -c ../src/system_stm32f10x.c -mthumb -mcpu=cortex-m3 -std=gnu11 -DSTM32 -DSTM32F1 -DSTM32F103C8Tx -DDEBUG -DSTM32F10X_MD -DUSE_STDPERIPH_DRIVER -I/home/mose/code/lorap/loramote_boot/StdPeriph_Driver/inc -I/home/mose/code/lorap/loramote_boot/inc -I/home/mose/code/lorap/loramote_boot/CMSIS/device -I/home/mose/code/lorap/loramote_boot/CMSIS/core -O0 -ffunction-sections -g3 -fstack-usage -Wall -specs=nano.specs -o src/system_stm32f10x.o 
arm-atollic-eabi-gcc -c ../StdPeriph_Driver/src/stm32f10x_i2c.c -mthumb -mcpu=cortex-m3 -std=gnu11 -DSTM32 -DSTM32F1 -DSTM32F103C8Tx -DDEBUG -DSTM32F10X_MD -DUSE_STDPERIPH_DRIVER -I/home/mose/code/lorap/loramote_boot/StdPeriph_Driver/inc -I/home/mose/code/lorap/loramote_boot/inc -I/home/mose/code/lorap/loramote_boot/CMSIS/device -I/home/mose/code/lorap/loramote_boot/CMSIS/core -O0 -ffunction-sections -g3 -fstack-usage -Wall -specs=nano.specs -o StdPeriph_Driver/src/stm32f10x_i2c.o 
arm-atollic-eabi-gcc -o loramote_boot.elf CMSIS/core/core_cm3.o StdPeriph_Driver/src/misc.o StdPeriph_Driver/src/stm32f10x_adc.o StdPeriph_Driver/src/stm32f10x_bkp.o StdPeriph_Driver/src/stm32f10x_can.o StdPeriph_Driver/src/stm32f10x_cec.o StdPeriph_Driver/src/stm32f10x_crc.o StdPeriph_Driver/src/stm32f10x_dac.o StdPeriph_Driver/src/stm32f10x_dbgmcu.o StdPeriph_Driver/src/stm32f10x_dma.o StdPeriph_Driver/src/stm32f10x_exti.o StdPeriph_Driver/src/stm32f10x_flash.o StdPeriph_Driver/src/stm32f10x_fsmc.o StdPeriph_Driver/src/stm32f10x_gpio.o StdPeriph_Driver/src/stm32f10x_i2c.o StdPeriph_Driver/src/stm32f10x_iwdg.o StdPeriph_Driver/src/stm32f10x_pwr.o StdPeriph_Driver/src/stm32f10x_rcc.o StdPeriph_Driver/src/stm32f10x_rtc.o StdPeriph_Driver/src/stm32f10x_sdio.o StdPeriph_Driver/src/stm32f10x_spi.o StdPeriph_Driver/src/stm32f10x_tim.o StdPeriph_Driver/src/stm32f10x_usart.o StdPeriph_Driver/src/stm32f10x_wwdg.o src/drv_flash.o src/drv_gpio.o src/drv_usart.o src/global.o src/main.o src/syscalls.o src/system_stm32f10x.o src/tools_lib.o startup/startup_stm32.o -mthumb -mcpu=cortex-m3 -T/home/mose/code/lorap/loramote_boot/LinkerScript.ld -specs=nosys.specs -static -Wl,-cref,-u,Reset_Handler -Wl,-Map=loramote_boot.map -Wl,--gc-sections -Wl,--defsym=malloc_getpagesize_P=0x80 -Wl,--start-group -lc -lm -Wl,--end-group -specs=nano.specs 
/opt/Atollic_TrueSTUDIO_for_STM32_x86_64_9.1.0/ide/jre/bin/java -jar /opt/Atollic_TrueSTUDIO_for_STM32_x86_64_9.1.0/Tools/arm-atollic-reports.jar sizeinfo list loramote_boot.elf 
Generate build reports...
Print size information
   text	   data	    bss	    dec	    hex	filename
   5304	     28	   1052	   6384	   18f0	loramote_boot.elf
Print size information done
Generate listing file
Output sent to: loramote_boot.list
Generate listing file done
Generate build reports done
/opt/Atollic_TrueSTUDIO_for_STM32_x86_64_9.1.0/ARMTools/bin/arm-atollic-eabi-objcopy -O ihex loramote_boot.elf loramote_boot.hex 
/opt/Atollic_TrueSTUDIO_for_STM32_x86_64_9.1.0/ARMTools/bin/arm-atollic-eabi-objcopy -O binary loramote_boot.elf loramote_boot.bin 
/opt/Atollic_TrueSTUDIO_for_STM32_x86_64_9.1.0/ARMTools/bin/arm-atollic-eabi-size loramote_boot.elf 
   text	   data	    bss	    dec	    hex	filename
   5304	     28	   1052	   6384	   18f0	loramote_boot.elf

09:33:13 Build Finished (took 14s.223ms)

