16:43:41 **** Incremental Build of configuration Debug for project loramote_app ****
Info: Internal Builder is used for build
arm-atollic-eabi-gcc -c ../src/main.c -mthumb -mcpu=cortex-m3 -std=gnu11 -DSTM32 -DSTM32F1 -DSTM32F103C8Tx -DDEBUG -DSTM32F10X_MD -DUSE_STDPERIPH_DRIVER -I/home/mose/code/lorap/loramote_app/StdPeriph_Driver/inc -I/home/mose/code/lorap/loramote_app/inc -I/home/mose/code/lorap/loramote_app/CMSIS/device -I/home/mose/code/lorap/loramote_app/CMSIS/core -O0 -ffunction-sections -g3 -fstack-usage -Wall -specs=nano.specs -o src/main.o 
arm-atollic-eabi-gcc -o loramote_app.elf CMSIS/core/core_cm3.o StdPeriph_Driver/src/misc.o StdPeriph_Driver/src/stm32f10x_adc.o StdPeriph_Driver/src/stm32f10x_bkp.o StdPeriph_Driver/src/stm32f10x_can.o StdPeriph_Driver/src/stm32f10x_cec.o StdPeriph_Driver/src/stm32f10x_crc.o StdPeriph_Driver/src/stm32f10x_dac.o StdPeriph_Driver/src/stm32f10x_dbgmcu.o StdPeriph_Driver/src/stm32f10x_dma.o StdPeriph_Driver/src/stm32f10x_exti.o StdPeriph_Driver/src/stm32f10x_flash.o StdPeriph_Driver/src/stm32f10x_fsmc.o StdPeriph_Driver/src/stm32f10x_gpio.o StdPeriph_Driver/src/stm32f10x_i2c.o StdPeriph_Driver/src/stm32f10x_iwdg.o StdPeriph_Driver/src/stm32f10x_pwr.o StdPeriph_Driver/src/stm32f10x_rcc.o StdPeriph_Driver/src/stm32f10x_rtc.o StdPeriph_Driver/src/stm32f10x_sdio.o StdPeriph_Driver/src/stm32f10x_spi.o StdPeriph_Driver/src/stm32f10x_tim.o StdPeriph_Driver/src/stm32f10x_usart.o StdPeriph_Driver/src/stm32f10x_wwdg.o src/main.o src/syscalls.o src/system_stm32f10x.o startup/startup_stm32.o -mthumb -mcpu=cortex-m3 -T/home/mose/code/lorap/loramote_app/LinkerScript.ld -specs=nosys.specs -static -Wl,-cref,-u,Reset_Handler -Wl,-Map=loramote_app.map -Wl,--gc-sections -Wl,--defsym=malloc_getpagesize_P=0x80 -Wl,--start-group -lc -lm -Wl,--end-group -specs=nano.specs 
/opt/Atollic_TrueSTUDIO_for_STM32_x86_64_9.1.0/ide/jre/bin/java -jar /opt/Atollic_TrueSTUDIO_for_STM32_x86_64_9.1.0/Tools/arm-atollic-reports.jar sizeinfo list loramote_app.elf 
Generate build reports...
Print size information
   text	   data	    bss	    dec	    hex	filename
    928	      8	   1056	   1992	    7c8	loramote_app.elf
Print size information done
Generate listing file
Output sent to: loramote_app.list
Generate listing file done
Generate build reports done
arm-none-eabi-objcopy -O ihex loramote_app.elf loramote_app.hex 
Cannot run program "arm-none-eabi-objcopy": Unknown reason

Error: Program "arm-none-eabi-objcopy" not found in PATH
PATH=[/opt/Atollic_TrueSTUDIO_for_STM32_x86_64_9.1.0/ARMTools/bin:/opt/Atollic_TrueSTUDIO_for_STM32_x86_64_9.1.0/Tools:/home/mose/.local/bin:/home/mose/bin:/usr/local/bin:/usr/bin:/bin:/usr/local/sbin:/usr/sbin]


16:43:41 Build Finished (took 371ms)

