18:59:57 **** Rebuild of configuration Debug for project loragw_app ****
Info: Internal Builder is used for build
arm-atollic-eabi-gcc -c ../src/task.c -mthumb -mcpu=cortex-m3 -std=gnu11 -DSTM32 -DSTM32F1 -DSTM32F103RCTx -DDEBUG -DSTM32F10X_HD -DUSE_STDPERIPH_DRIVER -I/home/mose/code/lorap/loragw_app/StdPeriph_Driver/inc -I/home/mose/code/lorap/loragw_app/inc -I/home/mose/code/lorap/loragw_app/CMSIS/device -I/home/mose/code/lorap/loragw_app/CMSIS/core -O0 -ffunction-sections -g3 -fstack-usage -Wall -specs=nano.specs -o src/task.o 
arm-atollic-eabi-gcc -c ../StdPeriph_Driver/src/stm32f10x_adc.c -mthumb -mcpu=cortex-m3 -std=gnu11 -DSTM32 -DSTM32F1 -DSTM32F103RCTx -DDEBUG -DSTM32F10X_HD -DUSE_STDPERIPH_DRIVER -I/home/mose/code/lorap/loragw_app/StdPeriph_Driver/inc -I/home/mose/code/lorap/loragw_app/inc -I/home/mose/code/lorap/loragw_app/CMSIS/device -I/home/mose/code/lorap/loragw_app/CMSIS/core -O0 -ffunction-sections -g3 -fstack-usage -Wall -specs=nano.specs -o StdPeriph_Driver/src/stm32f10x_adc.o 
arm-atollic-eabi-gcc -c ../src/drv_w5500.c -mthumb -mcpu=cortex-m3 -std=gnu11 -DSTM32 -DSTM32F1 -DSTM32F103RCTx -DDEBUG -DSTM32F10X_HD -DUSE_STDPERIPH_DRIVER -I/home/mose/code/lorap/loragw_app/StdPeriph_Driver/inc -I/home/mose/code/lorap/loragw_app/inc -I/home/mose/code/lorap/loragw_app/CMSIS/device -I/home/mose/code/lorap/loragw_app/CMSIS/core -O0 -ffunction-sections -g3 -fstack-usage -Wall -specs=nano.specs -o src/drv_w5500.o 
arm-atollic-eabi-gcc -c ../StdPeriph_Driver/src/stm32f10x_cec.c -mthumb -mcpu=cortex-m3 -std=gnu11 -DSTM32 -DSTM32F1 -DSTM32F103RCTx -DDEBUG -DSTM32F10X_HD -DUSE_STDPERIPH_DRIVER -I/home/mose/code/lorap/loragw_app/StdPeriph_Driver/inc -I/home/mose/code/lorap/loragw_app/inc -I/home/mose/code/lorap/loragw_app/CMSIS/device -I/home/mose/code/lorap/loragw_app/CMSIS/core -O0 -ffunction-sections -g3 -fstack-usage -Wall -specs=nano.specs -o StdPeriph_Driver/src/stm32f10x_cec.o 
arm-atollic-eabi-gcc -c ../src/drv_sx1278.c -mthumb -mcpu=cortex-m3 -std=gnu11 -DSTM32 -DSTM32F1 -DSTM32F103RCTx -DDEBUG -DSTM32F10X_HD -DUSE_STDPERIPH_DRIVER -I/home/mose/code/lorap/loragw_app/StdPeriph_Driver/inc -I/home/mose/code/lorap/loragw_app/inc -I/home/mose/code/lorap/loragw_app/CMSIS/device -I/home/mose/code/lorap/loragw_app/CMSIS/core -O0 -ffunction-sections -g3 -fstack-usage -Wall -specs=nano.specs -o src/drv_sx1278.o 
arm-atollic-eabi-gcc -c ../StdPeriph_Driver/src/stm32f10x_tim.c -mthumb -mcpu=cortex-m3 -std=gnu11 -DSTM32 -DSTM32F1 -DSTM32F103RCTx -DDEBUG -DSTM32F10X_HD -DUSE_STDPERIPH_DRIVER -I/home/mose/code/lorap/loragw_app/StdPeriph_Driver/inc -I/home/mose/code/lorap/loragw_app/inc -I/home/mose/code/lorap/loragw_app/CMSIS/device -I/home/mose/code/lorap/loragw_app/CMSIS/core -O0 -ffunction-sections -g3 -fstack-usage -Wall -specs=nano.specs -o StdPeriph_Driver/src/stm32f10x_tim.o 
arm-atollic-eabi-gcc -c ../src/main.c -mthumb -mcpu=cortex-m3 -std=gnu11 -DSTM32 -DSTM32F1 -DSTM32F103RCTx -DDEBUG -DSTM32F10X_HD -DUSE_STDPERIPH_DRIVER -I/home/mose/code/lorap/loragw_app/StdPeriph_Driver/inc -I/home/mose/code/lorap/loragw_app/inc -I/home/mose/code/lorap/loragw_app/CMSIS/device -I/home/mose/code/lorap/loragw_app/CMSIS/core -O0 -ffunction-sections -g3 -fstack-usage -Wall -specs=nano.specs -o src/main.o 
arm-atollic-eabi-gcc -c ../src/global.c -mthumb -mcpu=cortex-m3 -std=gnu11 -DSTM32 -DSTM32F1 -DSTM32F103RCTx -DDEBUG -DSTM32F10X_HD -DUSE_STDPERIPH_DRIVER -I/home/mose/code/lorap/loragw_app/StdPeriph_Driver/inc -I/home/mose/code/lorap/loragw_app/inc -I/home/mose/code/lorap/loragw_app/CMSIS/device -I/home/mose/code/lorap/loragw_app/CMSIS/core -O0 -ffunction-sections -g3 -fstack-usage -Wall -specs=nano.specs -o src/global.o 
arm-atollic-eabi-gcc -c ../StdPeriph_Driver/src/stm32f10x_usart.c -mthumb -mcpu=cortex-m3 -std=gnu11 -DSTM32 -DSTM32F1 -DSTM32F103RCTx -DDEBUG -DSTM32F10X_HD -DUSE_STDPERIPH_DRIVER -I/home/mose/code/lorap/loragw_app/StdPeriph_Driver/inc -I/home/mose/code/lorap/loragw_app/inc -I/home/mose/code/lorap/loragw_app/CMSIS/device -I/home/mose/code/lorap/loragw_app/CMSIS/core -O0 -ffunction-sections -g3 -fstack-usage -Wall -specs=nano.specs -o StdPeriph_Driver/src/stm32f10x_usart.o 
arm-atollic-eabi-gcc -c ../StdPeriph_Driver/src/stm32f10x_pwr.c -mthumb -mcpu=cortex-m3 -std=gnu11 -DSTM32 -DSTM32F1 -DSTM32F103RCTx -DDEBUG -DSTM32F10X_HD -DUSE_STDPERIPH_DRIVER -I/home/mose/code/lorap/loragw_app/StdPeriph_Driver/inc -I/home/mose/code/lorap/loragw_app/inc -I/home/mose/code/lorap/loragw_app/CMSIS/device -I/home/mose/code/lorap/loragw_app/CMSIS/core -O0 -ffunction-sections -g3 -fstack-usage -Wall -specs=nano.specs -o StdPeriph_Driver/src/stm32f10x_pwr.o 
arm-atollic-eabi-gcc -c ../StdPeriph_Driver/src/stm32f10x_can.c -mthumb -mcpu=cortex-m3 -std=gnu11 -DSTM32 -DSTM32F1 -DSTM32F103RCTx -DDEBUG -DSTM32F10X_HD -DUSE_STDPERIPH_DRIVER -I/home/mose/code/lorap/loragw_app/StdPeriph_Driver/inc -I/home/mose/code/lorap/loragw_app/inc -I/home/mose/code/lorap/loragw_app/CMSIS/device -I/home/mose/code/lorap/loragw_app/CMSIS/core -O0 -ffunction-sections -g3 -fstack-usage -Wall -specs=nano.specs -o StdPeriph_Driver/src/stm32f10x_can.o 
arm-atollic-eabi-gcc -c ../src/tools_lib.c -mthumb -mcpu=cortex-m3 -std=gnu11 -DSTM32 -DSTM32F1 -DSTM32F103RCTx -DDEBUG -DSTM32F10X_HD -DUSE_STDPERIPH_DRIVER -I/home/mose/code/lorap/loragw_app/StdPeriph_Driver/inc -I/home/mose/code/lorap/loragw_app/inc -I/home/mose/code/lorap/loragw_app/CMSIS/device -I/home/mose/code/lorap/loragw_app/CMSIS/core -O0 -ffunction-sections -g3 -fstack-usage -Wall -specs=nano.specs -o src/tools_lib.o 
arm-atollic-eabi-gcc -c ../src/drv_itemp.c -mthumb -mcpu=cortex-m3 -std=gnu11 -DSTM32 -DSTM32F1 -DSTM32F103RCTx -DDEBUG -DSTM32F10X_HD -DUSE_STDPERIPH_DRIVER -I/home/mose/code/lorap/loragw_app/StdPeriph_Driver/inc -I/home/mose/code/lorap/loragw_app/inc -I/home/mose/code/lorap/loragw_app/CMSIS/device -I/home/mose/code/lorap/loragw_app/CMSIS/core -O0 -ffunction-sections -g3 -fstack-usage -Wall -specs=nano.specs -o src/drv_itemp.o 
arm-atollic-eabi-gcc -c ../CMSIS/core/core_cm3.c -mthumb -mcpu=cortex-m3 -std=gnu11 -DSTM32 -DSTM32F1 -DSTM32F103RCTx -DDEBUG -DSTM32F10X_HD -DUSE_STDPERIPH_DRIVER -I/home/mose/code/lorap/loragw_app/StdPeriph_Driver/inc -I/home/mose/code/lorap/loragw_app/inc -I/home/mose/code/lorap/loragw_app/CMSIS/device -I/home/mose/code/lorap/loragw_app/CMSIS/core -O0 -ffunction-sections -g3 -fstack-usage -Wall -specs=nano.specs -o CMSIS/core/core_cm3.o 
arm-atollic-eabi-gcc -c ../StdPeriph_Driver/src/stm32f10x_bkp.c -mthumb -mcpu=cortex-m3 -std=gnu11 -DSTM32 -DSTM32F1 -DSTM32F103RCTx -DDEBUG -DSTM32F10X_HD -DUSE_STDPERIPH_DRIVER -I/home/mose/code/lorap/loragw_app/StdPeriph_Driver/inc -I/home/mose/code/lorap/loragw_app/inc -I/home/mose/code/lorap/loragw_app/CMSIS/device -I/home/mose/code/lorap/loragw_app/CMSIS/core -O0 -ffunction-sections -g3 -fstack-usage -Wall -specs=nano.specs -o StdPeriph_Driver/src/stm32f10x_bkp.o 
arm-atollic-eabi-gcc -c ../src/drv_usart.c -mthumb -mcpu=cortex-m3 -std=gnu11 -DSTM32 -DSTM32F1 -DSTM32F103RCTx -DDEBUG -DSTM32F10X_HD -DUSE_STDPERIPH_DRIVER -I/home/mose/code/lorap/loragw_app/StdPeriph_Driver/inc -I/home/mose/code/lorap/loragw_app/inc -I/home/mose/code/lorap/loragw_app/CMSIS/device -I/home/mose/code/lorap/loragw_app/CMSIS/core -O0 -ffunction-sections -g3 -fstack-usage -Wall -specs=nano.specs -o src/drv_usart.o 
arm-atollic-eabi-gcc -c ../src/task_irqcall.c -mthumb -mcpu=cortex-m3 -std=gnu11 -DSTM32 -DSTM32F1 -DSTM32F103RCTx -DDEBUG -DSTM32F10X_HD -DUSE_STDPERIPH_DRIVER -I/home/mose/code/lorap/loragw_app/StdPeriph_Driver/inc -I/home/mose/code/lorap/loragw_app/inc -I/home/mose/code/lorap/loragw_app/CMSIS/device -I/home/mose/code/lorap/loragw_app/CMSIS/core -O0 -ffunction-sections -g3 -fstack-usage -Wall -specs=nano.specs -o src/task_irqcall.o 
arm-atollic-eabi-gcc -c ../src/drv_spi.c -mthumb -mcpu=cortex-m3 -std=gnu11 -DSTM32 -DSTM32F1 -DSTM32F103RCTx -DDEBUG -DSTM32F10X_HD -DUSE_STDPERIPH_DRIVER -I/home/mose/code/lorap/loragw_app/StdPeriph_Driver/inc -I/home/mose/code/lorap/loragw_app/inc -I/home/mose/code/lorap/loragw_app/CMSIS/device -I/home/mose/code/lorap/loragw_app/CMSIS/core -O0 -ffunction-sections -g3 -fstack-usage -Wall -specs=nano.specs -o src/drv_spi.o 
arm-atollic-eabi-gcc -c ../StdPeriph_Driver/src/stm32f10x_dma.c -mthumb -mcpu=cortex-m3 -std=gnu11 -DSTM32 -DSTM32F1 -DSTM32F103RCTx -DDEBUG -DSTM32F10X_HD -DUSE_STDPERIPH_DRIVER -I/home/mose/code/lorap/loragw_app/StdPeriph_Driver/inc -I/home/mose/code/lorap/loragw_app/inc -I/home/mose/code/lorap/loragw_app/CMSIS/device -I/home/mose/code/lorap/loragw_app/CMSIS/core -O0 -ffunction-sections -g3 -fstack-usage -Wall -specs=nano.specs -o StdPeriph_Driver/src/stm32f10x_dma.o 
arm-atollic-eabi-gcc -c ../StdPeriph_Driver/src/stm32f10x_crc.c -mthumb -mcpu=cortex-m3 -std=gnu11 -DSTM32 -DSTM32F1 -DSTM32F103RCTx -DDEBUG -DSTM32F10X_HD -DUSE_STDPERIPH_DRIVER -I/home/mose/code/lorap/loragw_app/StdPeriph_Driver/inc -I/home/mose/code/lorap/loragw_app/inc -I/home/mose/code/lorap/loragw_app/CMSIS/device -I/home/mose/code/lorap/loragw_app/CMSIS/core -O0 -ffunction-sections -g3 -fstack-usage -Wall -specs=nano.specs -o StdPeriph_Driver/src/stm32f10x_crc.o 
arm-atollic-eabi-gcc -c ../StdPeriph_Driver/src/stm32f10x_iwdg.c -mthumb -mcpu=cortex-m3 -std=gnu11 -DSTM32 -DSTM32F1 -DSTM32F103RCTx -DDEBUG -DSTM32F10X_HD -DUSE_STDPERIPH_DRIVER -I/home/mose/code/lorap/loragw_app/StdPeriph_Driver/inc -I/home/mose/code/lorap/loragw_app/inc -I/home/mose/code/lorap/loragw_app/CMSIS/device -I/home/mose/code/lorap/loragw_app/CMSIS/core -O0 -ffunction-sections -g3 -fstack-usage -Wall -specs=nano.specs -o StdPeriph_Driver/src/stm32f10x_iwdg.o 
arm-atollic-eabi-gcc -c ../StdPeriph_Driver/src/stm32f10x_sdio.c -mthumb -mcpu=cortex-m3 -std=gnu11 -DSTM32 -DSTM32F1 -DSTM32F103RCTx -DDEBUG -DSTM32F10X_HD -DUSE_STDPERIPH_DRIVER -I/home/mose/code/lorap/loragw_app/StdPeriph_Driver/inc -I/home/mose/code/lorap/loragw_app/inc -I/home/mose/code/lorap/loragw_app/CMSIS/device -I/home/mose/code/lorap/loragw_app/CMSIS/core -O0 -ffunction-sections -g3 -fstack-usage -Wall -specs=nano.specs -o StdPeriph_Driver/src/stm32f10x_sdio.o 
arm-atollic-eabi-gcc -c ../src/task_forward.c -mthumb -mcpu=cortex-m3 -std=gnu11 -DSTM32 -DSTM32F1 -DSTM32F103RCTx -DDEBUG -DSTM32F10X_HD -DUSE_STDPERIPH_DRIVER -I/home/mose/code/lorap/loragw_app/StdPeriph_Driver/inc -I/home/mose/code/lorap/loragw_app/inc -I/home/mose/code/lorap/loragw_app/CMSIS/device -I/home/mose/code/lorap/loragw_app/CMSIS/core -O0 -ffunction-sections -g3 -fstack-usage -Wall -specs=nano.specs -o src/task_forward.o 
arm-atollic-eabi-gcc -c ../StdPeriph_Driver/src/stm32f10x_dbgmcu.c -mthumb -mcpu=cortex-m3 -std=gnu11 -DSTM32 -DSTM32F1 -DSTM32F103RCTx -DDEBUG -DSTM32F10X_HD -DUSE_STDPERIPH_DRIVER -I/home/mose/code/lorap/loragw_app/StdPeriph_Driver/inc -I/home/mose/code/lorap/loragw_app/inc -I/home/mose/code/lorap/loragw_app/CMSIS/device -I/home/mose/code/lorap/loragw_app/CMSIS/core -O0 -ffunction-sections -g3 -fstack-usage -Wall -specs=nano.specs -o StdPeriph_Driver/src/stm32f10x_dbgmcu.o 
arm-atollic-eabi-gcc -c ../StdPeriph_Driver/src/stm32f10x_fsmc.c -mthumb -mcpu=cortex-m3 -std=gnu11 -DSTM32 -DSTM32F1 -DSTM32F103RCTx -DDEBUG -DSTM32F10X_HD -DUSE_STDPERIPH_DRIVER -I/home/mose/code/lorap/loragw_app/StdPeriph_Driver/inc -I/home/mose/code/lorap/loragw_app/inc -I/home/mose/code/lorap/loragw_app/CMSIS/device -I/home/mose/code/lorap/loragw_app/CMSIS/core -O0 -ffunction-sections -g3 -fstack-usage -Wall -specs=nano.specs -o StdPeriph_Driver/src/stm32f10x_fsmc.o 
arm-atollic-eabi-gcc -c ../StdPeriph_Driver/src/stm32f10x_flash.c -mthumb -mcpu=cortex-m3 -std=gnu11 -DSTM32 -DSTM32F1 -DSTM32F103RCTx -DDEBUG -DSTM32F10X_HD -DUSE_STDPERIPH_DRIVER -I/home/mose/code/lorap/loragw_app/StdPeriph_Driver/inc -I/home/mose/code/lorap/loragw_app/inc -I/home/mose/code/lorap/loragw_app/CMSIS/device -I/home/mose/code/lorap/loragw_app/CMSIS/core -O0 -ffunction-sections -g3 -fstack-usage -Wall -specs=nano.specs -o StdPeriph_Driver/src/stm32f10x_flash.o 
arm-atollic-eabi-gcc -c ../StdPeriph_Driver/src/stm32f10x_spi.c -mthumb -mcpu=cortex-m3 -std=gnu11 -DSTM32 -DSTM32F1 -DSTM32F103RCTx -DDEBUG -DSTM32F10X_HD -DUSE_STDPERIPH_DRIVER -I/home/mose/code/lorap/loragw_app/StdPeriph_Driver/inc -I/home/mose/code/lorap/loragw_app/inc -I/home/mose/code/lorap/loragw_app/CMSIS/device -I/home/mose/code/lorap/loragw_app/CMSIS/core -O0 -ffunction-sections -g3 -fstack-usage -Wall -specs=nano.specs -o StdPeriph_Driver/src/stm32f10x_spi.o 
arm-atollic-eabi-gcc -c ../src/task_heartbeat.c -mthumb -mcpu=cortex-m3 -std=gnu11 -DSTM32 -DSTM32F1 -DSTM32F103RCTx -DDEBUG -DSTM32F10X_HD -DUSE_STDPERIPH_DRIVER -I/home/mose/code/lorap/loragw_app/StdPeriph_Driver/inc -I/home/mose/code/lorap/loragw_app/inc -I/home/mose/code/lorap/loragw_app/CMSIS/device -I/home/mose/code/lorap/loragw_app/CMSIS/core -O0 -ffunction-sections -g3 -fstack-usage -Wall -specs=nano.specs -o src/task_heartbeat.o 
arm-atollic-eabi-gcc -c ../StdPeriph_Driver/src/stm32f10x_i2c.c -mthumb -mcpu=cortex-m3 -std=gnu11 -DSTM32 -DSTM32F1 -DSTM32F103RCTx -DDEBUG -DSTM32F10X_HD -DUSE_STDPERIPH_DRIVER -I/home/mose/code/lorap/loragw_app/StdPeriph_Driver/inc -I/home/mose/code/lorap/loragw_app/inc -I/home/mose/code/lorap/loragw_app/CMSIS/device -I/home/mose/code/lorap/loragw_app/CMSIS/core -O0 -ffunction-sections -g3 -fstack-usage -Wall -specs=nano.specs -o StdPeriph_Driver/src/stm32f10x_i2c.o 
arm-atollic-eabi-gcc -c ../src/drv_gpio.c -mthumb -mcpu=cortex-m3 -std=gnu11 -DSTM32 -DSTM32F1 -DSTM32F103RCTx -DDEBUG -DSTM32F10X_HD -DUSE_STDPERIPH_DRIVER -I/home/mose/code/lorap/loragw_app/StdPeriph_Driver/inc -I/home/mose/code/lorap/loragw_app/inc -I/home/mose/code/lorap/loragw_app/CMSIS/device -I/home/mose/code/lorap/loragw_app/CMSIS/core -O0 -ffunction-sections -g3 -fstack-usage -Wall -specs=nano.specs -o src/drv_gpio.o 
arm-atollic-eabi-gcc -c ../src/system_stm32f10x.c -mthumb -mcpu=cortex-m3 -std=gnu11 -DSTM32 -DSTM32F1 -DSTM32F103RCTx -DDEBUG -DSTM32F10X_HD -DUSE_STDPERIPH_DRIVER -I/home/mose/code/lorap/loragw_app/StdPeriph_Driver/inc -I/home/mose/code/lorap/loragw_app/inc -I/home/mose/code/lorap/loragw_app/CMSIS/device -I/home/mose/code/lorap/loragw_app/CMSIS/core -O0 -ffunction-sections -g3 -fstack-usage -Wall -specs=nano.specs -o src/system_stm32f10x.o 
arm-atollic-eabi-gcc -c ../src/drv_timer.c -mthumb -mcpu=cortex-m3 -std=gnu11 -DSTM32 -DSTM32F1 -DSTM32F103RCTx -DDEBUG -DSTM32F10X_HD -DUSE_STDPERIPH_DRIVER -I/home/mose/code/lorap/loragw_app/StdPeriph_Driver/inc -I/home/mose/code/lorap/loragw_app/inc -I/home/mose/code/lorap/loragw_app/CMSIS/device -I/home/mose/code/lorap/loragw_app/CMSIS/core -O0 -ffunction-sections -g3 -fstack-usage -Wall -specs=nano.specs -o src/drv_timer.o 
arm-atollic-eabi-gcc -c ../src/syscalls.c -mthumb -mcpu=cortex-m3 -std=gnu11 -DSTM32 -DSTM32F1 -DSTM32F103RCTx -DDEBUG -DSTM32F10X_HD -DUSE_STDPERIPH_DRIVER -I/home/mose/code/lorap/loragw_app/StdPeriph_Driver/inc -I/home/mose/code/lorap/loragw_app/inc -I/home/mose/code/lorap/loragw_app/CMSIS/device -I/home/mose/code/lorap/loragw_app/CMSIS/core -O0 -ffunction-sections -g3 -fstack-usage -Wall -specs=nano.specs -o src/syscalls.o 
arm-atollic-eabi-gcc -c ../src/drv_flash.c -mthumb -mcpu=cortex-m3 -std=gnu11 -DSTM32 -DSTM32F1 -DSTM32F103RCTx -DDEBUG -DSTM32F10X_HD -DUSE_STDPERIPH_DRIVER -I/home/mose/code/lorap/loragw_app/StdPeriph_Driver/inc -I/home/mose/code/lorap/loragw_app/inc -I/home/mose/code/lorap/loragw_app/CMSIS/device -I/home/mose/code/lorap/loragw_app/CMSIS/core -O0 -ffunction-sections -g3 -fstack-usage -Wall -specs=nano.specs -o src/drv_flash.o 
arm-atollic-eabi-gcc -c ../src/task_upgrade.c -mthumb -mcpu=cortex-m3 -std=gnu11 -DSTM32 -DSTM32F1 -DSTM32F103RCTx -DDEBUG -DSTM32F10X_HD -DUSE_STDPERIPH_DRIVER -I/home/mose/code/lorap/loragw_app/StdPeriph_Driver/inc -I/home/mose/code/lorap/loragw_app/inc -I/home/mose/code/lorap/loragw_app/CMSIS/device -I/home/mose/code/lorap/loragw_app/CMSIS/core -O0 -ffunction-sections -g3 -fstack-usage -Wall -specs=nano.specs -o src/task_upgrade.o 
arm-atollic-eabi-gcc -c ../StdPeriph_Driver/src/misc.c -mthumb -mcpu=cortex-m3 -std=gnu11 -DSTM32 -DSTM32F1 -DSTM32F103RCTx -DDEBUG -DSTM32F10X_HD -DUSE_STDPERIPH_DRIVER -I/home/mose/code/lorap/loragw_app/StdPeriph_Driver/inc -I/home/mose/code/lorap/loragw_app/inc -I/home/mose/code/lorap/loragw_app/CMSIS/device -I/home/mose/code/lorap/loragw_app/CMSIS/core -O0 -ffunction-sections -g3 -fstack-usage -Wall -specs=nano.specs -o StdPeriph_Driver/src/misc.o 
arm-atollic-eabi-gcc -c ../StdPeriph_Driver/src/stm32f10x_dac.c -mthumb -mcpu=cortex-m3 -std=gnu11 -DSTM32 -DSTM32F1 -DSTM32F103RCTx -DDEBUG -DSTM32F10X_HD -DUSE_STDPERIPH_DRIVER -I/home/mose/code/lorap/loragw_app/StdPeriph_Driver/inc -I/home/mose/code/lorap/loragw_app/inc -I/home/mose/code/lorap/loragw_app/CMSIS/device -I/home/mose/code/lorap/loragw_app/CMSIS/core -O0 -ffunction-sections -g3 -fstack-usage -Wall -specs=nano.specs -o StdPeriph_Driver/src/stm32f10x_dac.o 
arm-atollic-eabi-gcc -c ../StdPeriph_Driver/src/stm32f10x_wwdg.c -mthumb -mcpu=cortex-m3 -std=gnu11 -DSTM32 -DSTM32F1 -DSTM32F103RCTx -DDEBUG -DSTM32F10X_HD -DUSE_STDPERIPH_DRIVER -I/home/mose/code/lorap/loragw_app/StdPeriph_Driver/inc -I/home/mose/code/lorap/loragw_app/inc -I/home/mose/code/lorap/loragw_app/CMSIS/device -I/home/mose/code/lorap/loragw_app/CMSIS/core -O0 -ffunction-sections -g3 -fstack-usage -Wall -specs=nano.specs -o StdPeriph_Driver/src/stm32f10x_wwdg.o 
arm-atollic-eabi-gcc -c -mthumb -mcpu=cortex-m3 -I/home/mose/code/lorap/loragw_app/StdPeriph_Driver/inc -I/home/mose/code/lorap/loragw_app/inc -I/home/mose/code/lorap/loragw_app/CMSIS/device -I/home/mose/code/lorap/loragw_app/CMSIS/core -g -Wa,--warn -x assembler-with-cpp -specs=nano.specs -o startup/startup_stm32.o ../startup/startup_stm32.s 
arm-atollic-eabi-gcc -c ../StdPeriph_Driver/src/stm32f10x_exti.c -mthumb -mcpu=cortex-m3 -std=gnu11 -DSTM32 -DSTM32F1 -DSTM32F103RCTx -DDEBUG -DSTM32F10X_HD -DUSE_STDPERIPH_DRIVER -I/home/mose/code/lorap/loragw_app/StdPeriph_Driver/inc -I/home/mose/code/lorap/loragw_app/inc -I/home/mose/code/lorap/loragw_app/CMSIS/device -I/home/mose/code/lorap/loragw_app/CMSIS/core -O0 -ffunction-sections -g3 -fstack-usage -Wall -specs=nano.specs -o StdPeriph_Driver/src/stm32f10x_exti.o 
arm-atollic-eabi-gcc -c ../src/drv_exti.c -mthumb -mcpu=cortex-m3 -std=gnu11 -DSTM32 -DSTM32F1 -DSTM32F103RCTx -DDEBUG -DSTM32F10X_HD -DUSE_STDPERIPH_DRIVER -I/home/mose/code/lorap/loragw_app/StdPeriph_Driver/inc -I/home/mose/code/lorap/loragw_app/inc -I/home/mose/code/lorap/loragw_app/CMSIS/device -I/home/mose/code/lorap/loragw_app/CMSIS/core -O0 -ffunction-sections -g3 -fstack-usage -Wall -specs=nano.specs -o src/drv_exti.o 
arm-atollic-eabi-gcc -c ../StdPeriph_Driver/src/stm32f10x_gpio.c -mthumb -mcpu=cortex-m3 -std=gnu11 -DSTM32 -DSTM32F1 -DSTM32F103RCTx -DDEBUG -DSTM32F10X_HD -DUSE_STDPERIPH_DRIVER -I/home/mose/code/lorap/loragw_app/StdPeriph_Driver/inc -I/home/mose/code/lorap/loragw_app/inc -I/home/mose/code/lorap/loragw_app/CMSIS/device -I/home/mose/code/lorap/loragw_app/CMSIS/core -O0 -ffunction-sections -g3 -fstack-usage -Wall -specs=nano.specs -o StdPeriph_Driver/src/stm32f10x_gpio.o 
arm-atollic-eabi-gcc -c ../StdPeriph_Driver/src/stm32f10x_rcc.c -mthumb -mcpu=cortex-m3 -std=gnu11 -DSTM32 -DSTM32F1 -DSTM32F103RCTx -DDEBUG -DSTM32F10X_HD -DUSE_STDPERIPH_DRIVER -I/home/mose/code/lorap/loragw_app/StdPeriph_Driver/inc -I/home/mose/code/lorap/loragw_app/inc -I/home/mose/code/lorap/loragw_app/CMSIS/device -I/home/mose/code/lorap/loragw_app/CMSIS/core -O0 -ffunction-sections -g3 -fstack-usage -Wall -specs=nano.specs -o StdPeriph_Driver/src/stm32f10x_rcc.o 
arm-atollic-eabi-gcc -c ../src/drv_iwdg.c -mthumb -mcpu=cortex-m3 -std=gnu11 -DSTM32 -DSTM32F1 -DSTM32F103RCTx -DDEBUG -DSTM32F10X_HD -DUSE_STDPERIPH_DRIVER -I/home/mose/code/lorap/loragw_app/StdPeriph_Driver/inc -I/home/mose/code/lorap/loragw_app/inc -I/home/mose/code/lorap/loragw_app/CMSIS/device -I/home/mose/code/lorap/loragw_app/CMSIS/core -O0 -ffunction-sections -g3 -fstack-usage -Wall -specs=nano.specs -o src/drv_iwdg.o 
arm-atollic-eabi-gcc -c ../src/task_reboot.c -mthumb -mcpu=cortex-m3 -std=gnu11 -DSTM32 -DSTM32F1 -DSTM32F103RCTx -DDEBUG -DSTM32F10X_HD -DUSE_STDPERIPH_DRIVER -I/home/mose/code/lorap/loragw_app/StdPeriph_Driver/inc -I/home/mose/code/lorap/loragw_app/inc -I/home/mose/code/lorap/loragw_app/CMSIS/device -I/home/mose/code/lorap/loragw_app/CMSIS/core -O0 -ffunction-sections -g3 -fstack-usage -Wall -specs=nano.specs -o src/task_reboot.o 
arm-atollic-eabi-gcc -c ../StdPeriph_Driver/src/stm32f10x_rtc.c -mthumb -mcpu=cortex-m3 -std=gnu11 -DSTM32 -DSTM32F1 -DSTM32F103RCTx -DDEBUG -DSTM32F10X_HD -DUSE_STDPERIPH_DRIVER -I/home/mose/code/lorap/loragw_app/StdPeriph_Driver/inc -I/home/mose/code/lorap/loragw_app/inc -I/home/mose/code/lorap/loragw_app/CMSIS/device -I/home/mose/code/lorap/loragw_app/CMSIS/core -O0 -ffunction-sections -g3 -fstack-usage -Wall -specs=nano.specs -o StdPeriph_Driver/src/stm32f10x_rtc.o 
arm-atollic-eabi-gcc -o loragw_app.elf CMSIS/core/core_cm3.o StdPeriph_Driver/src/misc.o StdPeriph_Driver/src/stm32f10x_adc.o StdPeriph_Driver/src/stm32f10x_bkp.o StdPeriph_Driver/src/stm32f10x_can.o StdPeriph_Driver/src/stm32f10x_cec.o StdPeriph_Driver/src/stm32f10x_crc.o StdPeriph_Driver/src/stm32f10x_dac.o StdPeriph_Driver/src/stm32f10x_dbgmcu.o StdPeriph_Driver/src/stm32f10x_dma.o StdPeriph_Driver/src/stm32f10x_exti.o StdPeriph_Driver/src/stm32f10x_flash.o StdPeriph_Driver/src/stm32f10x_fsmc.o StdPeriph_Driver/src/stm32f10x_gpio.o StdPeriph_Driver/src/stm32f10x_i2c.o StdPeriph_Driver/src/stm32f10x_iwdg.o StdPeriph_Driver/src/stm32f10x_pwr.o StdPeriph_Driver/src/stm32f10x_rcc.o StdPeriph_Driver/src/stm32f10x_rtc.o StdPeriph_Driver/src/stm32f10x_sdio.o StdPeriph_Driver/src/stm32f10x_spi.o StdPeriph_Driver/src/stm32f10x_tim.o StdPeriph_Driver/src/stm32f10x_usart.o StdPeriph_Driver/src/stm32f10x_wwdg.o src/drv_exti.o src/drv_flash.o src/drv_gpio.o src/drv_itemp.o src/drv_iwdg.o src/drv_spi.o src/drv_sx1278.o src/drv_timer.o src/drv_usart.o src/drv_w5500.o src/global.o src/main.o src/syscalls.o src/system_stm32f10x.o src/task.o src/task_forward.o src/task_heartbeat.o src/task_irqcall.o src/task_reboot.o src/task_upgrade.o src/tools_lib.o startup/startup_stm32.o -mthumb -mcpu=cortex-m3 -T/home/mose/code/lorap/loragw_app/LinkerScript.ld -specs=nosys.specs -static -Wl,-cref,-u,Reset_Handler -Wl,-Map=loragw_app.map -Wl,--gc-sections -Wl,--defsym=malloc_getpagesize_P=0x80 -Wl,--start-group -lc -lm -Wl,--end-group -specs=nano.specs 
/opt/Atollic_TrueSTUDIO_for_STM32_x86_64_9.1.0/ide/jre/bin/java -jar /opt/Atollic_TrueSTUDIO_for_STM32_x86_64_9.1.0/Tools/arm-atollic-reports.jar sizeinfo list loragw_app.elf 
Generate build reports...
Print size information
   text	   data	    bss	    dec	    hex	filename
  23476	     28	   7100	  30604	   778c	loragw_app.elf
Print size information done
Generate listing file
Output sent to: loragw_app.list
Generate listing file done
Generate build reports done
/opt/Atollic_TrueSTUDIO_for_STM32_x86_64_9.1.0/ARMTools/bin/arm-atollic-eabi-objcopy -O ihex loragw_app.elf loragw_app.hex 
/opt/Atollic_TrueSTUDIO_for_STM32_x86_64_9.1.0/ARMTools/bin/arm-atollic-eabi-objcopy -O binary loragw_app.elf loragw_app.bin 
/opt/Atollic_TrueSTUDIO_for_STM32_x86_64_9.1.0/ARMTools/bin/arm-atollic-eabi-size loragw_app.elf 
   text	   data	    bss	    dec	    hex	filename
  23476	     28	   7100	  30604	   778c	loragw_app.elf

19:00:04 Build Finished (took 6s.821ms)

