19:00:19 **** Rebuild of configuration Debug for project stm32f103rc ****
Info: Internal Builder is used for build
arm-atollic-eabi-gcc -c -mthumb -mcpu=cortex-m3 -std=gnu11 -D__weak=__attribute__((weak)) -D__packed=__attribute__((__packed__)) -DUSE_HAL_DRIVER -DSTM32F103xE -I../Inc -I../Drivers/STM32F1xx_HAL_Driver/Inc -I../Drivers/STM32F1xx_HAL_Driver/Inc/Legacy -I../Drivers/CMSIS/Device/ST/STM32F1xx/Include -I../Drivers/CMSIS/Include -Os -ffunction-sections -fdata-sections -g -fstack-usage -Wall -specs=nano.specs -o Drivers/STM32F1xx_HAL_Driver/Src/stm32f1xx_hal_gpio_ex.o ../Drivers/STM32F1xx_HAL_Driver/Src/stm32f1xx_hal_gpio_ex.c 
arm-atollic-eabi-gcc -c -mthumb -mcpu=cortex-m3 -std=gnu11 -D__weak=__attribute__((weak)) -D__packed=__attribute__((__packed__)) -DUSE_HAL_DRIVER -DSTM32F103xE -I../Inc -I../Drivers/STM32F1xx_HAL_Driver/Inc -I../Drivers/STM32F1xx_HAL_Driver/Inc/Legacy -I../Drivers/CMSIS/Device/ST/STM32F1xx/Include -I../Drivers/CMSIS/Include -Os -ffunction-sections -fdata-sections -g -fstack-usage -Wall -specs=nano.specs -o Drivers/STM32F1xx_HAL_Driver/Src/stm32f1xx_hal_adc_ex.o ../Drivers/STM32F1xx_HAL_Driver/Src/stm32f1xx_hal_adc_ex.c 
arm-atollic-eabi-gcc -c -mthumb -mcpu=cortex-m3 -std=gnu11 -D__weak=__attribute__((weak)) -D__packed=__attribute__((__packed__)) -DUSE_HAL_DRIVER -DSTM32F103xE -I../Inc -I../Drivers/STM32F1xx_HAL_Driver/Inc -I../Drivers/STM32F1xx_HAL_Driver/Inc/Legacy -I../Drivers/CMSIS/Device/ST/STM32F1xx/Include -I../Drivers/CMSIS/Include -Os -ffunction-sections -fdata-sections -g -fstack-usage -Wall -specs=nano.specs -o Drivers/STM32F1xx_HAL_Driver/Src/stm32f1xx_hal_tim.o ../Drivers/STM32F1xx_HAL_Driver/Src/stm32f1xx_hal_tim.c 
arm-atollic-eabi-gcc -c -mthumb -mcpu=cortex-m3 -g -Wa,--no-warn -x assembler-with-cpp -specs=nano.specs -o startup/startup_stm32f103xe.o ../startup/startup_stm32f103xe.s 
arm-atollic-eabi-gcc -c -mthumb -mcpu=cortex-m3 -std=gnu11 -D__weak=__attribute__((weak)) -D__packed=__attribute__((__packed__)) -DUSE_HAL_DRIVER -DSTM32F103xE -I../Inc -I../Drivers/STM32F1xx_HAL_Driver/Inc -I../Drivers/STM32F1xx_HAL_Driver/Inc/Legacy -I../Drivers/CMSIS/Device/ST/STM32F1xx/Include -I../Drivers/CMSIS/Include -Os -ffunction-sections -fdata-sections -g -fstack-usage -Wall -specs=nano.specs -o Drivers/STM32F1xx_HAL_Driver/Src/stm32f1xx_hal_dma.o ../Drivers/STM32F1xx_HAL_Driver/Src/stm32f1xx_hal_dma.c 
arm-atollic-eabi-gcc -c -mthumb -mcpu=cortex-m3 -std=gnu11 -D__weak=__attribute__((weak)) -D__packed=__attribute__((__packed__)) -DUSE_HAL_DRIVER -DSTM32F103xE -I../Inc -I../Drivers/STM32F1xx_HAL_Driver/Inc -I../Drivers/STM32F1xx_HAL_Driver/Inc/Legacy -I../Drivers/CMSIS/Device/ST/STM32F1xx/Include -I../Drivers/CMSIS/Include -Os -ffunction-sections -fdata-sections -g -fstack-usage -Wall -specs=nano.specs -o Src/gpio.o ../Src/gpio.c 
arm-atollic-eabi-gcc -c -mthumb -mcpu=cortex-m3 -std=gnu11 -D__weak=__attribute__((weak)) -D__packed=__attribute__((__packed__)) -DUSE_HAL_DRIVER -DSTM32F103xE -I../Inc -I../Drivers/STM32F1xx_HAL_Driver/Inc -I../Drivers/STM32F1xx_HAL_Driver/Inc/Legacy -I../Drivers/CMSIS/Device/ST/STM32F1xx/Include -I../Drivers/CMSIS/Include -Os -ffunction-sections -fdata-sections -g -fstack-usage -Wall -specs=nano.specs -o Drivers/STM32F1xx_HAL_Driver/Src/stm32f1xx_hal_cortex.o ../Drivers/STM32F1xx_HAL_Driver/Src/stm32f1xx_hal_cortex.c 
arm-atollic-eabi-gcc -c -mthumb -mcpu=cortex-m3 -std=gnu11 -D__weak=__attribute__((weak)) -D__packed=__attribute__((__packed__)) -DUSE_HAL_DRIVER -DSTM32F103xE -I../Inc -I../Drivers/STM32F1xx_HAL_Driver/Inc -I../Drivers/STM32F1xx_HAL_Driver/Inc/Legacy -I../Drivers/CMSIS/Device/ST/STM32F1xx/Include -I../Drivers/CMSIS/Include -Os -ffunction-sections -fdata-sections -g -fstack-usage -Wall -specs=nano.specs -o Drivers/STM32F1xx_HAL_Driver/Src/stm32f1xx_hal_gpio.o ../Drivers/STM32F1xx_HAL_Driver/Src/stm32f1xx_hal_gpio.c 
arm-atollic-eabi-gcc -c -mthumb -mcpu=cortex-m3 -std=gnu11 -D__weak=__attribute__((weak)) -D__packed=__attribute__((__packed__)) -DUSE_HAL_DRIVER -DSTM32F103xE -I../Inc -I../Drivers/STM32F1xx_HAL_Driver/Inc -I../Drivers/STM32F1xx_HAL_Driver/Inc/Legacy -I../Drivers/CMSIS/Device/ST/STM32F1xx/Include -I../Drivers/CMSIS/Include -Os -ffunction-sections -fdata-sections -g -fstack-usage -Wall -specs=nano.specs -o Drivers/STM32F1xx_HAL_Driver/Src/stm32f1xx_hal_spi_ex.o ../Drivers/STM32F1xx_HAL_Driver/Src/stm32f1xx_hal_spi_ex.c 
arm-atollic-eabi-gcc -c -mthumb -mcpu=cortex-m3 -std=gnu11 -D__weak=__attribute__((weak)) -D__packed=__attribute__((__packed__)) -DUSE_HAL_DRIVER -DSTM32F103xE -I../Inc -I../Drivers/STM32F1xx_HAL_Driver/Inc -I../Drivers/STM32F1xx_HAL_Driver/Inc/Legacy -I../Drivers/CMSIS/Device/ST/STM32F1xx/Include -I../Drivers/CMSIS/Include -Os -ffunction-sections -fdata-sections -g -fstack-usage -Wall -specs=nano.specs -o Drivers/STM32F1xx_HAL_Driver/Src/stm32f1xx_hal.o ../Drivers/STM32F1xx_HAL_Driver/Src/stm32f1xx_hal.c 
arm-atollic-eabi-gcc -c -mthumb -mcpu=cortex-m3 -std=gnu11 -D__weak=__attribute__((weak)) -D__packed=__attribute__((__packed__)) -DUSE_HAL_DRIVER -DSTM32F103xE -I../Inc -I../Drivers/STM32F1xx_HAL_Driver/Inc -I../Drivers/STM32F1xx_HAL_Driver/Inc/Legacy -I../Drivers/CMSIS/Device/ST/STM32F1xx/Include -I../Drivers/CMSIS/Include -Os -ffunction-sections -fdata-sections -g -fstack-usage -Wall -specs=nano.specs -o Src/adc.o ../Src/adc.c 
arm-atollic-eabi-gcc -c -mthumb -mcpu=cortex-m3 -std=gnu11 -D__weak=__attribute__((weak)) -D__packed=__attribute__((__packed__)) -DUSE_HAL_DRIVER -DSTM32F103xE -I../Inc -I../Drivers/STM32F1xx_HAL_Driver/Inc -I../Drivers/STM32F1xx_HAL_Driver/Inc/Legacy -I../Drivers/CMSIS/Device/ST/STM32F1xx/Include -I../Drivers/CMSIS/Include -Os -ffunction-sections -fdata-sections -g -fstack-usage -Wall -specs=nano.specs -o Src/usart.o ../Src/usart.c 
arm-atollic-eabi-gcc -c -mthumb -mcpu=cortex-m3 -std=gnu11 -D__weak=__attribute__((weak)) -D__packed=__attribute__((__packed__)) -DUSE_HAL_DRIVER -DSTM32F103xE -I../Inc -I../Drivers/STM32F1xx_HAL_Driver/Inc -I../Drivers/STM32F1xx_HAL_Driver/Inc/Legacy -I../Drivers/CMSIS/Device/ST/STM32F1xx/Include -I../Drivers/CMSIS/Include -Os -ffunction-sections -fdata-sections -g -fstack-usage -Wall -specs=nano.specs -o Drivers/STM32F1xx_HAL_Driver/Src/stm32f1xx_hal_rcc_ex.o ../Drivers/STM32F1xx_HAL_Driver/Src/stm32f1xx_hal_rcc_ex.c 
arm-atollic-eabi-gcc -c -mthumb -mcpu=cortex-m3 -std=gnu11 -D__weak=__attribute__((weak)) -D__packed=__attribute__((__packed__)) -DUSE_HAL_DRIVER -DSTM32F103xE -I../Inc -I../Drivers/STM32F1xx_HAL_Driver/Inc -I../Drivers/STM32F1xx_HAL_Driver/Inc/Legacy -I../Drivers/CMSIS/Device/ST/STM32F1xx/Include -I../Drivers/CMSIS/Include -Os -ffunction-sections -fdata-sections -g -fstack-usage -Wall -specs=nano.specs -o Src/stm32f1xx_it.o ../Src/stm32f1xx_it.c 
arm-atollic-eabi-gcc -c -mthumb -mcpu=cortex-m3 -std=gnu11 -D__weak=__attribute__((weak)) -D__packed=__attribute__((__packed__)) -DUSE_HAL_DRIVER -DSTM32F103xE -I../Inc -I../Drivers/STM32F1xx_HAL_Driver/Inc -I../Drivers/STM32F1xx_HAL_Driver/Inc/Legacy -I../Drivers/CMSIS/Device/ST/STM32F1xx/Include -I../Drivers/CMSIS/Include -Os -ffunction-sections -fdata-sections -g -fstack-usage -Wall -specs=nano.specs -o Drivers/STM32F1xx_HAL_Driver/Src/stm32f1xx_hal_tim_ex.o ../Drivers/STM32F1xx_HAL_Driver/Src/stm32f1xx_hal_tim_ex.c 
arm-atollic-eabi-gcc -c -mthumb -mcpu=cortex-m3 -std=gnu11 -D__weak=__attribute__((weak)) -D__packed=__attribute__((__packed__)) -DUSE_HAL_DRIVER -DSTM32F103xE -I../Inc -I../Drivers/STM32F1xx_HAL_Driver/Inc -I../Drivers/STM32F1xx_HAL_Driver/Inc/Legacy -I../Drivers/CMSIS/Device/ST/STM32F1xx/Include -I../Drivers/CMSIS/Include -Os -ffunction-sections -fdata-sections -g -fstack-usage -Wall -specs=nano.specs -o Drivers/STM32F1xx_HAL_Driver/Src/stm32f1xx_hal_spi.o ../Drivers/STM32F1xx_HAL_Driver/Src/stm32f1xx_hal_spi.c 
arm-atollic-eabi-gcc -c -mthumb -mcpu=cortex-m3 -std=gnu11 -D__weak=__attribute__((weak)) -D__packed=__attribute__((__packed__)) -DUSE_HAL_DRIVER -DSTM32F103xE -I../Inc -I../Drivers/STM32F1xx_HAL_Driver/Inc -I../Drivers/STM32F1xx_HAL_Driver/Inc/Legacy -I../Drivers/CMSIS/Device/ST/STM32F1xx/Include -I../Drivers/CMSIS/Include -Os -ffunction-sections -fdata-sections -g -fstack-usage -Wall -specs=nano.specs -o Drivers/STM32F1xx_HAL_Driver/Src/stm32f1xx_hal_iwdg.o ../Drivers/STM32F1xx_HAL_Driver/Src/stm32f1xx_hal_iwdg.c 
arm-atollic-eabi-gcc -c -mthumb -mcpu=cortex-m3 -std=gnu11 -D__weak=__attribute__((weak)) -D__packed=__attribute__((__packed__)) -DUSE_HAL_DRIVER -DSTM32F103xE -I../Inc -I../Drivers/STM32F1xx_HAL_Driver/Inc -I../Drivers/STM32F1xx_HAL_Driver/Inc/Legacy -I../Drivers/CMSIS/Device/ST/STM32F1xx/Include -I../Drivers/CMSIS/Include -Os -ffunction-sections -fdata-sections -g -fstack-usage -Wall -specs=nano.specs -o Src/stm32f1xx_hal_msp.o ../Src/stm32f1xx_hal_msp.c 
arm-atollic-eabi-gcc -c -mthumb -mcpu=cortex-m3 -std=gnu11 -D__weak=__attribute__((weak)) -D__packed=__attribute__((__packed__)) -DUSE_HAL_DRIVER -DSTM32F103xE -I../Inc -I../Drivers/STM32F1xx_HAL_Driver/Inc -I../Drivers/STM32F1xx_HAL_Driver/Inc/Legacy -I../Drivers/CMSIS/Device/ST/STM32F1xx/Include -I../Drivers/CMSIS/Include -Os -ffunction-sections -fdata-sections -g -fstack-usage -Wall -specs=nano.specs -o Src/main.o ../Src/main.c 
arm-atollic-eabi-gcc -c -mthumb -mcpu=cortex-m3 -std=gnu11 -D__weak=__attribute__((weak)) -D__packed=__attribute__((__packed__)) -DUSE_HAL_DRIVER -DSTM32F103xE -I../Inc -I../Drivers/STM32F1xx_HAL_Driver/Inc -I../Drivers/STM32F1xx_HAL_Driver/Inc/Legacy -I../Drivers/CMSIS/Device/ST/STM32F1xx/Include -I../Drivers/CMSIS/Include -Os -ffunction-sections -fdata-sections -g -fstack-usage -Wall -specs=nano.specs -o Drivers/STM32F1xx_HAL_Driver/Src/stm32f1xx_hal_adc.o ../Drivers/STM32F1xx_HAL_Driver/Src/stm32f1xx_hal_adc.c 
arm-atollic-eabi-gcc -c -mthumb -mcpu=cortex-m3 -std=gnu11 -D__weak=__attribute__((weak)) -D__packed=__attribute__((__packed__)) -DUSE_HAL_DRIVER -DSTM32F103xE -I../Inc -I../Drivers/STM32F1xx_HAL_Driver/Inc -I../Drivers/STM32F1xx_HAL_Driver/Inc/Legacy -I../Drivers/CMSIS/Device/ST/STM32F1xx/Include -I../Drivers/CMSIS/Include -Os -ffunction-sections -fdata-sections -g -fstack-usage -Wall -specs=nano.specs -o Src/system_stm32f1xx.o ../Src/system_stm32f1xx.c 
arm-atollic-eabi-gcc -c -mthumb -mcpu=cortex-m3 -std=gnu11 -D__weak=__attribute__((weak)) -D__packed=__attribute__((__packed__)) -DUSE_HAL_DRIVER -DSTM32F103xE -I../Inc -I../Drivers/STM32F1xx_HAL_Driver/Inc -I../Drivers/STM32F1xx_HAL_Driver/Inc/Legacy -I../Drivers/CMSIS/Device/ST/STM32F1xx/Include -I../Drivers/CMSIS/Include -Os -ffunction-sections -fdata-sections -g -fstack-usage -Wall -specs=nano.specs -o Src/iwdg.o ../Src/iwdg.c 
arm-atollic-eabi-gcc -c -mthumb -mcpu=cortex-m3 -std=gnu11 -D__weak=__attribute__((weak)) -D__packed=__attribute__((__packed__)) -DUSE_HAL_DRIVER -DSTM32F103xE -I../Inc -I../Drivers/STM32F1xx_HAL_Driver/Inc -I../Drivers/STM32F1xx_HAL_Driver/Inc/Legacy -I../Drivers/CMSIS/Device/ST/STM32F1xx/Include -I../Drivers/CMSIS/Include -Os -ffunction-sections -fdata-sections -g -fstack-usage -Wall -specs=nano.specs -o Drivers/STM32F1xx_HAL_Driver/Src/stm32f1xx_hal_flash.o ../Drivers/STM32F1xx_HAL_Driver/Src/stm32f1xx_hal_flash.c 
arm-atollic-eabi-gcc -c -mthumb -mcpu=cortex-m3 -std=gnu11 -D__weak=__attribute__((weak)) -D__packed=__attribute__((__packed__)) -DUSE_HAL_DRIVER -DSTM32F103xE -I../Inc -I../Drivers/STM32F1xx_HAL_Driver/Inc -I../Drivers/STM32F1xx_HAL_Driver/Inc/Legacy -I../Drivers/CMSIS/Device/ST/STM32F1xx/Include -I../Drivers/CMSIS/Include -Os -ffunction-sections -fdata-sections -g -fstack-usage -Wall -specs=nano.specs -o Drivers/STM32F1xx_HAL_Driver/Src/stm32f1xx_hal_flash_ex.o ../Drivers/STM32F1xx_HAL_Driver/Src/stm32f1xx_hal_flash_ex.c 
arm-atollic-eabi-gcc -c -mthumb -mcpu=cortex-m3 -std=gnu11 -D__weak=__attribute__((weak)) -D__packed=__attribute__((__packed__)) -DUSE_HAL_DRIVER -DSTM32F103xE -I../Inc -I../Drivers/STM32F1xx_HAL_Driver/Inc -I../Drivers/STM32F1xx_HAL_Driver/Inc/Legacy -I../Drivers/CMSIS/Device/ST/STM32F1xx/Include -I../Drivers/CMSIS/Include -Os -ffunction-sections -fdata-sections -g -fstack-usage -Wall -specs=nano.specs -o Drivers/STM32F1xx_HAL_Driver/Src/stm32f1xx_hal_uart.o ../Drivers/STM32F1xx_HAL_Driver/Src/stm32f1xx_hal_uart.c 
arm-atollic-eabi-gcc -c -mthumb -mcpu=cortex-m3 -std=gnu11 -D__weak=__attribute__((weak)) -D__packed=__attribute__((__packed__)) -DUSE_HAL_DRIVER -DSTM32F103xE -I../Inc -I../Drivers/STM32F1xx_HAL_Driver/Inc -I../Drivers/STM32F1xx_HAL_Driver/Inc/Legacy -I../Drivers/CMSIS/Device/ST/STM32F1xx/Include -I../Drivers/CMSIS/Include -Os -ffunction-sections -fdata-sections -g -fstack-usage -Wall -specs=nano.specs -o Drivers/STM32F1xx_HAL_Driver/Src/stm32f1xx_hal_rcc.o ../Drivers/STM32F1xx_HAL_Driver/Src/stm32f1xx_hal_rcc.c 
arm-atollic-eabi-gcc -c -mthumb -mcpu=cortex-m3 -std=gnu11 -D__weak=__attribute__((weak)) -D__packed=__attribute__((__packed__)) -DUSE_HAL_DRIVER -DSTM32F103xE -I../Inc -I../Drivers/STM32F1xx_HAL_Driver/Inc -I../Drivers/STM32F1xx_HAL_Driver/Inc/Legacy -I../Drivers/CMSIS/Device/ST/STM32F1xx/Include -I../Drivers/CMSIS/Include -Os -ffunction-sections -fdata-sections -g -fstack-usage -Wall -specs=nano.specs -o Drivers/STM32F1xx_HAL_Driver/Src/stm32f1xx_hal_pwr.o ../Drivers/STM32F1xx_HAL_Driver/Src/stm32f1xx_hal_pwr.c 
arm-atollic-eabi-gcc -c -mthumb -mcpu=cortex-m3 -std=gnu11 -D__weak=__attribute__((weak)) -D__packed=__attribute__((__packed__)) -DUSE_HAL_DRIVER -DSTM32F103xE -I../Inc -I../Drivers/STM32F1xx_HAL_Driver/Inc -I../Drivers/STM32F1xx_HAL_Driver/Inc/Legacy -I../Drivers/CMSIS/Device/ST/STM32F1xx/Include -I../Drivers/CMSIS/Include -Os -ffunction-sections -fdata-sections -g -fstack-usage -Wall -specs=nano.specs -o Src/spi.o ../Src/spi.c 
arm-atollic-eabi-gcc -o stm32f103rc.elf Drivers/STM32F1xx_HAL_Driver/Src/stm32f1xx_hal.o Drivers/STM32F1xx_HAL_Driver/Src/stm32f1xx_hal_adc.o Drivers/STM32F1xx_HAL_Driver/Src/stm32f1xx_hal_adc_ex.o Drivers/STM32F1xx_HAL_Driver/Src/stm32f1xx_hal_cortex.o Drivers/STM32F1xx_HAL_Driver/Src/stm32f1xx_hal_dma.o Drivers/STM32F1xx_HAL_Driver/Src/stm32f1xx_hal_flash.o Drivers/STM32F1xx_HAL_Driver/Src/stm32f1xx_hal_flash_ex.o Drivers/STM32F1xx_HAL_Driver/Src/stm32f1xx_hal_gpio.o Drivers/STM32F1xx_HAL_Driver/Src/stm32f1xx_hal_gpio_ex.o Drivers/STM32F1xx_HAL_Driver/Src/stm32f1xx_hal_iwdg.o Drivers/STM32F1xx_HAL_Driver/Src/stm32f1xx_hal_pwr.o Drivers/STM32F1xx_HAL_Driver/Src/stm32f1xx_hal_rcc.o Drivers/STM32F1xx_HAL_Driver/Src/stm32f1xx_hal_rcc_ex.o Drivers/STM32F1xx_HAL_Driver/Src/stm32f1xx_hal_spi.o Drivers/STM32F1xx_HAL_Driver/Src/stm32f1xx_hal_spi_ex.o Drivers/STM32F1xx_HAL_Driver/Src/stm32f1xx_hal_tim.o Drivers/STM32F1xx_HAL_Driver/Src/stm32f1xx_hal_tim_ex.o Drivers/STM32F1xx_HAL_Driver/Src/stm32f1xx_hal_uart.o Src/adc.o Src/gpio.o Src/iwdg.o Src/main.o Src/spi.o Src/stm32f1xx_hal_msp.o Src/stm32f1xx_it.o Src/system_stm32f1xx.o Src/usart.o startup/startup_stm32f103xe.o -mthumb -mcpu=cortex-m3 -T../STM32F103RC_FLASH.ld -specs=nosys.specs -static -Wl,-Map=stm32f103rc.map -Wl,--gc-sections -Wl,--defsym=malloc_getpagesize_P=0x80 -Wl,--start-group -lc -lm -Wl,--end-group -specs=nano.specs 
/opt/Atollic_TrueSTUDIO_for_STM32_x86_64_9.1.0/ide/jre/bin/java -jar /opt/Atollic_TrueSTUDIO_for_STM32_x86_64_9.1.0/Tools/arm-atollic-reports.jar sizeinfo list stm32f103rc.elf 
Generate build reports...
Print size information
   text	   data	    bss	    dec	    hex	filename
   5848	     20	   1956	   7824	   1e90	stm32f103rc.elf
Print size information done
Generate listing file
Output sent to: stm32f103rc.list
Generate listing file done
Generate build reports done
/opt/Atollic_TrueSTUDIO_for_STM32_x86_64_9.1.0/ARMTools/bin/arm-atollic-eabi-objcopy -O ihex stm32f103rc.elf stm32f103rc.hex 
/opt/Atollic_TrueSTUDIO_for_STM32_x86_64_9.1.0/ARMTools/bin/arm-atollic-eabi-objcopy -O binary stm32f103rc.elf stm32f103rc.bin 
/opt/Atollic_TrueSTUDIO_for_STM32_x86_64_9.1.0/ARMTools/bin/arm-atollic-eabi-size stm32f103rc.elf 
   text	   data	    bss	    dec	    hex	filename
   5848	     20	   1956	   7824	   1e90	stm32f103rc.elf

19:00:23 Build Finished (took 3s.632ms)

