21:49:14 **** Incremental Build of configuration Debug for project stm32f103rc ****
Info: Internal Builder is used for build
arm-atollic-eabi-gcc -o stm32f103rc.elf Drivers/STM32F1xx_HAL_Driver/Src/stm32f1xx_hal.o Drivers/STM32F1xx_HAL_Driver/Src/stm32f1xx_hal_adc.o Drivers/STM32F1xx_HAL_Driver/Src/stm32f1xx_hal_adc_ex.o Drivers/STM32F1xx_HAL_Driver/Src/stm32f1xx_hal_cortex.o Drivers/STM32F1xx_HAL_Driver/Src/stm32f1xx_hal_dma.o Drivers/STM32F1xx_HAL_Driver/Src/stm32f1xx_hal_flash.o Drivers/STM32F1xx_HAL_Driver/Src/stm32f1xx_hal_flash_ex.o Drivers/STM32F1xx_HAL_Driver/Src/stm32f1xx_hal_gpio.o Drivers/STM32F1xx_HAL_Driver/Src/stm32f1xx_hal_gpio_ex.o Drivers/STM32F1xx_HAL_Driver/Src/stm32f1xx_hal_iwdg.o Drivers/STM32F1xx_HAL_Driver/Src/stm32f1xx_hal_pwr.o Drivers/STM32F1xx_HAL_Driver/Src/stm32f1xx_hal_rcc.o Drivers/STM32F1xx_HAL_Driver/Src/stm32f1xx_hal_rcc_ex.o Drivers/STM32F1xx_HAL_Driver/Src/stm32f1xx_hal_spi.o Drivers/STM32F1xx_HAL_Driver/Src/stm32f1xx_hal_spi_ex.o Drivers/STM32F1xx_HAL_Driver/Src/stm32f1xx_hal_tim.o Drivers/STM32F1xx_HAL_Driver/Src/stm32f1xx_hal_tim_ex.o Drivers/STM32F1xx_HAL_Driver/Src/stm32f1xx_hal_uart.o Src/adc.o Src/gpio.o Src/iwdg.o Src/main.o Src/spi.o Src/stm32f1xx_hal_msp.o Src/stm32f1xx_it.o Src/system_stm32f1xx.o Src/usart.o startup/startup_stm32f103xe.o -mthumb -mcpu=cortex-m3 -T../STM32F103RC_FLASH.ld -specs=nosys.specs -static -Wl,-Map=stm32f103rc.map -Wl,--gc-sections -Wl,--defsym=malloc_getpagesize_P=0x80 -Wl,--start-group -lc -lm -Wl,--end-group -specs=nano.specs 
/opt/Atollic_TrueSTUDIO_for_STM32_x86_64_9.1.0/ide/jre/bin/java -jar /opt/Atollic_TrueSTUDIO_for_STM32_x86_64_9.1.0/Tools/arm-atollic-reports.jar sizeinfo list stm32f103rc.elf 
Generate build reports...
Print size information
   text	   data	    bss	    dec	    hex	filename
   5848	     20	   1956	   7824	   1e90	stm32f103rc.elf
Print size information done
Generate listing file
Output sent to: stm32f103rc.list
Generate listing file done
Generate build reports done
/opt/Atollic_TrueSTUDIO_for_STM32_x86_64_9.1.0/ARMTools/bin/arm-atollic-eabi-objcopy -O ihex stm32f103rc.elf stm32f103rc.hex 
/opt/Atollic_TrueSTUDIO_for_STM32_x86_64_9.1.0/ARMTools/bin/arm-atollic-eabi-objcopy -O binary stm32f103rc.elf stm32f103rc.bin 
/opt/Atollic_TrueSTUDIO_for_STM32_x86_64_9.1.0/ARMTools/bin/arm-atollic-eabi-size stm32f103rc.elf 
   text	   data	    bss	    dec	    hex	filename
   5848	     20	   1956	   7824	   1e90	stm32f103rc.elf

21:49:15 Build Finished (took 673ms)

